Archive member included to satisfy reference by file (symbol)

/Applications/STM32CubeIDE.app/Contents/Eclipse/plugins/com.st.stm32cube.ide.mcu.externaltools.gnu-tools-for-stm32.14.3.rel1.macosaarch64_1.0.0.202602081740/tools/bin/../lib/gcc/arm-none-eabi/14.3.1/../../../../arm-none-eabi/lib/thumb/v6-m/nofp/libc_nano.a(libc_a-exit.o)
                              /Applications/STM32CubeIDE.app/Contents/Eclipse/plugins/com.st.stm32cube.ide.mcu.externaltools.gnu-tools-for-stm32.14.3.rel1.macosaarch64_1.0.0.202602081740/tools/bin/../lib/gcc/arm-none-eabi/14.3.1/../../../../arm-none-eabi/lib/thumb/v6-m/nofp/crt0.o (exit)
/Applications/STM32CubeIDE.app/Contents/Eclipse/plugins/com.st.stm32cube.ide.mcu.externaltools.gnu-tools-for-stm32.14.3.rel1.macosaarch64_1.0.0.202602081740/tools/bin/../lib/gcc/arm-none-eabi/14.3.1/../../../../arm-none-eabi/lib/thumb/v6-m/nofp/libc_nano.a(libc_a-findfp.o)
                              /Applications/STM32CubeIDE.app/Contents/Eclipse/plugins/com.st.stm32cube.ide.mcu.externaltools.gnu-tools-for-stm32.14.3.rel1.macosaarch64_1.0.0.202602081740/tools/bin/../lib/gcc/arm-none-eabi/14.3.1/../../../../arm-none-eabi/lib/thumb/v6-m/nofp/libc_nano.a(libc_a-exit.o) (__stdio_exit_handler)
/Applications/STM32CubeIDE.app/Contents/Eclipse/plugins/com.st.stm32cube.ide.mcu.externaltools.gnu-tools-for-stm32.14.3.rel1.macosaarch64_1.0.0.202602081740/tools/bin/../lib/gcc/arm-none-eabi/14.3.1/../../../../arm-none-eabi/lib/thumb/v6-m/nofp/libc_nano.a(libc_a-fwalk.o)
                              /Applications/STM32CubeIDE.app/Contents/Eclipse/plugins/com.st.stm32cube.ide.mcu.externaltools.gnu-tools-for-stm32.14.3.rel1.macosaarch64_1.0.0.202602081740/tools/bin/../lib/gcc/arm-none-eabi/14.3.1/../../../../arm-none-eabi/lib/thumb/v6-m/nofp/libc_nano.a(libc_a-findfp.o) (_fwalk_sglue)
/Applications/STM32CubeIDE.app/Contents/Eclipse/plugins/com.st.stm32cube.ide.mcu.externaltools.gnu-tools-for-stm32.14.3.rel1.macosaarch64_1.0.0.202602081740/tools/bin/../lib/gcc/arm-none-eabi/14.3.1/../../../../arm-none-eabi/lib/thumb/v6-m/nofp/libc_nano.a(libc_a-printf.o)
                              ./Application/User/main.o (printf)
/Applications/STM32CubeIDE.app/Contents/Eclipse/plugins/com.st.stm32cube.ide.mcu.externaltools.gnu-tools-for-stm32.14.3.rel1.macosaarch64_1.0.0.202602081740/tools/bin/../lib/gcc/arm-none-eabi/14.3.1/../../../../arm-none-eabi/lib/thumb/v6-m/nofp/libc_nano.a(libc_a-puts.o)
                              ./Application/User/main.o (puts)
/Applications/STM32CubeIDE.app/Contents/Eclipse/plugins/com.st.stm32cube.ide.mcu.externaltools.gnu-tools-for-stm32.14.3.rel1.macosaarch64_1.0.0.202602081740/tools/bin/../lib/gcc/arm-none-eabi/14.3.1/../../../../arm-none-eabi/lib/thumb/v6-m/nofp/libc_nano.a(libc_a-memset.o)
                              /Applications/STM32CubeIDE.app/Contents/Eclipse/plugins/com.st.stm32cube.ide.mcu.externaltools.gnu-tools-for-stm32.14.3.rel1.macosaarch64_1.0.0.202602081740/tools/bin/../lib/gcc/arm-none-eabi/14.3.1/../../../../arm-none-eabi/lib/thumb/v6-m/nofp/crt0.o (memset)
/Applications/STM32CubeIDE.app/Contents/Eclipse/plugins/com.st.stm32cube.ide.mcu.externaltools.gnu-tools-for-stm32.14.3.rel1.macosaarch64_1.0.0.202602081740/tools/bin/../lib/gcc/arm-none-eabi/14.3.1/../../../../arm-none-eabi/lib/thumb/v6-m/nofp/libc_nano.a(libc_a-errno.o)
                              ./Application/User/syscalls.o (__errno)
/Applications/STM32CubeIDE.app/Contents/Eclipse/plugins/com.st.stm32cube.ide.mcu.externaltools.gnu-tools-for-stm32.14.3.rel1.macosaarch64_1.0.0.202602081740/tools/bin/../lib/gcc/arm-none-eabi/14.3.1/../../../../arm-none-eabi/lib/thumb/v6-m/nofp/libc_nano.a(libc_a-init.o)
                              /Applications/STM32CubeIDE.app/Contents/Eclipse/plugins/com.st.stm32cube.ide.mcu.externaltools.gnu-tools-for-stm32.14.3.rel1.macosaarch64_1.0.0.202602081740/tools/bin/../lib/gcc/arm-none-eabi/14.3.1/../../../../arm-none-eabi/lib/thumb/v6-m/nofp/crt0.o (__libc_init_array)
/Applications/STM32CubeIDE.app/Contents/Eclipse/plugins/com.st.stm32cube.ide.mcu.externaltools.gnu-tools-for-stm32.14.3.rel1.macosaarch64_1.0.0.202602081740/tools/bin/../lib/gcc/arm-none-eabi/14.3.1/../../../../arm-none-eabi/lib/thumb/v6-m/nofp/libc_nano.a(libc_a-lock.o)
                              /Applications/STM32CubeIDE.app/Contents/Eclipse/plugins/com.st.stm32cube.ide.mcu.externaltools.gnu-tools-for-stm32.14.3.rel1.macosaarch64_1.0.0.202602081740/tools/bin/../lib/gcc/arm-none-eabi/14.3.1/../../../../arm-none-eabi/lib/thumb/v6-m/nofp/libc_nano.a(libc_a-findfp.o) (__retarget_lock_init_recursive)
/Applications/STM32CubeIDE.app/Contents/Eclipse/plugins/com.st.stm32cube.ide.mcu.externaltools.gnu-tools-for-stm32.14.3.rel1.macosaarch64_1.0.0.202602081740/tools/bin/../lib/gcc/arm-none-eabi/14.3.1/../../../../arm-none-eabi/lib/thumb/v6-m/nofp/libc_nano.a(libc_a-impure.o)
[...]
Memory Configuration

Name             Origin             Length             Attributes
RAM              0x20000000         0x00007800         xrw
FLASH            0x08000000         0x00040000         xr
*default*        0x00000000         0xffffffff

Linker script and memory map

LOAD /Applications/STM32CubeIDE.app/Contents/Eclipse/plugins/com.st.stm32cube.ide.mcu.externaltools.gnu-tools-for-stm32.14.3.rel1.macosaarch64_1.0.0.202602081740/tools/bin/../lib/gcc/arm-none-eabi/14.3.1/thumb/v6-m/nofp/crti.o
LOAD /Applications/STM32CubeIDE.app/Contents/Eclipse/plugins/com.st.stm32cube.ide.mcu.externaltools.gnu-tools-for-stm32.14.3.rel1.macosaarch64_1.0.0.202602081740/tools/bin/../lib/gcc/arm-none-eabi/14.3.1/thumb/v6-m/nofp/crtbegin.o
LOAD /Applications/STM32CubeIDE.app/Contents/Eclipse/plugins/com.st.stm32cube.ide.mcu.externaltools.gnu-tools-for-stm32.14.3.rel1.macosaarch64_1.0.0.202602081740/tools/bin/../lib/gcc/arm-none-eabi/14.3.1/../../../../arm-none-eabi/lib/thumb/v6-m/nofp/crt0.o
LOAD ./Application/Startup/startup_stm32c092rctx.o
LOAD ./Application/User/main.o
LOAD ./Application/User/stm32c0xx_hal_msp.o
LOAD ./Application/User/stm32c0xx_it.o
LOAD ./Application/User/syscalls.o
LOAD ./Application/User/sysmem.o
LOAD ./Drivers/BSP/STM32C0xx_Nucleo/stm32c0xx_nucleo.o
LOAD ./Drivers/CMSIS/system_stm32c0xx.o
LOAD ./Drivers/STM32C0xx_HAL_Driver/stm32c0xx_hal.o
LOAD ./Drivers/STM32C0xx_HAL_Driver/stm32c0xx_hal_adc.o
LOAD ./Drivers/STM32C0xx_HAL_Driver/stm32c0xx_hal_adc_ex.o
LOAD ./Drivers/STM32C0xx_HAL_Driver/stm32c0xx_hal_cortex.o
LOAD ./Drivers/STM32C0xx_HAL_Driver/stm32c0xx_hal_dma.o
LOAD ./Drivers/STM32C0xx_HAL_Driver/stm32c0xx_hal_dma_ex.o
LOAD ./Drivers/STM32C0xx_HAL_Driver/stm32c0xx_hal_exti.o
LOAD ./Drivers/STM32C0xx_HAL_Driver/stm32c0xx_hal_fdcan.o
LOAD ./Drivers/STM32C0xx_HAL_Driver/stm32c0xx_hal_flash.o
LOAD ./Drivers/STM32C0xx_HAL_Driver/stm32c0xx_hal_flash_ex.o
LOAD ./Drivers/STM32C0xx_HAL_Driver/stm32c0xx_hal_gpio.o
LOAD ./Drivers/STM32C0xx_HAL_Driver/stm32c0xx_hal_i2c.o
LOAD ./Drivers/STM32C0xx_HAL_Driver/stm32c0xx_hal_i2c_ex.o
LOAD ./Drivers/STM32C0xx_HAL_Driver/stm32c0xx_hal_pwr.o
LOAD ./Drivers/STM32C0xx_HAL_Driver/stm32c0xx_hal_pwr_ex.o
LOAD ./Drivers/STM32C0xx_HAL_Driver/stm32c0xx_hal_rcc.o
LOAD ./Drivers/STM32C0xx_HAL_Driver/stm32c0xx_hal_rcc_ex.o
LOAD ./Drivers/STM32C0xx_HAL_Driver/stm32c0xx_hal_tim.o
LOAD ./Drivers/STM32C0xx_HAL_Driver/stm32c0xx_hal_tim_ex.o
LOAD ./Drivers/STM32C0xx_HAL_Driver/stm32c0xx_hal_uart.o
LOAD ./Drivers/STM32C0xx_HAL_Driver/stm32c0xx_hal_uart_ex.o
LOAD ./Drivers/STM32C0xx_HAL_Driver/stm32c0xx_hal_usart.o
LOAD ./Drivers/STM32C0xx_HAL_Driver/stm32c0xx_hal_usart_ex.o
START GROUP
LOAD /Applications/STM32CubeIDE.app/Contents/Eclipse/plugins/com.st.stm32cube.ide.mcu.externaltools.gnu-tools-for-stm32.14.3.rel1.macosaarch64_1.0.0.202602081740/tools/bin/../lib/gcc/arm-none-eabi/14.3.1/../../../../arm-none-eabi/lib/thumb/v6-m/nofp/libc_nano.a
LOAD /Applications/STM32CubeIDE.app/Contents/Eclipse/plugins/com.st.stm32cube.ide.mcu.externaltools.gnu-tools-for-stm32.14.3.rel1.macosaarch64_1.0.0.202602081740/tools/bin/../lib/gcc/arm-none-eabi/14.3.1/../../../../arm-none-eabi/lib/thumb/v6-m/nofp/libm.a
END GROUP
START GROUP
LOAD /Applications/STM32CubeIDE.app/Contents/Eclipse/plugins/com.st.stm32cube.ide.mcu.externaltools.gnu-tools-for-stm32.14.3.rel1.macosaarch64_1.0.0.202602081740/tools/bin/../lib/gcc/arm-none-eabi/14.3.1/thumb/v6-m/nofp/libgcc.a
LOAD /Applications/STM32CubeIDE.app/Contents/Eclipse/plugins/com.st.stm32cube.ide.mcu.externaltools.gnu-tools-for-stm32.14.3.rel1.macosaarch64_1.0.0.202602081740/tools/bin/../lib/gcc/arm-none-eabi/14.3.1/../../../../arm-none-eabi/lib/thumb/v6-m/nofp/libc_nano.a
END GROUP
START GROUP
LOAD /Applications/STM32CubeIDE.app/Contents/Eclipse/plugins/com.st.stm32cube.ide.mcu.externaltools.gnu-tools-for-stm32.14.3.rel1.macosaarch64_1.0.0.202602081740/tools/bin/../lib/gcc/arm-none-eabi/14.3.1/thumb/v6-m/nofp/libgcc.a
LOAD /Applications/STM32CubeIDE.app/Contents/Eclipse/plugins/com.st.stm32cube.ide.mcu.externaltools.gnu-tools-for-stm32.14.3.rel1.macosaarch64_1.0.0.202602081740/tools/bin/../lib/gcc/arm-none-eabi/14.3.1/../../../../arm-none-eabi/lib/thumb/v6-m/nofp/libc_nano.a
LOAD /Applications/STM32CubeIDE.app/Contents/Eclipse/plugins/com.st.stm32cube.ide.mcu.externaltools.gnu-tools-for-stm32.14.3.rel1.macosaarch64_1.0.0.202602081740/tools/bin/../lib/gcc/arm-none-eabi/14.3.1/../../../../arm-none-eabi/lib/thumb/v6-m/nofp/libnosys.a
END GROUP
START GROUP
LOAD /Applications/STM32CubeIDE.app/Contents/Eclipse/plugins/com.st.stm32cube.ide.mcu.externaltools.gnu-tools-for-stm32.14.3.rel1.macosaarch64_1.0.0.202602081740/tools/bin/../lib/gcc/arm-none-eabi/14.3.1/thumb/v6-m/nofp/libgcc.a
LOAD /Applications/STM32CubeIDE.app/Contents/Eclipse/plugins/com.st.stm32cube.ide.mcu.externaltools.gnu-tools-for-stm32.14.3.rel1.macosaarch64_1.0.0.202602081740/tools/bin/../lib/gcc/arm-none-eabi/14.3.1/../../../../arm-none-eabi/lib/thumb/v6-m/nofp/libc_nano.a
LOAD /Applications/STM32CubeIDE.app/Contents/Eclipse/plugins/com.st.stm32cube.ide.mcu.externaltools.gnu-tools-for-stm32.14.3.rel1.macosaarch64_1.0.0.202602081740/tools/bin/../lib/gcc/arm-none-eabi/14.3.1/../../../../arm-none-eabi/lib/thumb/v6-m/nofp/libnosys.a
END GROUP
LOAD /Applications/STM32CubeIDE.app/Contents/Eclipse/plugins/com.st.stm32cube.ide.mcu.externaltools.gnu-tools-for-stm32.14.3.rel1.macosaarch64_1.0.0.202602081740/tools/bin/../lib/gcc/arm-none-eabi/14.3.1/thumb/v6-m/nofp/crtend.o
LOAD /Applications/STM32CubeIDE.app/Contents/Eclipse/plugins/com.st.stm32cube.ide.mcu.externaltools.gnu-tools-for-stm32.14.3.rel1.macosaarch64_1.0.0.202602081740/tools/bin/../lib/gcc/arm-none-eabi/14.3.1/thumb/v6-m/nofp/crtn.o
                0x20007800                        _estack = (ORIGIN (RAM) + LENGTH (RAM))
                0x00000200                        _Min_Heap_Size = 0x200
                0x00000400                        _Min_Stack_Size = 0x400

.isr_vector     0x08000000       0xc0
                0x08000000                        . = ALIGN (0x4)
 *(.isr_vector)
 .isr_vector    0x08000000       0xc0 ./Application/Startup/startup_stm32c092rctx.o
                0x08000000                g_pfnVectors
                0x080000c0                        . = ALIGN (0x4)

.text           0x080000c0     0x8600
                0x080000c0                        . = ALIGN (0x4)
 *(.text)
 .text          0x080000c0       0x48 /Applications/STM32CubeIDE.app/Contents/Eclipse/plugins/com.st.stm32cube.ide.mcu.externaltools.gnu-tools-for-stm32.14.3.rel1.macosaarch64_1.0.0.202602081740/tools/bin/../lib/gcc/arm-none-eabi/14.3.1/thumb/v6-m/nofp/crtbegin.o
 .text          0x08000108       0x14 /Applications/STM32CubeIDE.app/Contents/Eclipse/plugins/com.st.stm32cube.ide.mcu.externaltools.gnu-tools-for-stm32.14.3.rel1.macosaarch64_1.0.0.202602081740/tools/bin/../lib/gcc/arm-none-eabi/14.3.1/thumb/v6-m/nofp/libgcc.a(_thumb1_case_shi.o)
                0x08000108                __gnu_thumb1_case_shi
 .text          0x0800011c      0x114 /Applications/STM32CubeIDE.app/Contents/Eclipse/plugins/com.st.stm32cube.ide.mcu.externaltools.gnu-tools-for-stm32.14.3.rel1.macosaarch64_1.0.0.202602081740/tools/bin/../lib/gcc/arm-none-eabi/14.3.1/thumb/v6-m/nofp/libgcc.a(_udivsi3.o)
                0x0800011c                __udivsi3
                0x0800011c                __aeabi_uidiv
                0x08000228                __aeabi_uidivmod
 .text          0x08000230      0x1d4 /Applications/STM32CubeIDE.app/Contents/Eclipse/plugins/com.st.stm32cube.ide.mcu.externaltools.gnu-tools-for-stm32.14.3.rel1.macosaarch64_1.0.0.202602081740/tools/bin/../lib/gcc/arm-none-eabi/14.3.1/thumb/v6-m/nofp/libgcc.a(_divsi3.o)
                0x08000230                __aeabi_idiv
                0x08000230                __divsi3
                0x080003fc                __aeabi_idivmod
 .text          0x08000404        0x4 /Applications/STM32CubeIDE.app/Contents/Eclipse/plugins/com.st.stm32cube.ide.mcu.externaltools.gnu-tools-for-stm32.14.3.rel1.macosaarch64_1.0.0.202602081740/tools/bin/../lib/gcc/arm-none-eabi/14.3.1/thumb/v6-m/nofp/libgcc.a(_dvmd_tls.o)
                0x08000404                __aeabi_ldiv0
                0x08000404                __aeabi_idiv0
 .text          0x08000408       0x74 /Applications/STM32CubeIDE.app/Contents/Eclipse/plugins/com.st.stm32cube.ide.mcu.externaltools.gnu-tools-for-stm32.14.3.rel1.macosaarch64_1.0.0.202602081740/tools/bin/../lib/gcc/arm-none-eabi/14.3.1/thumb/v6-m/nofp/libgcc.a(_arm_cmpsf2.o)
                0x08000408                __aeabi_cfrcmple
                0x08000410                __aeabi_cfcmple
                0x08000410                __aeabi_cfcmpeq
                0x08000420                __aeabi_fcmpeq
                0x0800042c                __aeabi_fcmplt
                0x08000440                __aeabi_fcmple
                0x08000454                __aeabi_fcmpgt
                0x08000468                __aeabi_fcmpge
 .text          0x0800047c       0x30 /Applications/STM32CubeIDE.app/Contents/Eclipse/plugins/com.st.stm32cube.ide.mcu.externaltools.gnu-tools-for-stm32.14.3.rel1.macosaarch64_1.0.0.202602081740/tools/bin/../lib/gcc/arm-none-eabi/14.3.1/thumb/v6-m/nofp/libgcc.a(_fixunssfsi.o)
                0x0800047c                __aeabi_f2uiz
                0x0800047c                __fixunssfsi
 .text          0x080004ac      0x41c /Applications/STM32CubeIDE.app/Contents/Eclipse/plugins/com.st.stm32cube.ide.mcu.externaltools.gnu-tools-for-stm32.14.3.rel1.macosaarch64_1.0.0.202602081740/tools/bin/../lib/gcc/arm-none-eabi/14.3.1/thumb/v6-m/nofp/libgcc.a(addsf3.o)
                0x080004ac                __aeabi_fadd
 .text          0x080008c8      0x22c /Applications/STM32CubeIDE.app/Contents/Eclipse/plugins/com.st.stm32cube.ide.mcu.externaltools.gnu-tools-for-stm32.14.3.rel1.macosaarch64_1.0.0.202602081740/tools/bin/../lib/gcc/arm-none-eabi/14.3.1/thumb/v6-m/nofp/libgcc.a(divsf3.o)
                0x080008c8                __aeabi_fdiv
 .text          0x08000af4       0x50 /Applications/STM32CubeIDE.app/Contents/Eclipse/plugins/com.st.stm32cube.ide.mcu.externaltools.gnu-tools-for-stm32.14.3.rel1.macosaarch64_1.0.0.202602081740/tools/bin/../lib/gcc/arm-none-eabi/14.3.1/thumb/v6-m/nofp/libgcc.a(eqsf2.o)
                0x08000af4                __nesf2
                0x08000af4                __eqsf2
 .text          0x08000b44       0x90 /Applications/STM32CubeIDE.app/Contents/Eclipse/plugins/com.st.stm32cube.ide.mcu.externaltools.gnu-tools-for-stm32.14.3.rel1.macosaarch64_1.0.0.202602081740/tools/bin/../lib/gcc/arm-none-eabi/14.3.1/thumb/v6-m/nofp/libgcc.a(gesf2.o)
                0x08000b44                __gtsf2
                0x08000b44                __gesf2
 .text          0x08000bd4       0x90 /Applications/STM32CubeIDE.app/Contents/Eclipse/plugins/com.st.stm32cube.ide.mcu.externaltools.gnu-tools-for-stm32.14.3.rel1.macosaarch64_1.0.0.202602081740/tools/bin/../lib/gcc/arm-none-eabi/14.3.1/thumb/v6-m/nofp/libgcc.a(lesf2.o)
                0x08000bd4                __lesf2
                0x08000bd4                __ltsf2
 .text          0x08000c64      0x2a4 /Applications/STM32CubeIDE.app/Contents/Eclipse/plugins/com.st.stm32cube.ide.mcu.externaltools.gnu-tools-for-stm32.14.3.rel1.macosaarch64_1.0.0.202602081740/tools/bin/../lib/gcc/arm-none-eabi/14.3.1/thumb/v6-m/nofp/libgcc.a(mulsf3.o)
                0x08000c64                __aeabi_fmul
 .text          0x08000f08      0x484 /Applications/STM32CubeIDE.app/Contents/Eclipse/plugins/com.st.stm32cube.ide.mcu.externaltools.gnu-tools-for-stm32.14.3.rel1.macosaarch64_1.0.0.202602081740/tools/bin/../lib/gcc/arm-none-eabi/14.3.1/thumb/v6-m/nofp/libgcc.a(subsf3.o)
                0x08000f08                __aeabi_fsub
 .text          0x0800138c       0x40 /Applications/STM32CubeIDE.app/Contents/Eclipse/plugins/com.st.stm32cube.ide.mcu.externaltools.gnu-tools-for-stm32.14.3.rel1.macosaarch64_1.0.0.202602081740/tools/bin/../lib/gcc/arm-none-eabi/14.3.1/thumb/v6-m/nofp/libgcc.a(fixsfsi.o)
                0x0800138c                __aeabi_f2iz
 .text          0x080013cc       0xa0 /Applications/STM32CubeIDE.app/Contents/Eclipse/plugins/com.st.stm32cube.ide.mcu.externaltools.gnu-tools-for-stm32.14.3.rel1.macosaarch64_1.0.0.202602081740/tools/bin/../lib/gcc/arm-none-eabi/14.3.1/thumb/v6-m/nofp/libgcc.a(floatsisf.o)
                0x080013cc                __aeabi_i2f
 .text          0x0800146c       0x3c /Applications/STM32CubeIDE.app/Contents/Eclipse/plugins/com.st.stm32cube.ide.mcu.externaltools.gnu-tools-for-stm32.14.3.rel1.macosaarch64_1.0.0.202602081740/tools/bin/../lib/gcc/arm-none-eabi/14.3.1/thumb/v6-m/nofp/libgcc.a(_clzsi2.o)
                0x0800146c                __clzsi2
 *(.text*)
 .text.Reset_Handler
                0x080014a8       0x50 ./Application/Startup/startup_stm32c092rctx.o
                0x080014a8                Reset_Handler
 .text.Default_Handler
                0x080014f8        0x2 ./Application/Startup/startup_stm32c092rctx.o
                0x080014f8                TIM1_BRK_UP_TRG_COM_IRQHandler
                0x080014f8                I2C1_IRQHandler
                0x080014f8                FDCAN1_IT1_IRQHandler
                0x080014f8                SPI1_IRQHandler
                0x080014f8                USART3_4_IRQHandler
                0x080014f8                EXTI2_3_IRQHandler
                0x080014f8                ADC1_IRQHandler
                0x080014f8                I2C2_IRQHandler
                0x080014f8                TIM17_IRQHandler
                0x080014f8                RTC_IRQHandler
                0x080014f8                TIM16_IRQHandler
                0x080014f8                TIM3_IRQHandler
                0x080014f8                RCC_IRQHandler
                0x080014f8                DMA1_Channel1_IRQHandler
                0x080014f8                Default_Handler
                0x080014f8                TIM14_IRQHandler
                0x080014f8                TIM15_IRQHandler
                0x080014f8                EXTI0_1_IRQHandler
                0x080014f8                SPI2_IRQHandler
                0x080014f8                WWDG_IRQHandler
                0x080014f8                FDCAN1_IT0_IRQHandler
                0x080014f8                DMA1_Channel2_3_IRQHandler
                0x080014f8                DMAMUX1_DMA1_CH4_5_IRQHandler
                0x080014f8                USART2_IRQHandler
                0x080014f8                FLASH_IRQHandler
                0x080014f8                USART1_IRQHandler
                0x080014f8                TIM1_CC_IRQHandler
 *fill*         0x080014fa        0x2 
 .text.writeINA219
                0x080014fc       0x44 ./Application/User/main.o
                0x080014fc                writeINA219
 .text.readINA219
                0x08001540       0x5c ./Application/User/main.o
                0x08001540                readINA219
 .text.init_ina219
                0x0800159c       0x38 ./Application/User/main.o
                0x0800159c                init_ina219
 .text.read_ina219
                0x080015d4       0x38 ./Application/User/main.o
                0x080015d4                read_ina219
 .text.read_adc
                0x0800160c       0x44 ./Application/User/main.o
                0x0800160c                read_adc
 .text.motor_off
                0x08001650       0x24 ./Application/User/main.o
                0x08001650                motor_off
 .text.set_motor
                0x08001674       0x90 ./Application/User/main.o
                0x08001674                set_motor
 .text.main     0x08001704      0x170 ./Application/User/main.o
                0x08001704                main
 .text.SystemClock_Config
                0x08001874       0x9c ./Application/User/main.o
                0x08001874                SystemClock_Config
 .text.MX_ADC1_Init
                0x08001910       0xcc ./Application/User/main.o
 .text.MX_FDCAN1_Init
                0x080019dc       0x90 ./Application/User/main.o
 .text.MX_I2C1_Init
                0x08001a6c       0x80 ./Application/User/main.o
 .text.MX_TIM1_Init
                0x08001aec      0x1ac ./Application/User/main.o
 .text.MX_TIM2_Init
                0x08001c98       0xa8 ./Application/User/main.o
 .text.MX_GPIO_Init
                0x08001d40       0x5c ./Application/User/main.o
 .text.HAL_TIM_PeriodElapsedCallback
                0x08001d9c      0x138 ./Application/User/main.o
                0x08001d9c                HAL_TIM_PeriodElapsedCallback
 .text.BSP_PB_Callback
                0x08001ed4       0x28 ./Application/User/main.o
                0x08001ed4                BSP_PB_Callback
 .text.Error_Handler
                0x08001efc       0x1c ./Application/User/main.o
                0x08001efc                Error_Handler
 .text.HAL_MspInit
                0x08001f18       0x48 ./Application/User/stm32c0xx_hal_msp.o
                0x08001f18                HAL_MspInit
 .text.HAL_ADC_MspInit
                0x08001f60       0xb4 ./Application/User/stm32c0xx_hal_msp.o
                0x08001f60                HAL_ADC_MspInit
 .text.HAL_FDCAN_MspInit
                0x08002014       0xc4 ./Application/User/stm32c0xx_hal_msp.o
                0x08002014                HAL_FDCAN_MspInit
 .text.HAL_I2C_MspInit
                0x080020d8       0xc4 ./Application/User/stm32c0xx_hal_msp.o
                0x080020d8                HAL_I2C_MspInit
 .text.HAL_TIM_Base_MspInit
                0x0800219c       0x74 ./Application/User/stm32c0xx_hal_msp.o
                0x0800219c                HAL_TIM_Base_MspInit
 .text.HAL_TIM_MspPostInit
                0x08002210       0xa8 ./Application/User/stm32c0xx_hal_msp.o
                0x08002210                HAL_TIM_MspPostInit
 .text.NMI_Handler
                0x080022b8        0xa ./Application/User/stm32c0xx_it.o
                0x080022b8                NMI_Handler
 .text.HardFault_Handler
                0x080022c2        0x8 ./Application/User/stm32c0xx_it.o
                0x080022c2                HardFault_Handler
 .text.SVC_Handler
                0x080022ca        0xa ./Application/User/stm32c0xx_it.o
                0x080022ca                SVC_Handler
 .text.PendSV_Handler
                0x080022d4        0xa ./Application/User/stm32c0xx_it.o
                0x080022d4                PendSV_Handler
 .text.SysTick_Handler
                0x080022de        0xe ./Application/User/stm32c0xx_it.o
                0x080022de                SysTick_Handler
 .text.EXTI4_15_IRQHandler
                0x080022ec       0x10 ./Application/User/stm32c0xx_it.o
                0x080022ec                EXTI4_15_IRQHandler
 .text.TIM2_IRQHandler
                0x080022fc       0x18 ./Application/User/stm32c0xx_it.o
                0x080022fc                TIM2_IRQHandler
 .text._read    0x08002314       0x3a ./Application/User/syscalls.o
                0x08002314                _read
 .text._write   0x0800234e       0x38 ./Application/User/syscalls.o
                0x0800234e                _write
 .text._close   0x08002386       0x14 ./Application/User/syscalls.o
                0x08002386                _close
 .text._fstat   0x0800239a       0x1c ./Application/User/syscalls.o
                0x0800239a                _fstat
 .text._isatty  0x080023b6       0x12 ./Application/User/syscalls.o
                0x080023b6                _isatty
 .text._lseek   0x080023c8       0x16 ./Application/User/syscalls.o
                0x080023c8                _lseek
 *fill*         0x080023de        0x2 
 .text._sbrk    0x080023e0       0x6c ./Application/User/sysmem.o
                0x080023e0                _sbrk
 .text.BSP_LED_Init
                0x0800244c       0xd4 ./Drivers/BSP/STM32C0xx_Nucleo/stm32c0xx_nucleo.o
                0x0800244c                BSP_LED_Init
 .text.BSP_LED_Off
                0x08002520       0x7c ./Drivers/BSP/STM32C0xx_Nucleo/stm32c0xx_nucleo.o
                0x08002520                BSP_LED_Off
 .text.BSP_LED_Toggle
                0x0800259c       0x54 ./Drivers/BSP/STM32C0xx_Nucleo/stm32c0xx_nucleo.o
                0x0800259c                BSP_LED_Toggle
 .text.BSP_PB_Init
                0x080025f0      0x108 ./Drivers/BSP/STM32C0xx_Nucleo/stm32c0xx_nucleo.o
                0x080025f0                BSP_PB_Init
 .text.BSP_PB_IRQHandler
                0x080026f8       0x30 ./Drivers/BSP/STM32C0xx_Nucleo/stm32c0xx_nucleo.o
                0x080026f8                BSP_PB_IRQHandler
 .text.BSP_COM_Init
                0x08002728       0x64 ./Drivers/BSP/STM32C0xx_Nucleo/stm32c0xx_nucleo.o
                0x08002728                BSP_COM_Init
 .text.MX_USART2_Init
                0x0800278c       0x6c ./Drivers/BSP/STM32C0xx_Nucleo/stm32c0xx_nucleo.o
                0x0800278c                MX_USART2_Init
 .text.__io_putchar
                0x080027f8       0x34 ./Drivers/BSP/STM32C0xx_Nucleo/stm32c0xx_nucleo.o
                0x080027f8                __io_putchar
 .text.BUTTON_USER_EXTI_Callback
                0x0800282c       0x10 ./Drivers/BSP/STM32C0xx_Nucleo/stm32c0xx_nucleo.o
 .text.COM1_MspInit
                0x0800283c       0xb0 ./Drivers/BSP/STM32C0xx_Nucleo/stm32c0xx_nucleo.o
 .text.SystemInit
                0x080028ec       0x18 ./Drivers/CMSIS/system_stm32c0xx.o
                0x080028ec                SystemInit
 .text.HAL_Init
                0x08002904       0x2e ./Drivers/STM32C0xx_HAL_Driver/stm32c0xx_hal.o
                0x08002904                HAL_Init
 *fill*         0x08002932        0x2 
 .text.HAL_InitTick
                0x08002934       0x94 ./Drivers/STM32C0xx_HAL_Driver/stm32c0xx_hal.o
                0x08002934                HAL_InitTick
 .text.HAL_IncTick
                0x080029c8       0x24 ./Drivers/STM32C0xx_HAL_Driver/stm32c0xx_hal.o
                0x080029c8                HAL_IncTick
 .text.HAL_GetTick
                0x080029ec       0x14 ./Drivers/STM32C0xx_HAL_Driver/stm32c0xx_hal.o
                0x080029ec                HAL_GetTick
 .text.HAL_Delay
                0x08002a00       0x48 ./Drivers/STM32C0xx_HAL_Driver/stm32c0xx_hal.o
                0x08002a00                HAL_Delay
 .text.LL_ADC_SetCommonPathInternalCh
                0x08002a48       0x28 ./Drivers/STM32C0xx_HAL_Driver/stm32c0xx_hal_adc.o
 .text.LL_ADC_GetCommonPathInternalCh
                0x08002a70       0x1a ./Drivers/STM32C0xx_HAL_Driver/stm32c0xx_hal_adc.o
 .text.LL_ADC_SetSamplingTimeCommonChannels
                0x08002a8a       0x3a ./Drivers/STM32C0xx_HAL_Driver/stm32c0xx_hal_adc.o
 .text.LL_ADC_GetSamplingTimeCommonChannels
                0x08002ac4       0x2e ./Drivers/STM32C0xx_HAL_Driver/stm32c0xx_hal_adc.o
 .text.LL_ADC_REG_IsTriggerSourceSWStart
                0x08002af2       0x22 ./Drivers/STM32C0xx_HAL_Driver/stm32c0xx_hal_adc.o
 .text.LL_ADC_REG_SetSequencerRanks
                0x08002b14       0x40 ./Drivers/STM32C0xx_HAL_Driver/stm32c0xx_hal_adc.o
 .text.LL_ADC_REG_SetSequencerChAdd
                0x08002b54       0x22 ./Drivers/STM32C0xx_HAL_Driver/stm32c0xx_hal_adc.o
 .text.LL_ADC_REG_SetSequencerChRem
                0x08002b76       0x24 ./Drivers/STM32C0xx_HAL_Driver/stm32c0xx_hal_adc.o
 *fill*         0x08002b9a        0x2 
 .text.LL_ADC_SetChannelSamplingTime
                0x08002b9c       0x38 ./Drivers/STM32C0xx_HAL_Driver/stm32c0xx_hal_adc.o
 .text.LL_ADC_EnableInternalRegulator
                0x08002bd4       0x28 ./Drivers/STM32C0xx_HAL_Driver/stm32c0xx_hal_adc.o
 .text.LL_ADC_IsInternalRegulatorEnabled
                0x08002bfc       0x28 ./Drivers/STM32C0xx_HAL_Driver/stm32c0xx_hal_adc.o
 .text.LL_ADC_Enable
                0x08002c24       0x24 ./Drivers/STM32C0xx_HAL_Driver/stm32c0xx_hal_adc.o
 .text.LL_ADC_Disable
                0x08002c48       0x24 ./Drivers/STM32C0xx_HAL_Driver/stm32c0xx_hal_adc.o
 .text.LL_ADC_IsEnabled
                0x08002c6c       0x22 ./Drivers/STM32C0xx_HAL_Driver/stm32c0xx_hal_adc.o
 .text.LL_ADC_IsDisableOngoing
                0x08002c8e       0x22 ./Drivers/STM32C0xx_HAL_Driver/stm32c0xx_hal_adc.o
 .text.LL_ADC_REG_StartConversion
                0x08002cb0       0x24 ./Drivers/STM32C0xx_HAL_Driver/stm32c0xx_hal_adc.o
 .text.LL_ADC_REG_StopConversion
                0x08002cd4       0x24 ./Drivers/STM32C0xx_HAL_Driver/stm32c0xx_hal_adc.o
 .text.LL_ADC_REG_IsConversionOngoing
                0x08002cf8       0x22 ./Drivers/STM32C0xx_HAL_Driver/stm32c0xx_hal_adc.o
 *fill*         0x08002d1a        0x2 
 .text.HAL_ADC_Init
                0x08002d1c      0x34c ./Drivers/STM32C0xx_HAL_Driver/stm32c0xx_hal_adc.o
                0x08002d1c                HAL_ADC_Init
 .text.HAL_ADC_Start
                0x08003068       0x9c ./Drivers/STM32C0xx_HAL_Driver/stm32c0xx_hal_adc.o
                0x08003068                HAL_ADC_Start
 .text.HAL_ADC_Stop
                0x08003104       0x78 ./Drivers/STM32C0xx_HAL_Driver/stm32c0xx_hal_adc.o
                0x08003104                HAL_ADC_Stop
 .text.HAL_ADC_PollForConversion
                0x0800317c      0x11c ./Drivers/STM32C0xx_HAL_Driver/stm32c0xx_hal_adc.o
                0x0800317c                HAL_ADC_PollForConversion
 .text.HAL_ADC_GetValue
                0x08003298       0x16 ./Drivers/STM32C0xx_HAL_Driver/stm32c0xx_hal_adc.o
                0x08003298                HAL_ADC_GetValue
 *fill*         0x080032ae        0x2 
 .text.HAL_ADC_ConfigChannel
                0x080032b0      0x3ac ./Drivers/STM32C0xx_HAL_Driver/stm32c0xx_hal_adc.o
                0x080032b0                HAL_ADC_ConfigChannel
 .text.ADC_ConversionStop
                0x0800365c       0x78 ./Drivers/STM32C0xx_HAL_Driver/stm32c0xx_hal_adc.o
                0x0800365c                ADC_ConversionStop
 .text.ADC_Enable
                0x080036d4       0xfc ./Drivers/STM32C0xx_HAL_Driver/stm32c0xx_hal_adc.o
                0x080036d4                ADC_Enable
 .text.ADC_Disable
                0x080037d0       0xb0 ./Drivers/STM32C0xx_HAL_Driver/stm32c0xx_hal_adc.o
                0x080037d0                ADC_Disable
 .text.__NVIC_EnableIRQ
                0x08003880       0x34 ./Drivers/STM32C0xx_HAL_Driver/stm32c0xx_hal_cortex.o
 .text.__NVIC_SetPriority
                0x080038b4       0xdc ./Drivers/STM32C0xx_HAL_Driver/stm32c0xx_hal_cortex.o
 .text.SysTick_Config
                0x08003990       0x48 ./Drivers/STM32C0xx_HAL_Driver/stm32c0xx_hal_cortex.o
 .text.HAL_NVIC_SetPriority
                0x080039d8       0x2a ./Drivers/STM32C0xx_HAL_Driver/stm32c0xx_hal_cortex.o
                0x080039d8                HAL_NVIC_SetPriority
 .text.HAL_NVIC_EnableIRQ
                0x08003a02       0x20 ./Drivers/STM32C0xx_HAL_Driver/stm32c0xx_hal_cortex.o
                0x08003a02                HAL_NVIC_EnableIRQ
 .text.HAL_SYSTICK_Config
                0x08003a22       0x1a ./Drivers/STM32C0xx_HAL_Driver/stm32c0xx_hal_cortex.o
                0x08003a22                HAL_SYSTICK_Config
 .text.HAL_EXTI_RegisterCallback
                0x08003a3c       0x64 ./Drivers/STM32C0xx_HAL_Driver/stm32c0xx_hal_exti.o
                0x08003a3c                HAL_EXTI_RegisterCallback
 .text.HAL_EXTI_GetHandle
                0x08003aa0       0x24 ./Drivers/STM32C0xx_HAL_Driver/stm32c0xx_hal_exti.o
                0x08003aa0                HAL_EXTI_GetHandle
 .text.HAL_EXTI_IRQHandler
                0x08003ac4       0x94 ./Drivers/STM32C0xx_HAL_Driver/stm32c0xx_hal_exti.o
                0x08003ac4                HAL_EXTI_IRQHandler
 .text.HAL_FDCAN_Init
                0x08003b58      0x2c0 ./Drivers/STM32C0xx_HAL_Driver/stm32c0xx_hal_fdcan.o
                0x08003b58                HAL_FDCAN_Init
 .text.FDCAN_CalcultateRamBlockAddresses
                0x08003e18       0xc0 ./Drivers/STM32C0xx_HAL_Driver/stm32c0xx_hal_fdcan.o
 .text.HAL_GPIO_Init
                0x08003ed8      0x2e4 ./Drivers/STM32C0xx_HAL_Driver/stm32c0xx_hal_gpio.o
                0x08003ed8                HAL_GPIO_Init
 .text.HAL_GPIO_WritePin
                0x080041bc       0x3a ./Drivers/STM32C0xx_HAL_Driver/stm32c0xx_hal_gpio.o
                0x080041bc                HAL_GPIO_WritePin
 .text.HAL_GPIO_TogglePin
                0x080041f6       0x36 ./Drivers/STM32C0xx_HAL_Driver/stm32c0xx_hal_gpio.o
                0x080041f6                HAL_GPIO_TogglePin
 .text.HAL_I2C_Init
                0x0800422c      0x14c ./Drivers/STM32C0xx_HAL_Driver/stm32c0xx_hal_i2c.o
                0x0800422c                HAL_I2C_Init
 .text.HAL_I2C_Master_Transmit
                0x08004378      0x254 ./Drivers/STM32C0xx_HAL_Driver/stm32c0xx_hal_i2c.o
                0x08004378                HAL_I2C_Master_Transmit
 .text.HAL_I2C_Master_Receive
                0x080045cc      0x210 ./Drivers/STM32C0xx_HAL_Driver/stm32c0xx_hal_i2c.o
                0x080045cc                HAL_I2C_Master_Receive
 .text.I2C_Flush_TXDR
                0x080047dc       0x44 ./Drivers/STM32C0xx_HAL_Driver/stm32c0xx_hal_i2c.o
 .text.I2C_WaitOnFlagUntilTimeout
                0x08004820       0xb0 ./Drivers/STM32C0xx_HAL_Driver/stm32c0xx_hal_i2c.o
 .text.I2C_WaitOnTXISFlagUntilTimeout
                0x080048d0       0x8c ./Drivers/STM32C0xx_HAL_Driver/stm32c0xx_hal_i2c.o
 .text.I2C_WaitOnSTOPFlagUntilTimeout
                0x0800495c       0x86 ./Drivers/STM32C0xx_HAL_Driver/stm32c0xx_hal_i2c.o
 *fill*         0x080049e2        0x2 
 .text.I2C_WaitOnRXNEFlagUntilTimeout
                0x080049e4      0x13c ./Drivers/STM32C0xx_HAL_Driver/stm32c0xx_hal_i2c.o
 .text.I2C_IsErrorOccurred
                0x08004b20      0x1f0 ./Drivers/STM32C0xx_HAL_Driver/stm32c0xx_hal_i2c.o
 .text.I2C_TransferConfig
                0x08004d10       0x74 ./Drivers/STM32C0xx_HAL_Driver/stm32c0xx_hal_i2c.o
 .text.HAL_I2CEx_ConfigAnalogFilter
                0x08004d84       0x98 ./Drivers/STM32C0xx_HAL_Driver/stm32c0xx_hal_i2c_ex.o
                0x08004d84                HAL_I2CEx_ConfigAnalogFilter
 .text.HAL_I2CEx_ConfigDigitalFilter
                0x08004e1c       0x98 ./Drivers/STM32C0xx_HAL_Driver/stm32c0xx_hal_i2c_ex.o
                0x08004e1c                HAL_I2CEx_ConfigDigitalFilter
 .text.HAL_RCC_OscConfig
                0x08004eb4      0x3c8 ./Drivers/STM32C0xx_HAL_Driver/stm32c0xx_hal_rcc.o
                0x08004eb4                HAL_RCC_OscConfig
 .text.HAL_RCC_ClockConfig
                0x0800527c      0x214 ./Drivers/STM32C0xx_HAL_Driver/stm32c0xx_hal_rcc.o
                0x0800527c                HAL_RCC_ClockConfig
 .text.HAL_RCC_GetSysClockFreq
                0x08005490       0xa0 ./Drivers/STM32C0xx_HAL_Driver/stm32c0xx_hal_rcc.o
                0x08005490                HAL_RCC_GetSysClockFreq
 .text.HAL_RCC_GetHCLKFreq
                0x08005530       0x3c ./Drivers/STM32C0xx_HAL_Driver/stm32c0xx_hal_rcc.o
                0x08005530                HAL_RCC_GetHCLKFreq
 .text.HAL_RCC_GetPCLK1Freq
                0x0800556c       0x30 ./Drivers/STM32C0xx_HAL_Driver/stm32c0xx_hal_rcc.o
                0x0800556c                HAL_RCC_GetPCLK1Freq
 .text.HAL_RCCEx_PeriphCLKConfig
                0x0800559c      0x1f4 ./Drivers/STM32C0xx_HAL_Driver/stm32c0xx_hal_rcc_ex.o
                0x0800559c                HAL_RCCEx_PeriphCLKConfig
 .text.HAL_TIM_Base_Init
                0x08005790       0xb0 ./Drivers/STM32C0xx_HAL_Driver/stm32c0xx_hal_tim.o
                0x08005790                HAL_TIM_Base_Init
 .text.HAL_TIM_Base_Start_IT
                0x08005840       0xb8 ./Drivers/STM32C0xx_HAL_Driver/stm32c0xx_hal_tim.o
                0x08005840                HAL_TIM_Base_Start_IT
 .text.HAL_TIM_PWM_Init
                0x080058f8       0xb0 ./Drivers/STM32C0xx_HAL_Driver/stm32c0xx_hal_tim.o
                0x080058f8                HAL_TIM_PWM_Init
 .text.HAL_TIM_PWM_MspInit
                0x080059a8       0x10 ./Drivers/STM32C0xx_HAL_Driver/stm32c0xx_hal_tim.o
                0x080059a8                HAL_TIM_PWM_MspInit
 .text.HAL_TIM_PWM_Start
                0x080059b8      0x1d4 ./Drivers/STM32C0xx_HAL_Driver/stm32c0xx_hal_tim.o
                0x080059b8                HAL_TIM_PWM_Start
 .text.HAL_TIM_IRQHandler
                0x08005b8c      0x210 ./Drivers/STM32C0xx_HAL_Driver/stm32c0xx_hal_tim.o
                0x08005b8c                HAL_TIM_IRQHandler
 .text.HAL_TIM_PWM_ConfigChannel
                0x08005d9c      0x200 ./Drivers/STM32C0xx_HAL_Driver/stm32c0xx_hal_tim.o
                0x08005d9c                HAL_TIM_PWM_ConfigChannel
 .text.HAL_TIM_ConfigClockSource
                0x08005f9c      0x1ac ./Drivers/STM32C0xx_HAL_Driver/stm32c0xx_hal_tim.o
                0x08005f9c                HAL_TIM_ConfigClockSource
 .text.HAL_TIM_OC_DelayElapsedCallback
                0x08006148       0x10 ./Drivers/STM32C0xx_HAL_Driver/stm32c0xx_hal_tim.o
                0x08006148                HAL_TIM_OC_DelayElapsedCallback
 .text.HAL_TIM_IC_CaptureCallback
                0x08006158       0x10 ./Drivers/STM32C0xx_HAL_Driver/stm32c0xx_hal_tim.o
                0x08006158                HAL_TIM_IC_CaptureCallback
 .text.HAL_TIM_PWM_PulseFinishedCallback
                0x08006168       0x10 ./Drivers/STM32C0xx_HAL_Driver/stm32c0xx_hal_tim.o
                0x08006168                HAL_TIM_PWM_PulseFinishedCallback
 .text.HAL_TIM_TriggerCallback
                0x08006178       0x10 ./Drivers/STM32C0xx_HAL_Driver/stm32c0xx_hal_tim.o
                0x08006178                HAL_TIM_TriggerCallback
 .text.TIM_Base_SetConfig
                0x08006188      0x10c ./Drivers/STM32C0xx_HAL_Driver/stm32c0xx_hal_tim.o
                0x08006188                TIM_Base_SetConfig
 .text.TIM_OC1_SetConfig
                0x08006294      0x114 ./Drivers/STM32C0xx_HAL_Driver/stm32c0xx_hal_tim.o
 .text.TIM_OC2_SetConfig
                0x080063a8      0x108 ./Drivers/STM32C0xx_HAL_Driver/stm32c0xx_hal_tim.o
                0x080063a8                TIM_OC2_SetConfig
 .text.TIM_OC3_SetConfig
                0x080064b0      0x110 ./Drivers/STM32C0xx_HAL_Driver/stm32c0xx_hal_tim.o
 .text.TIM_OC4_SetConfig
                0x080065c0       0xd4 ./Drivers/STM32C0xx_HAL_Driver/stm32c0xx_hal_tim.o
 .text.TIM_OC5_SetConfig
                0x08006694       0xc0 ./Drivers/STM32C0xx_HAL_Driver/stm32c0xx_hal_tim.o
 .text.TIM_OC6_SetConfig
                0x08006754       0xc8 ./Drivers/STM32C0xx_HAL_Driver/stm32c0xx_hal_tim.o
 .text.TIM_TI1_ConfigInputStage
                0x0800681c       0x5c ./Drivers/STM32C0xx_HAL_Driver/stm32c0xx_hal_tim.o
 .text.TIM_TI2_ConfigInputStage
                0x08006878       0x64 ./Drivers/STM32C0xx_HAL_Driver/stm32c0xx_hal_tim.o
 .text.TIM_ITRx_SetConfig
                0x080068dc       0x38 ./Drivers/STM32C0xx_HAL_Driver/stm32c0xx_hal_tim.o
 .text.TIM_ETR_SetConfig
                0x08006914       0x40 ./Drivers/STM32C0xx_HAL_Driver/stm32c0xx_hal_tim.o
                0x08006914                TIM_ETR_SetConfig
 .text.TIM_CCxChannelCmd
                0x08006954       0x46 ./Drivers/STM32C0xx_HAL_Driver/stm32c0xx_hal_tim.o
                0x08006954                TIM_CCxChannelCmd
 *fill*         0x0800699a        0x2 
 .text.HAL_TIMEx_MasterConfigSynchronization
                0x0800699c       0xdc ./Drivers/STM32C0xx_HAL_Driver/stm32c0xx_hal_tim_ex.o
                0x0800699c                HAL_TIMEx_MasterConfigSynchronization
 .text.HAL_TIMEx_ConfigBreakDeadTime
                0x08006a78      0x138 ./Drivers/STM32C0xx_HAL_Driver/stm32c0xx_hal_tim_ex.o
                0x08006a78                HAL_TIMEx_ConfigBreakDeadTime
 .text.HAL_TIMEx_CommutCallback
                0x08006bb0       0x10 ./Drivers/STM32C0xx_HAL_Driver/stm32c0xx_hal_tim_ex.o
                0x08006bb0                HAL_TIMEx_CommutCallback
 .text.HAL_TIMEx_BreakCallback
                0x08006bc0       0x10 ./Drivers/STM32C0xx_HAL_Driver/stm32c0xx_hal_tim_ex.o
                0x08006bc0                HAL_TIMEx_BreakCallback
 .text.HAL_TIMEx_Break2Callback
                0x08006bd0       0x10 ./Drivers/STM32C0xx_HAL_Driver/stm32c0xx_hal_tim_ex.o
                0x08006bd0                HAL_TIMEx_Break2Callback
 .text.HAL_UART_Init
                0x08006be0       0xac ./Drivers/STM32C0xx_HAL_Driver/stm32c0xx_hal_uart.o
                0x08006be0                HAL_UART_Init
 .text.HAL_UART_MspInit
                0x08006c8c       0x10 ./Drivers/STM32C0xx_HAL_Driver/stm32c0xx_hal_uart.o
                0x08006c8c                HAL_UART_MspInit
 .text.HAL_UART_Transmit
                0x08006c9c      0x148 ./Drivers/STM32C0xx_HAL_Driver/stm32c0xx_hal_uart.o
                0x08006c9c                HAL_UART_Transmit
 .text.HAL_UART_Receive
                0x08006de4      0x1cc ./Drivers/STM32C0xx_HAL_Driver/stm32c0xx_hal_uart.o
                0x08006de4                HAL_UART_Receive
 .text.UART_SetConfig
                0x08006fb0      0x32c ./Drivers/STM32C0xx_HAL_Driver/stm32c0xx_hal_uart.o
                0x08006fb0                UART_SetConfig
 .text.UART_AdvFeatureConfig
                0x080072dc      0x168 ./Drivers/STM32C0xx_HAL_Driver/stm32c0xx_hal_uart.o
                0x080072dc                UART_AdvFeatureConfig
 .text.UART_CheckIdleState
                0x08007444      0x154 ./Drivers/STM32C0xx_HAL_Driver/stm32c0xx_hal_uart.o
                0x08007444                UART_CheckIdleState
 .text.UART_WaitOnFlagUntilTimeout
                0x08007598       0xde ./Drivers/STM32C0xx_HAL_Driver/stm32c0xx_hal_uart.o
                0x08007598                UART_WaitOnFlagUntilTimeout
 *fill*         0x08007676        0x2 
 .text.UART_EndRxTransfer
                0x08007678       0xcc ./Drivers/STM32C0xx_HAL_Driver/stm32c0xx_hal_uart.o
 .text.std      0x08007744       0x6c /Applications/STM32CubeIDE.app/Contents/Eclipse/plugins/com.st.stm32cube.ide.mcu.externaltools.gnu-tools-for-stm32.14.3.rel1.macosaarch64_1.0.0.202602081740/tools/bin/../lib/gcc/arm-none-eabi/14.3.1/../../../../arm-none-eabi/lib/thumb/v6-m/nofp/libc_nano.a(libc_a-findfp.o)
 .text.stdio_exit_handler
                0x080077b0       0x1c /Applications/STM32CubeIDE.app/Contents/Eclipse/plugins/com.st.stm32cube.ide.mcu.externaltools.gnu-tools-for-stm32.14.3.rel1.macosaarch64_1.0.0.202602081740/tools/bin/../lib/gcc/arm-none-eabi/14.3.1/../../../../arm-none-eabi/lib/thumb/v6-m/nofp/libc_nano.a(libc_a-findfp.o)
 .text.cleanup_stdio
                0x080077cc       0x3c /Applications/STM32CubeIDE.app/Contents/Eclipse/plugins/com.st.stm32cube.ide.mcu.externaltools.gnu-tools-for-stm32.14.3.rel1.macosaarch64_1.0.0.202602081740/tools/bin/../lib/gcc/arm-none-eabi/14.3.1/../../../../arm-none-eabi/lib/thumb/v6-m/nofp/libc_nano.a(libc_a-findfp.o)
 .text.global_stdio_init.part.0
                0x08007808       0x3c /Applications/STM32CubeIDE.app/Contents/Eclipse/plugins/com.st.stm32cube.ide.mcu.externaltools.gnu-tools-for-stm32.14.3.rel1.macosaarch64_1.0.0.202602081740/tools/bin/../lib/gcc/arm-none-eabi/14.3.1/../../../../arm-none-eabi/lib/thumb/v6-m/nofp/libc_nano.a(libc_a-findfp.o)
 .text.__sfp_lock_acquire
                0x08007844       0x10 /Applications/STM32CubeIDE.app/Contents/Eclipse/plugins/com.st.stm32cube.ide.mcu.externaltools.gnu-tools-for-stm32.14.3.rel1.macosaarch64_1.0.0.202602081740/tools/bin/../lib/gcc/arm-none-eabi/14.3.1/../../../../arm-none-eabi/lib/thumb/v6-m/nofp/libc_nano.a(libc_a-findfp.o)
                0x08007844                __sfp_lock_acquire
 .text.__sfp_lock_release
                0x08007854       0x10 /Applications/STM32CubeIDE.app/Contents/Eclipse/plugins/com.st.stm32cube.ide.mcu.externaltools.gnu-tools-for-stm32.14.3.rel1.macosaarch64_1.0.0.202602081740/tools/bin/../lib/gcc/arm-none-eabi/14.3.1/../../../../arm-none-eabi/lib/thumb/v6-m/nofp/libc_nano.a(libc_a-findfp.o)
                0x08007854                __sfp_lock_release
 .text.__sinit  0x08007864       0x30 /Applications/STM32CubeIDE.app/Contents/Eclipse/plugins/com.st.stm32cube.ide.mcu.externaltools.gnu-tools-for-stm32.14.3.rel1.macosaarch64_1.0.0.202602081740/tools/bin/../lib/gcc/arm-none-eabi/14.3.1/../../../../arm-none-eabi/lib/thumb/v6-m/nofp/libc_nano.a(libc_a-findfp.o)
                0x08007864                __sinit
 .text._fwalk_sglue
                0x08007894       0x38 /Applications/STM32CubeIDE.app/Contents/Eclipse/plugins/com.st.stm32cube.ide.mcu.externaltools.gnu-tools-for-stm32.14.3.rel1.macosaarch64_1.0.0.202602081740/tools/bin/../lib/gcc/arm-none-eabi/14.3.1/../../../../arm-none-eabi/lib/thumb/v6-m/nofp/libc_nano.a(libc_a-fwalk.o)
                0x08007894                _fwalk_sglue
 .text.printf   0x080078cc       0x20 /Applications/STM32CubeIDE.app/Contents/Eclipse/plugins/com.st.stm32cube.ide.mcu.externaltools.gnu-tools-for-stm32.14.3.rel1.macosaarch64_1.0.0.202602081740/tools/bin/../lib/gcc/arm-none-eabi/14.3.1/../../../../arm-none-eabi/lib/thumb/v6-m/nofp/libc_nano.a(libc_a-printf.o)
                0x080078cc                printf
                0x080078cc                iprintf
 .text._puts_r  0x080078ec       0xac /Applications/STM32CubeIDE.app/Contents/Eclipse/plugins/com.st.stm32cube.ide.mcu.externaltools.gnu-tools-for-stm32.14.3.rel1.macosaarch64_1.0.0.202602081740/tools/bin/../lib/gcc/arm-none-eabi/14.3.1/../../../../arm-none-eabi/lib/thumb/v6-m/nofp/libc_nano.a(libc_a-puts.o)
                0x080078ec                _puts_r
 .text.puts     0x08007998       0x14 /Applications/STM32CubeIDE.app/Contents/Eclipse/plugins/com.st.stm32cube.ide.mcu.externaltools.gnu-tools-for-stm32.14.3.rel1.macosaarch64_1.0.0.202602081740/tools/bin/../lib/gcc/arm-none-eabi/14.3.1/../../../../arm-none-eabi/lib/thumb/v6-m/nofp/libc_nano.a(libc_a-puts.o)
                0x08007998                puts
 .text.memset   0x080079ac       0x10 /Applications/STM32CubeIDE.app/Contents/Eclipse/plugins/com.st.stm32cube.ide.mcu.externaltools.gnu-tools-for-stm32.14.3.rel1.macosaarch64_1.0.0.202602081740/tools/bin/../lib/gcc/arm-none-eabi/14.3.1/../../../../arm-none-eabi/lib/thumb/v6-m/nofp/libc_nano.a(libc_a-memset.o)
                0x080079ac                memset
 .text.__errno  0x080079bc        0xc /Applications/STM32CubeIDE.app/Contents/Eclipse/plugins/com.st.stm32cube.ide.mcu.externaltools.gnu-tools-for-stm32.14.3.rel1.macosaarch64_1.0.0.202602081740/tools/bin/../lib/gcc/arm-none-eabi/14.3.1/../../../../arm-none-eabi/lib/thumb/v6-m/nofp/libc_nano.a(libc_a-errno.o)
                0x080079bc                __errno
 .text.__libc_init_array
                0x080079c8       0x48 /Applications/STM32CubeIDE.app/Contents/Eclipse/plugins/com.st.stm32cube.ide.mcu.externaltools.gnu-tools-for-stm32.14.3.rel1.macosaarch64_1.0.0.202602081740/tools/bin/../lib/gcc/arm-none-eabi/14.3.1/../../../../arm-none-eabi/lib/thumb/v6-m/nofp/libc_nano.a(libc_a-init.o)
                0x080079c8                __libc_init_array
 .text.__retarget_lock_init_recursive
                0x08007a10        0x2 /Applications/STM32CubeIDE.app/Contents/Eclipse/plugins/com.st.stm32cube.ide.mcu.externaltools.gnu-tools-for-stm32.14.3.rel1.macosaarch64_1.0.0.202602081740/tools/bin/../lib/gcc/arm-none-eabi/14.3.1/../../../../arm-none-eabi/lib/thumb/v6-m/nofp/libc_nano.a(libc_a-lock.o)
                0x08007a10                __retarget_lock_init_recursive
 .text.__retarget_lock_acquire_recursive
                0x08007a12        0x2 /Applications/STM32CubeIDE.app/Contents/Eclipse/plugins/com.st.stm32cube.ide.mcu.externaltools.gnu-tools-for-stm32.14.3.rel1.macosaarch64_1.0.0.202602081740/tools/bin/../lib/gcc/arm-none-eabi/14.3.1/../../../../arm-none-eabi/lib/thumb/v6-m/nofp/libc_nano.a(libc_a-lock.o)
                0x08007a12                __retarget_lock_acquire_recursive
 .text.__retarget_lock_release_recursive
                0x08007a14        0x2 /Applications/STM32CubeIDE.app/Contents/Eclipse/plugins/com.st.stm32cube.ide.mcu.externaltools.gnu-tools-for-stm32.14.3.rel1.macosaarch64_1.0.0.202602081740/tools/bin/../lib/gcc/arm-none-eabi/14.3.1/../../../../arm-none-eabi/lib/thumb/v6-m/nofp/libc_nano.a(libc_a-lock.o)
                0x08007a14                __retarget_lock_release_recursive
 .text.__sfputc_r
                0x08007a16       0x2a /Applications/STM32CubeIDE.app/Contents/Eclipse/plugins/com.st.stm32cube.ide.mcu.externaltools.gnu-tools-for-stm32.14.3.rel1.macosaarch64_1.0.0.202602081740/tools/bin/../lib/gcc/arm-none-eabi/14.3.1/../../../../arm-none-eabi/lib/thumb/v6-m/nofp/libc_nano.a(libc_a-nano-vfprintf.o)
 .text.__sfputs_r
                0x08007a40       0x24 /Applications/STM32CubeIDE.app/Contents/Eclipse/plugins/com.st.stm32cube.ide.mcu.externaltools.gnu-tools-for-stm32.14.3.rel1.macosaarch64_1.0.0.202602081740/tools/bin/../lib/gcc/arm-none-eabi/14.3.1/../../../../arm-none-eabi/lib/thumb/v6-m/nofp/libc_nano.a(libc_a-nano-vfprintf.o)
                0x08007a40                __sfputs_r
 .text._vfprintf_r
                0x08007a64      0x230 /Applications/STM32CubeIDE.app/Contents/Eclipse/plugins/com.st.stm32cube.ide.mcu.externaltools.gnu-tools-for-stm32.14.3.rel1.macosaarch64_1.0.0.202602081740/tools/bin/../lib/gcc/arm-none-eabi/14.3.1/../../../../arm-none-eabi/lib/thumb/v6-m/nofp/libc_nano.a(libc_a-nano-vfprintf.o)
                0x08007a64                _vfiprintf_r
                0x08007a64                _vfprintf_r
 .text.sbrk_aligned
                0x08007c94       0x44 /Applications/STM32CubeIDE.app/Contents/Eclipse/plugins/com.st.stm32cube.ide.mcu.externaltools.gnu-tools-for-stm32.14.3.rel1.macosaarch64_1.0.0.202602081740/tools/bin/../lib/gcc/arm-none-eabi/14.3.1/../../../../arm-none-eabi/lib/thumb/v6-m/nofp/libc_nano.a(libc_a-mallocr.o)
 .text._malloc_r
                0x08007cd8      0x100 /Applications/STM32CubeIDE.app/Contents/Eclipse/plugins/com.st.stm32cube.ide.mcu.externaltools.gnu-tools-for-stm32.14.3.rel1.macosaarch64_1.0.0.202602081740/tools/bin/../lib/gcc/arm-none-eabi/14.3.1/../../../../arm-none-eabi/lib/thumb/v6-m/nofp/libc_nano.a(libc_a-mallocr.o)
                0x08007cd8                _malloc_r
 .text._printf_common
                0x08007dd8       0xde /Applications/STM32CubeIDE.app/Contents/Eclipse/plugins/com.st.stm32cube.ide.mcu.externaltools.gnu-tools-for-stm32.14.3.rel1.macosaarch64_1.0.0.202602081740/tools/bin/../lib/gcc/arm-none-eabi/14.3.1/../../../../arm-none-eabi/lib/thumb/v6-m/nofp/libc_nano.a(libc_a-nano-vfprintf_i.o)
                0x08007dd8                _printf_common
 *fill*         0x08007eb6        0x2 
 .text._printf_i
                0x08007eb8      0x218 /Applications/STM32CubeIDE.app/Contents/Eclipse/plugins/com.st.stm32cube.ide.mcu.externaltools.gnu-tools-for-stm32.14.3.rel1.macosaarch64_1.0.0.202602081740/tools/bin/../lib/gcc/arm-none-eabi/14.3.1/../../../../arm-none-eabi/lib/thumb/v6-m/nofp/libc_nano.a(libc_a-nano-vfprintf_i.o)
                0x08007eb8                _printf_i
 .text.__sflush_r
                0x080080d0      0x114 /Applications/STM32CubeIDE.app/Contents/Eclipse/plugins/com.st.stm32cube.ide.mcu.externaltools.gnu-tools-for-stm32.14.3.rel1.macosaarch64_1.0.0.202602081740/tools/bin/../lib/gcc/arm-none-eabi/14.3.1/../../../../arm-none-eabi/lib/thumb/v6-m/nofp/libc_nano.a(libc_a-fflush.o)
                0x080080d0                __sflush_r
 .text._fflush_r
                0x080081e4       0x56 /Applications/STM32CubeIDE.app/Contents/Eclipse/plugins/com.st.stm32cube.ide.mcu.externaltools.gnu-tools-for-stm32.14.3.rel1.macosaarch64_1.0.0.202602081740/tools/bin/../lib/gcc/arm-none-eabi/14.3.1/../../../../arm-none-eabi/lib/thumb/v6-m/nofp/libc_nano.a(libc_a-fflush.o)
                0x080081e4                _fflush_r
 *fill*         0x0800823a        0x2 
 .text.__malloc_lock
                0x0800823c       0x10 /Applications/STM32CubeIDE.app/Contents/Eclipse/plugins/com.st.stm32cube.ide.mcu.externaltools.gnu-tools-for-stm32.14.3.rel1.macosaarch64_1.0.0.202602081740/tools/bin/../lib/gcc/arm-none-eabi/14.3.1/../../../../arm-none-eabi/lib/thumb/v6-m/nofp/libc_nano.a(libc_a-mlock.o)
                0x0800823c                __malloc_lock
 .text.__malloc_unlock
                0x0800824c       0x10 /Applications/STM32CubeIDE.app/Contents/Eclipse/plugins/com.st.stm32cube.ide.mcu.externaltools.gnu-tools-for-stm32.14.3.rel1.macosaarch64_1.0.0.202602081740/tools/bin/../lib/gcc/arm-none-eabi/14.3.1/../../../../arm-none-eabi/lib/thumb/v6-m/nofp/libc_nano.a(libc_a-mlock.o)
                0x0800824c                __malloc_unlock
 .text.__sread  0x0800825c       0x28 /Applications/STM32CubeIDE.app/Contents/Eclipse/plugins/com.st.stm32cube.ide.mcu.externaltools.gnu-tools-for-stm32.14.3.rel1.macosaarch64_1.0.0.202602081740/tools/bin/../lib/gcc/arm-none-eabi/14.3.1/../../../../arm-none-eabi/lib/thumb/v6-m/nofp/libc_nano.a(libc_a-stdio.o)
                0x0800825c                __sread
 .text.__swrite
                0x08008284       0x38 /Applications/STM32CubeIDE.app/Contents/Eclipse/plugins/com.st.stm32cube.ide.mcu.externaltools.gnu-tools-for-stm32.14.3.rel1.macosaarch64_1.0.0.202602081740/tools/bin/../lib/gcc/arm-none-eabi/14.3.1/../../../../arm-none-eabi/lib/thumb/v6-m/nofp/libc_nano.a(libc_a-stdio.o)
                0x08008284                __swrite
 .text.__sseek  0x080082bc       0x2c /Applications/STM32CubeIDE.app/Contents/Eclipse/plugins/com.st.stm32cube.ide.mcu.externaltools.gnu-tools-for-stm32.14.3.rel1.macosaarch64_1.0.0.202602081740/tools/bin/../lib/gcc/arm-none-eabi/14.3.1/../../../../arm-none-eabi/lib/thumb/v6-m/nofp/libc_nano.a(libc_a-stdio.o)
                0x080082bc                __sseek
 .text.__sclose
                0x080082e8        0xc /Applications/STM32CubeIDE.app/Contents/Eclipse/plugins/com.st.stm32cube.ide.mcu.externaltools.gnu-tools-for-stm32.14.3.rel1.macosaarch64_1.0.0.202602081740/tools/bin/../lib/gcc/arm-none-eabi/14.3.1/../../../../arm-none-eabi/lib/thumb/v6-m/nofp/libc_nano.a(libc_a-stdio.o)
                0x080082e8                __sclose
 .text.__swbuf_r
                0x080082f4       0x84 /Applications/STM32CubeIDE.app/Contents/Eclipse/plugins/com.st.stm32cube.ide.mcu.externaltools.gnu-tools-for-stm32.14.3.rel1.macosaarch64_1.0.0.202602081740/tools/bin/../lib/gcc/arm-none-eabi/14.3.1/../../../../arm-none-eabi/lib/thumb/v6-m/nofp/libc_nano.a(libc_a-wbuf.o)
                0x080082f4                __swbuf_r
 .text.__swsetup_r
                0x08008378       0xb4 /Applications/STM32CubeIDE.app/Contents/Eclipse/plugins/com.st.stm32cube.ide.mcu.externaltools.gnu-tools-for-stm32.14.3.rel1.macosaarch64_1.0.0.202602081740/tools/bin/../lib/gcc/arm-none-eabi/14.3.1/../../../../arm-none-eabi/lib/thumb/v6-m/nofp/libc_nano.a(libc_a-wsetup.o)
                0x08008378                __swsetup_r
 .text.__swhatbuf_r
                0x0800842c       0x54 /Applications/STM32CubeIDE.app/Contents/Eclipse/plugins/com.st.stm32cube.ide.mcu.externaltools.gnu-tools-for-stm32.14.3.rel1.macosaarch64_1.0.0.202602081740/tools/bin/../lib/gcc/arm-none-eabi/14.3.1/../../../../arm-none-eabi/lib/thumb/v6-m/nofp/libc_nano.a(libc_a-makebuf.o)
                0x0800842c                __swhatbuf_r
 .text.__smakebuf_r
                0x08008480       0x72 /Applications/STM32CubeIDE.app/Contents/Eclipse/plugins/com.st.stm32cube.ide.mcu.externaltools.gnu-tools-for-stm32.14.3.rel1.macosaarch64_1.0.0.202602081740/tools/bin/../lib/gcc/arm-none-eabi/14.3.1/../../../../arm-none-eabi/lib/thumb/v6-m/nofp/libc_nano.a(libc_a-makebuf.o)
                0x08008480                __smakebuf_r
 *fill*         0x080084f2        0x2 
 .text._isatty_r
                0x080084f4       0x24 /Applications/STM32CubeIDE.app/Contents/Eclipse/plugins/com.st.stm32cube.ide.mcu.externaltools.gnu-tools-for-stm32.14.3.rel1.macosaarch64_1.0.0.202602081740/tools/bin/../lib/gcc/arm-none-eabi/14.3.1/../../../../arm-none-eabi/lib/thumb/v6-m/nofp/libc_nano.a(libc_a-isattyr.o)
                0x080084f4                _isatty_r
 .text._lseek_r
                0x08008518       0x28 /Applications/STM32CubeIDE.app/Contents/Eclipse/plugins/com.st.stm32cube.ide.mcu.externaltools.gnu-tools-for-stm32.14.3.rel1.macosaarch64_1.0.0.202602081740/tools/bin/../lib/gcc/arm-none-eabi/14.3.1/../../../../arm-none-eabi/lib/thumb/v6-m/nofp/libc_nano.a(libc_a-lseekr.o)
                0x08008518                _lseek_r
 .text._read_r  0x08008540       0x28 /Applications/STM32CubeIDE.app/Contents/Eclipse/plugins/com.st.stm32cube.ide.mcu.externaltools.gnu-tools-for-stm32.14.3.rel1.macosaarch64_1.0.0.202602081740/tools/bin/../lib/gcc/arm-none-eabi/14.3.1/../../../../arm-none-eabi/lib/thumb/v6-m/nofp/libc_nano.a(libc_a-readr.o)
                0x08008540                _read_r
 .text._sbrk_r  0x08008568       0x24 /Applications/STM32CubeIDE.app/Contents/Eclipse/plugins/com.st.stm32cube.ide.mcu.externaltools.gnu-tools-for-stm32.14.3.rel1.macosaarch64_1.0.0.202602081740/tools/bin/../lib/gcc/arm-none-eabi/14.3.1/../../../../arm-none-eabi/lib/thumb/v6-m/nofp/libc_nano.a(libc_a-sbrkr.o)
                0x08008568                _sbrk_r
 .text._write_r
                0x0800858c       0x28 /Applications/STM32CubeIDE.app/Contents/Eclipse/plugins/com.st.stm32cube.ide.mcu.externaltools.gnu-tools-for-stm32.14.3.rel1.macosaarch64_1.0.0.202602081740/tools/bin/../lib/gcc/arm-none-eabi/14.3.1/../../../../arm-none-eabi/lib/thumb/v6-m/nofp/libc_nano.a(libc_a-writer.o)
                0x0800858c                _write_r
 .text._close_r
                0x080085b4       0x24 /Applications/STM32CubeIDE.app/Contents/Eclipse/plugins/com.st.stm32cube.ide.mcu.externaltools.gnu-tools-for-stm32.14.3.rel1.macosaarch64_1.0.0.202602081740/tools/bin/../lib/gcc/arm-none-eabi/14.3.1/../../../../arm-none-eabi/lib/thumb/v6-m/nofp/libc_nano.a(libc_a-closer.o)
                0x080085b4                _close_r
 .text._fstat_r
                0x080085d8       0x24 /Applications/STM32CubeIDE.app/Contents/Eclipse/plugins/com.st.stm32cube.ide.mcu.externaltools.gnu-tools-for-stm32.14.3.rel1.macosaarch64_1.0.0.202602081740/tools/bin/../lib/gcc/arm-none-eabi/14.3.1/../../../../arm-none-eabi/lib/thumb/v6-m/nofp/libc_nano.a(libc_a-fstatr.o)
                0x080085d8                _fstat_r
 .text.memchr   0x080085fc       0x16 /Applications/STM32CubeIDE.app/Contents/Eclipse/plugins/com.st.stm32cube.ide.mcu.externaltools.gnu-tools-for-stm32.14.3.rel1.macosaarch64_1.0.0.202602081740/tools/bin/../lib/gcc/arm-none-eabi/14.3.1/../../../../arm-none-eabi/lib/thumb/v6-m/nofp/libc_nano.a(libc_a-memchr-stub.o)
                0x080085fc                memchr
 *fill*         0x08008612        0x2 
 .text._free_r  0x08008614       0x94 /Applications/STM32CubeIDE.app/Contents/Eclipse/plugins/com.st.stm32cube.ide.mcu.externaltools.gnu-tools-for-stm32.14.3.rel1.macosaarch64_1.0.0.202602081740/tools/bin/../lib/gcc/arm-none-eabi/14.3.1/../../../../arm-none-eabi/lib/thumb/v6-m/nofp/libc_nano.a(libc_a-freer.o)
                0x08008614                _free_r
 *(.glue_7)
 .glue_7        0x080086a8        0x0 linker stubs
 *(.glue_7t)
 .glue_7t       0x080086a8        0x0 linker stubs
 *(.eh_frame)
 .eh_frame      0x080086a8        0x0 /Applications/STM32CubeIDE.app/Contents/Eclipse/plugins/com.st.stm32cube.ide.mcu.externaltools.gnu-tools-for-stm32.14.3.rel1.macosaarch64_1.0.0.202602081740/tools/bin/../lib/gcc/arm-none-eabi/14.3.1/thumb/v6-m/nofp/crtbegin.o
 *(.init)
 .init          0x080086a8        0x4 /Applications/STM32CubeIDE.app/Contents/Eclipse/plugins/com.st.stm32cube.ide.mcu.externaltools.gnu-tools-for-stm32.14.3.rel1.macosaarch64_1.0.0.202602081740/tools/bin/../lib/gcc/arm-none-eabi/14.3.1/thumb/v6-m/nofp/crti.o
                0x080086a8                _init
 .init          0x080086ac        0x8 /Applications/STM32CubeIDE.app/Contents/Eclipse/plugins/com.st.stm32cube.ide.mcu.externaltools.gnu-tools-for-stm32.14.3.rel1.macosaarch64_1.0.0.202602081740/tools/bin/../lib/gcc/arm-none-eabi/14.3.1/thumb/v6-m/nofp/crtn.o
 *(.fini)
 .fini          0x080086b4        0x4 /Applications/STM32CubeIDE.app/Contents/Eclipse/plugins/com.st.stm32cube.ide.mcu.externaltools.gnu-tools-for-stm32.14.3.rel1.macosaarch64_1.0.0.202602081740/tools/bin/../lib/gcc/arm-none-eabi/14.3.1/thumb/v6-m/nofp/crti.o
                0x080086b4                _fini
 .fini          0x080086b8        0x8 /Applications/STM32CubeIDE.app/Contents/Eclipse/plugins/com.st.stm32cube.ide.mcu.externaltools.gnu-tools-for-stm32.14.3.rel1.macosaarch64_1.0.0.202602081740/tools/bin/../lib/gcc/arm-none-eabi/14.3.1/thumb/v6-m/nofp/crtn.o
                0x080086c0                        . = ALIGN (0x4)
                0x080086c0                        _etext = .

.vfp11_veneer   0x080086c0        0x0
 .vfp11_veneer  0x080086c0        0x0 linker stubs

.v4_bx          0x080086c0        0x0
 .v4_bx         0x080086c0        0x0 linker stubs

.iplt           0x080086c0        0x0
 .iplt          0x080086c0        0x0 /Applications/STM32CubeIDE.app/Contents/Eclipse/plugins/com.st.stm32cube.ide.mcu.externaltools.gnu-tools-for-stm32.14.3.rel1.macosaarch64_1.0.0.202602081740/tools/bin/../lib/gcc/arm-none-eabi/14.3.1/thumb/v6-m/nofp/crtbegin.o

.rodata         0x080086c0      0x1b8
                0x080086c0                        . = ALIGN (0x4)
 *(.rodata)
 .rodata        0x080086c0       0x32 ./Application/User/main.o
 *fill*         0x080086f2        0x2 
 .rodata        0x080086f4       0x7c /Applications/STM32CubeIDE.app/Contents/Eclipse/plugins/com.st.stm32cube.ide.mcu.externaltools.gnu-tools-for-stm32.14.3.rel1.macosaarch64_1.0.0.202602081740/tools/bin/../lib/gcc/arm-none-eabi/14.3.1/thumb/v6-m/nofp/libgcc.a(divsf3.o)
 *(.rodata*)
 .rodata.LED_PIN
                0x08008770        0x4 ./Drivers/BSP/STM32C0xx_Nucleo/stm32c0xx_nucleo.o
 .rodata.BUTTON_EXTI_LINE.2
                0x08008774        0x4 ./Drivers/BSP/STM32C0xx_Nucleo/stm32c0xx_nucleo.o
 .rodata.AHBPrescTable
                0x08008778       0x40 ./Drivers/CMSIS/system_stm32c0xx.o
                0x08008778                AHBPrescTable
 .rodata.APBPrescTable
                0x080087b8       0x20 ./Drivers/CMSIS/system_stm32c0xx.o
                0x080087b8                APBPrescTable
 .rodata.HAL_TIM_PWM_ConfigChannel
                0x080087d8       0x54 ./Drivers/STM32C0xx_HAL_Driver/stm32c0xx_hal_tim.o
 .rodata.UARTPrescTable
                0x0800882c       0x18 ./Drivers/STM32C0xx_HAL_Driver/stm32c0xx_hal_uart.o
                0x0800882c                UARTPrescTable
 .rodata._vfprintf_r.str1.1
                0x08008844       0x33 /Applications/STM32CubeIDE.app/Contents/Eclipse/plugins/com.st.stm32cube.ide.mcu.externaltools.gnu-tools-for-stm32.14.3.rel1.macosaarch64_1.0.0.202602081740/tools/bin/../lib/gcc/arm-none-eabi/14.3.1/../../../../arm-none-eabi/lib/thumb/v6-m/nofp/libc_nano.a(libc_a-nano-vfprintf.o)
                                 0x11 (size before relaxing)
 .rodata._printf_i.str1.1
                0x08008877       0x22 /Applications/STM32CubeIDE.app/Contents/Eclipse/plugins/com.st.stm32cube.ide.mcu.externaltools.gnu-tools-for-stm32.14.3.rel1.macosaarch64_1.0.0.202602081740/tools/bin/../lib/gcc/arm-none-eabi/14.3.1/../../../../arm-none-eabi/lib/thumb/v6-m/nofp/libc_nano.a(libc_a-nano-vfprintf_i.o)
                0x0800889c                        . = ALIGN (0x4)
 *fill*         0x08008877        0x1 

.ARM.extab      0x08008878        0x0
                0x08008878                        . = ALIGN (0x4)
 *(.ARM.extab* .gnu.linkonce.armextab.*)
                0x08008878                        . = ALIGN (0x4)

.ARM            0x08008878        0x0
                0x08008878                        . = ALIGN (0x4)
                0x08008878                        __exidx_start = .
 *(.ARM.exidx*)
                0x08008878                        __exidx_end = .
                0x08008878                        . = ALIGN (0x4)

.preinit_array  0x08008878        0x0
                0x08008878                        . = ALIGN (0x4)
                0x08008878                        PROVIDE (__preinit_array_start = .)
 *(.preinit_array*)
                0x08008878                        PROVIDE (__preinit_array_end = .)
                0x08008878                        . = ALIGN (0x4)

.init_array     0x08008878        0x4
                0x08008878                        . = ALIGN (0x4)
                0x08008878                        PROVIDE (__init_array_start = .)
 *(SORT_BY_NAME(.init_array.*))
 *(.init_array*)
 .init_array    0x08008878        0x4 /Applications/STM32CubeIDE.app/Contents/Eclipse/plugins/com.st.stm32cube.ide.mcu.externaltools.gnu-tools-for-stm32.14.3.rel1.macosaarch64_1.0.0.202602081740/tools/bin/../lib/gcc/arm-none-eabi/14.3.1/thumb/v6-m/nofp/crtbegin.o
                0x0800887c                        PROVIDE (__init_array_end = .)
                0x0800887c                        . = ALIGN (0x4)

.fini_array     0x0800887c        0x4
                0x0800887c                        . = ALIGN (0x4)
                [!provide]                        PROVIDE (__fini_array_start = .)
 *(SORT_BY_NAME(.fini_array.*))
 *(.fini_array*)
 .fini_array    0x0800887c        0x4 /Applications/STM32CubeIDE.app/Contents/Eclipse/plugins/com.st.stm32cube.ide.mcu.externaltools.gnu-tools-for-stm32.14.3.rel1.macosaarch64_1.0.0.202602081740/tools/bin/../lib/gcc/arm-none-eabi/14.3.1/thumb/v6-m/nofp/crtbegin.o
                [!provide]                        PROVIDE (__fini_array_end = .)
                0x08008880                        . = ALIGN (0x4)
                0x08008880                        _sidata = LOADADDR (.data)

.rel.dyn        0x08008880        0x0
 .rel.iplt      0x08008880        0x0 /Applications/STM32CubeIDE.app/Contents/Eclipse/plugins/com.st.stm32cube.ide.mcu.externaltools.gnu-tools-for-stm32.14.3.rel1.macosaarch64_1.0.0.202602081740/tools/bin/../lib/gcc/arm-none-eabi/14.3.1/thumb/v6-m/nofp/crtbegin.o

.data           0x20000000       0x8c load address 0x08008880
                0x20000000                        . = ALIGN (0x4)
                0x20000000                        _sdata = .
 *(.data)
 *(.data*)
 .data.desired  0x20000000        0x4 ./Application/User/main.o
                0x20000000                desired
 .data.kp       0x20000004        0x4 ./Application/User/main.o
                0x20000004                kp
 .data.ki       0x20000008        0x4 ./Application/User/main.o
                0x20000008                ki
 .data.COM_USART
                0x2000000c        0x4 ./Drivers/BSP/STM32C0xx_Nucleo/stm32c0xx_nucleo.o
                0x2000000c                COM_USART
 .data.LED_PORT
                0x20000010        0x8 ./Drivers/BSP/STM32C0xx_Nucleo/stm32c0xx_nucleo.o
 .data.BUTTON_PORT
                0x20000018        0x4 ./Drivers/BSP/STM32C0xx_Nucleo/stm32c0xx_nucleo.o
 .data.ButtonCallback.1
                0x2000001c        0x4 ./Drivers/BSP/STM32C0xx_Nucleo/stm32c0xx_nucleo.o
 .data.BSP_BUTTON_PRIO.0
                0x20000020        0x4 ./Drivers/BSP/STM32C0xx_Nucleo/stm32c0xx_nucleo.o
 .data.SystemCoreClock
                0x20000024        0x4 ./Drivers/CMSIS/system_stm32c0xx.o
                0x20000024                SystemCoreClock
 .data.uwTickPrio
                0x20000028        0x4 ./Drivers/STM32C0xx_HAL_Driver/stm32c0xx_hal.o
                0x20000028                uwTickPrio
 .data.uwTickFreq
                0x2000002c        0x1 ./Drivers/STM32C0xx_HAL_Driver/stm32c0xx_hal.o
                0x2000002c                uwTickFreq
 *fill*         0x2000002d        0x3 
 .data.__sglue  0x20000030        0xc /Applications/STM32CubeIDE.app/Contents/Eclipse/plugins/com.st.stm32cube.ide.mcu.externaltools.gnu-tools-for-stm32.14.3.rel1.macosaarch64_1.0.0.202602081740/tools/bin/../lib/gcc/arm-none-eabi/14.3.1/../../../../arm-none-eabi/lib/thumb/v6-m/nofp/libc_nano.a(libc_a-findfp.o)
                0x20000030                __sglue
 .data._impure_ptr
                0x2000003c        0x4 /Applications/STM32CubeIDE.app/Contents/Eclipse/plugins/com.st.stm32cube.ide.mcu.externaltools.gnu-tools-for-stm32.14.3.rel1.macosaarch64_1.0.0.202602081740/tools/bin/../lib/gcc/arm-none-eabi/14.3.1/../../../../arm-none-eabi/lib/thumb/v6-m/nofp/libc_nano.a(libc_a-impure.o)
                0x2000003c                _impure_ptr
 .data._impure_data
                0x20000040       0x4c /Applications/STM32CubeIDE.app/Contents/Eclipse/plugins/com.st.stm32cube.ide.mcu.externaltools.gnu-tools-for-stm32.14.3.rel1.macosaarch64_1.0.0.202602081740/tools/bin/../lib/gcc/arm-none-eabi/14.3.1/../../../../arm-none-eabi/lib/thumb/v6-m/nofp/libc_nano.a(libc_a-impure.o)
                0x20000040                _impure_data
 *(.RamFunc)
 *(.RamFunc*)
                0x2000008c                        . = ALIGN (0x4)
                0x2000008c                        _edata = .

.igot.plt       0x2000008c        0x0 load address 0x0800890c
 .igot.plt      0x2000008c        0x0 /Applications/STM32CubeIDE.app/Contents/Eclipse/plugins/com.st.stm32cube.ide.mcu.externaltools.gnu-tools-for-stm32.14.3.rel1.macosaarch64_1.0.0.202602081740/tools/bin/../lib/gcc/arm-none-eabi/14.3.1/thumb/v6-m/nofp/crtbegin.o
                0x2000008c                        . = ALIGN (0x4)

.bss            0x2000008c     0x1064 load address 0x0800890c
                0x2000008c                        _sbss = .
                0x2000008c                        __bss_start__ = _sbss
 *(.bss)
 .bss           0x2000008c       0x1c /Applications/STM32CubeIDE.app/Contents/Eclipse/plugins/com.st.stm32cube.ide.mcu.externaltools.gnu-tools-for-stm32.14.3.rel1.macosaarch64_1.0.0.202602081740/tools/bin/../lib/gcc/arm-none-eabi/14.3.1/thumb/v6-m/nofp/crtbegin.o
 *(.bss*)
 .bss.BspCOMInit
                0x200000a8       0x10 ./Application/User/main.o
                0x200000a8                BspCOMInit
 .bss.hadc1     0x200000b8       0x64 ./Application/User/main.o
                0x200000b8                hadc1
 .bss.hfdcan1   0x2000011c       0x64 ./Application/User/main.o
                0x2000011c                hfdcan1
 .bss.hi2c1     0x20000180       0x54 ./Application/User/main.o
                0x20000180                hi2c1
 .bss.htim1     0x200001d4       0x4c ./Application/User/main.o
                0x200001d4                htim1
 .bss.htim2     0x20000220       0x4c ./Application/User/main.o
                0x20000220                htim2
 .bss.state     0x2000026c        0x4 ./Application/User/main.o
                0x2000026c                state
 .bss.counter   0x20000270        0x4 ./Application/User/main.o
                0x20000270                counter
 .bss.eint      0x20000274        0x4 ./Application/User/main.o
                0x20000274                eint
 .bss.desired_log
                0x20000278      0x640 ./Application/User/main.o
                0x20000278                desired_log
 .bss.actual_log
                0x200008b8      0x640 ./Application/User/main.o
                0x200008b8                actual_log
 .bss.__sbrk_heap_end
                0x20000ef8        0x4 ./Application/User/sysmem.o
 .bss.hpb_exti  0x20000efc        0xc ./Drivers/BSP/STM32C0xx_Nucleo/stm32c0xx_nucleo.o
                0x20000efc                hpb_exti
 .bss.hcom_uart
                0x20000f08       0x94 ./Drivers/BSP/STM32C0xx_Nucleo/stm32c0xx_nucleo.o
                0x20000f08                hcom_uart
 .bss.COM_ActiveLogPort
                0x20000f9c        0x1 ./Drivers/BSP/STM32C0xx_Nucleo/stm32c0xx_nucleo.o
 *fill*         0x20000f9d        0x3 
 .bss.uwTick    0x20000fa0        0x4 ./Drivers/STM32C0xx_HAL_Driver/stm32c0xx_hal.o
                0x20000fa0                uwTick
 .bss.__sf      0x20000fa4      0x138 /Applications/STM32CubeIDE.app/Contents/Eclipse/plugins/com.st.stm32cube.ide.mcu.externaltools.gnu-tools-for-stm32.14.3.rel1.macosaarch64_1.0.0.202602081740/tools/bin/../lib/gcc/arm-none-eabi/14.3.1/../../../../arm-none-eabi/lib/thumb/v6-m/nofp/libc_nano.a(libc_a-findfp.o)
                0x20000fa4                __sf
 .bss.__stdio_exit_handler
                0x200010dc        0x4 /Applications/STM32CubeIDE.app/Contents/Eclipse/plugins/com.st.stm32cube.ide.mcu.externaltools.gnu-tools-for-stm32.14.3.rel1.macosaarch64_1.0.0.202602081740/tools/bin/../lib/gcc/arm-none-eabi/14.3.1/../../../../arm-none-eabi/lib/thumb/v6-m/nofp/libc_nano.a(libc_a-findfp.o)
                0x200010dc                __stdio_exit_handler
 .bss.__lock___malloc_recursive_mutex
                0x200010e0        0x1 /Applications/STM32CubeIDE.app/Contents/Eclipse/plugins/com.st.stm32cube.ide.mcu.externaltools.gnu-tools-for-stm32.14.3.rel1.macosaarch64_1.0.0.202602081740/tools/bin/../lib/gcc/arm-none-eabi/14.3.1/../../../../arm-none-eabi/lib/thumb/v6-m/nofp/libc_nano.a(libc_a-lock.o)
                0x200010e0                __lock___malloc_recursive_mutex
 .bss.__lock___sfp_recursive_mutex
                0x200010e1        0x1 /Applications/STM32CubeIDE.app/Contents/Eclipse/plugins/com.st.stm32cube.ide.mcu.externaltools.gnu-tools-for-stm32.14.3.rel1.macosaarch64_1.0.0.202602081740/tools/bin/../lib/gcc/arm-none-eabi/14.3.1/../../../../arm-none-eabi/lib/thumb/v6-m/nofp/libc_nano.a(libc_a-lock.o)
                0x200010e1                __lock___sfp_recursive_mutex
 *fill*         0x200010e2        0x2 
 .bss.__malloc_sbrk_start
                0x200010e4        0x4 /Applications/STM32CubeIDE.app/Contents/Eclipse/plugins/com.st.stm32cube.ide.mcu.externaltools.gnu-tools-for-stm32.14.3.rel1.macosaarch64_1.0.0.202602081740/tools/bin/../lib/gcc/arm-none-eabi/14.3.1/../../../../arm-none-eabi/lib/thumb/v6-m/nofp/libc_nano.a(libc_a-mallocr.o)
                0x200010e4                __malloc_sbrk_start
 .bss.__malloc_free_list
                0x200010e8        0x4 /Applications/STM32CubeIDE.app/Contents/Eclipse/plugins/com.st.stm32cube.ide.mcu.externaltools.gnu-tools-for-stm32.14.3.rel1.macosaarch64_1.0.0.202602081740/tools/bin/../lib/gcc/arm-none-eabi/14.3.1/../../../../arm-none-eabi/lib/thumb/v6-m/nofp/libc_nano.a(libc_a-mallocr.o)
                0x200010e8                __malloc_free_list
 .bss.errno     0x200010ec        0x4 /Applications/STM32CubeIDE.app/Contents/Eclipse/plugins/com.st.stm32cube.ide.mcu.externaltools.gnu-tools-for-stm32.14.3.rel1.macosaarch64_1.0.0.202602081740/tools/bin/../lib/gcc/arm-none-eabi/14.3.1/../../../../arm-none-eabi/lib/thumb/v6-m/nofp/libc_nano.a(libc_a-reent.o)
                0x200010ec                errno
 *(COMMON)
                0x200010f0                        . = ALIGN (0x4)
                0x200010f0                        _ebss = .
                0x200010f0                        __bss_end__ = _ebss

._user_heap_stack
                0x200010f0      0x600 load address 0x0800890c
                0x200010f0                        . = ALIGN (0x8)
                [!provide]                        PROVIDE (end = .)
                0x200010f0                        PROVIDE (_end = .)
                0x200012f0                        . = (. + _Min_Heap_Size)
 *fill*         0x200010f0      0x200 
                0x200016f0                        . = (. + _Min_Stack_Size)
 *fill*         0x200012f0      0x400 
                0x200016f0                        . = ALIGN (0x8)

/DISCARD/
 libc.a(*)
 libm.a(*)
 libgcc.a(*)

.ARM.attributes
                0x00000000       0x28
 *(.ARM.attributes)
 .ARM.attributes
                0x00000000       0x1e /Applications/STM32CubeIDE.app/Contents/Eclipse/plugins/com.st.stm32cube.ide.mcu.externaltools.gnu-tools-for-stm32.14.3.rel1.macosaarch64_1.0.0.202602081740/tools/bin/../lib/gcc/arm-none-eabi/14.3.1/thumb/v6-m/nofp/crti.o
 .ARM.attributes
                0x0000001e       0x2c /Applications/STM32CubeIDE.app/Contents/Eclipse/plugins/com.st.stm32cube.ide.mcu.externaltools.gnu-tools-for-stm32.14.3.rel1.macosaarch64_1.0.0.202602081740/tools/bin/../lib/gcc/arm-none-eabi/14.3.1/thumb/v6-m/nofp/crtbegin.o
 .ARM.attributes
                0x0000004a       0x22 ./Application/Startup/startup_stm32c092rctx.o
 .ARM.attributes
                0x0000006c       0x2c ./Application/User/main.o
 .ARM.attributes
                0x00000098       0x2c ./Application/User/stm32c0xx_hal_msp.o
 .ARM.attributes
                0x000000c4       0x2c ./Application/User/stm32c0xx_it.o
 .ARM.attributes
                0x000000f0       0x2c ./Application/User/syscalls.o
 .ARM.attributes
                0x0000011c       0x2c ./Application/User/sysmem.o
 .ARM.attributes
                0x00000148       0x2c ./Drivers/BSP/STM32C0xx_Nucleo/stm32c0xx_nucleo.o
 .ARM.attributes
                0x00000174       0x2c ./Drivers/CMSIS/system_stm32c0xx.o
 .ARM.attributes
                0x000001a0       0x2c ./Drivers/STM32C0xx_HAL_Driver/stm32c0xx_hal.o
 .ARM.attributes
                0x000001cc       0x2c ./Drivers/STM32C0xx_HAL_Driver/stm32c0xx_hal_adc.o
 .ARM.attributes
                0x000001f8       0x2c ./Drivers/STM32C0xx_HAL_Driver/stm32c0xx_hal_cortex.o
 .ARM.attributes
                0x00000224       0x2c ./Drivers/STM32C0xx_HAL_Driver/stm32c0xx_hal_exti.o
 .ARM.attributes
                0x00000250       0x2c ./Drivers/STM32C0xx_HAL_Driver/stm32c0xx_hal_fdcan.o
 .ARM.attributes
                0x0000027c       0x2c ./Drivers/STM32C0xx_HAL_Driver/stm32c0xx_hal_gpio.o
 .ARM.attributes
                0x000002a8       0x2c ./Drivers/STM32C0xx_HAL_Driver/stm32c0xx_hal_i2c.o
 .ARM.attributes
                0x000002d4       0x2c ./Drivers/STM32C0xx_HAL_Driver/stm32c0xx_hal_i2c_ex.o
 .ARM.attributes
                0x00000300       0x2c ./Drivers/STM32C0xx_HAL_Driver/stm32c0xx_hal_rcc.o
 .ARM.attributes
                0x0000032c       0x2c ./Drivers/STM32C0xx_HAL_Driver/stm32c0xx_hal_rcc_ex.o
 .ARM.attributes
                0x00000358       0x2c ./Drivers/STM32C0xx_HAL_Driver/stm32c0xx_hal_tim.o
 .ARM.attributes
                0x00000384       0x2c ./Drivers/STM32C0xx_HAL_Driver/stm32c0xx_hal_tim_ex.o
 .ARM.attributes
                0x000003b0       0x2c ./Drivers/STM32C0xx_HAL_Driver/stm32c0xx_hal_uart.o
 .ARM.attributes
                0x000003dc       0x2c /Applications/STM32CubeIDE.app/Contents/Eclipse/plugins/com.st.stm32cube.ide.mcu.externaltools.gnu-tools-for-stm32.14.3.rel1.macosaarch64_1.0.0.202602081740/tools/bin/../lib/gcc/arm-none-eabi/14.3.1/../../../../arm-none-eabi/lib/thumb/v6-m/nofp/libc_nano.a(libc_a-findfp.o)
 .ARM.attributes
                0x00000408       0x2c /Applications/STM32CubeIDE.app/Contents/Eclipse/plugins/com.st.stm32cube.ide.mcu.externaltools.gnu-tools-for-stm32.14.3.rel1.macosaarch64_1.0.0.202602081740/tools/bin/../lib/gcc/arm-none-eabi/14.3.1/../../../../arm-none-eabi/lib/thumb/v6-m/nofp/libc_nano.a(libc_a-fwalk.o)
 .ARM.attributes
                0x00000434       0x2c /Applications/STM32CubeIDE.app/Contents/Eclipse/plugins/com.st.stm32cube.ide.mcu.externaltools.gnu-tools-for-stm32.14.3.rel1.macosaarch64_1.0.0.202602081740/tools/bin/../lib/gcc/arm-none-eabi/14.3.1/../../../../arm-none-eabi/lib/thumb/v6-m/nofp/libc_nano.a(libc_a-printf.o)
 .ARM.attributes
                0x00000460       0x2c /Applications/STM32CubeIDE.app/Contents/Eclipse/plugins/com.st.stm32cube.ide.mcu.externaltools.gnu-tools-for-stm32.14.3.rel1.macosaarch64_1.0.0.202602081740/tools/bin/../lib/gcc/arm-none-eabi/14.3.1/../../../../arm-none-eabi/lib/thumb/v6-m/nofp/libc_nano.a(libc_a-puts.o)
 .ARM.attributes
                0x0000048c       0x2c /Applications/STM32CubeIDE.app/Contents/Eclipse/plugins/com.st.stm32cube.ide.mcu.externaltools.gnu-tools-for-stm32.14.3.rel1.macosaarch64_1.0.0.202602081740/tools/bin/../lib/gcc/arm-none-eabi/14.3.1/../../../../arm-none-eabi/lib/thumb/v6-m/nofp/libc_nano.a(libc_a-memset.o)
 .ARM.attributes
                0x000004b8       0x2c /Applications/STM32CubeIDE.app/Contents/Eclipse/plugins/com.st.stm32cube.ide.mcu.externaltools.gnu-tools-for-stm32.14.3.rel1.macosaarch64_1.0.0.202602081740/tools/bin/../lib/gcc/arm-none-eabi/14.3.1/../../../../arm-none-eabi/lib/thumb/v6-m/nofp/libc_nano.a(libc_a-errno.o)
 .ARM.attributes
                0x000004e4       0x2c /Applications/STM32CubeIDE.app/Contents/Eclipse/plugins/com.st.stm32cube.ide.mcu.externaltools.gnu-tools-for-stm32.14.3.rel1.macosaarch64_1.0.0.202602081740/tools/bin/../lib/gcc/arm-none-eabi/14.3.1/../../../../arm-none-eabi/lib/thumb/v6-m/nofp/libc_nano.a(libc_a-init.o)
 .ARM.attributes
                0x00000510       0x2c /Applications/STM32CubeIDE.app/Contents/Eclipse/plugins/com.st.stm32cube.ide.mcu.externaltools.gnu-tools-for-stm32.14.3.rel1.macosaarch64_1.0.0.202602081740/tools/bin/../lib/gcc/arm-none-eabi/14.3.1/../../../../arm-none-eabi/lib/thumb/v6-m/nofp/libc_nano.a(libc_a-lock.o)
 .ARM.attributes
                0x0000053c       0x2c /Applications/STM32CubeIDE.app/Contents/Eclipse/plugins/com.st.stm32cube.ide.mcu.externaltools.gnu-tools-for-stm32.14.3.rel1.macosaarch64_1.0.0.202602081740/tools/bin/../lib/gcc/arm-none-eabi/14.3.1/../../../../arm-none-eabi/lib/thumb/v6-m/nofp/libc_nano.a(libc_a-impure.o)
 .ARM.attributes
                0x00000568       0x2c /Applications/STM32CubeIDE.app/Contents/Eclipse/plugins/com.st.stm32cube.ide.mcu.externaltools.gnu-tools-for-stm32.14.3.rel1.macosaarch64_1.0.0.202602081740/tools/bin/../lib/gcc/arm-none-eabi/14.3.1/../../../../arm-none-eabi/lib/thumb/v6-m/nofp/libc_nano.a(libc_a-nano-vfprintf.o)
 .ARM.attributes
                0x00000594       0x2c /Applications/STM32CubeIDE.app/Contents/Eclipse/plugins/com.st.stm32cube.ide.mcu.externaltools.gnu-tools-for-stm32.14.3.rel1.macosaarch64_1.0.0.202602081740/tools/bin/../lib/gcc/arm-none-eabi/14.3.1/../../../../arm-none-eabi/lib/thumb/v6-m/nofp/libc_nano.a(libc_a-mallocr.o)
 .ARM.attributes
                0x000005c0       0x2c /Applications/STM32CubeIDE.app/Contents/Eclipse/plugins/com.st.stm32cube.ide.mcu.externaltools.gnu-tools-for-stm32.14.3.rel1.macosaarch64_1.0.0.202602081740/tools/bin/../lib/gcc/arm-none-eabi/14.3.1/../../../../arm-none-eabi/lib/thumb/v6-m/nofp/libc_nano.a(libc_a-nano-vfprintf_i.o)
 .ARM.attributes
                0x000005ec       0x2c /Applications/STM32CubeIDE.app/Contents/Eclipse/plugins/com.st.stm32cube.ide.mcu.externaltools.gnu-tools-for-stm32.14.3.rel1.macosaarch64_1.0.0.202602081740/tools/bin/../lib/gcc/arm-none-eabi/14.3.1/../../../../arm-none-eabi/lib/thumb/v6-m/nofp/libc_nano.a(libc_a-fflush.o)
 .ARM.attributes
                0x00000618       0x2c /Applications/STM32CubeIDE.app/Contents/Eclipse/plugins/com.st.stm32cube.ide.mcu.externaltools.gnu-tools-for-stm32.14.3.rel1.macosaarch64_1.0.0.202602081740/tools/bin/../lib/gcc/arm-none-eabi/14.3.1/../../../../arm-none-eabi/lib/thumb/v6-m/nofp/libc_nano.a(libc_a-mlock.o)
 .ARM.attributes
                0x00000644       0x2c /Applications/STM32CubeIDE.app/Contents/Eclipse/plugins/com.st.stm32cube.ide.mcu.externaltools.gnu-tools-for-stm32.14.3.rel1.macosaarch64_1.0.0.202602081740/tools/bin/../lib/gcc/arm-none-eabi/14.3.1/../../../../arm-none-eabi/lib/thumb/v6-m/nofp/libc_nano.a(libc_a-stdio.o)
 .ARM.attributes
                0x00000670       0x2c /Applications/STM32CubeIDE.app/Contents/Eclipse/plugins/com.st.stm32cube.ide.mcu.externaltools.gnu-tools-for-stm32.14.3.rel1.macosaarch64_1.0.0.202602081740/tools/bin/../lib/gcc/arm-none-eabi/14.3.1/../../../../arm-none-eabi/lib/thumb/v6-m/nofp/libc_nano.a(libc_a-wbuf.o)
 .ARM.attributes
                0x0000069c       0x2c /Applications/STM32CubeIDE.app/Contents/Eclipse/plugins/com.st.stm32cube.ide.mcu.externaltools.gnu-tools-for-stm32.14.3.rel1.macosaarch64_1.0.0.202602081740/tools/bin/../lib/gcc/arm-none-eabi/14.3.1/../../../../arm-none-eabi/lib/thumb/v6-m/nofp/libc_nano.a(libc_a-wsetup.o)
 .ARM.attributes
                0x000006c8       0x2c /Applications/STM32CubeIDE.app/Contents/Eclipse/plugins/com.st.stm32cube.ide.mcu.externaltools.gnu-tools-for-stm32.14.3.rel1.macosaarch64_1.0.0.202602081740/tools/bin/../lib/gcc/arm-none-eabi/14.3.1/../../../../arm-none-eabi/lib/thumb/v6-m/nofp/libc_nano.a(libc_a-makebuf.o)
 .ARM.attributes
                0x000006f4       0x2c /Applications/STM32CubeIDE.app/Contents/Eclipse/plugins/com.st.stm32cube.ide.mcu.externaltools.gnu-tools-for-stm32.14.3.rel1.macosaarch64_1.0.0.202602081740/tools/bin/../lib/gcc/arm-none-eabi/14.3.1/../../../../arm-none-eabi/lib/thumb/v6-m/nofp/libc_nano.a(libc_a-isattyr.o)
 .ARM.attributes
                0x00000720       0x2c /Applications/STM32CubeIDE.app/Contents/Eclipse/plugins/com.st.stm32cube.ide.mcu.externaltools.gnu-tools-for-stm32.14.3.rel1.macosaarch64_1.0.0.202602081740/tools/bin/../lib/gcc/arm-none-eabi/14.3.1/../../../../arm-none-eabi/lib/thumb/v6-m/nofp/libc_nano.a(libc_a-lseekr.o)
 .ARM.attributes
                0x0000074c       0x2c /Applications/STM32CubeIDE.app/Contents/Eclipse/plugins/com.st.stm32cube.ide.mcu.externaltools.gnu-tools-for-stm32.14.3.rel1.macosaarch64_1.0.0.202602081740/tools/bin/../lib/gcc/arm-none-eabi/14.3.1/../../../../arm-none-eabi/lib/thumb/v6-m/nofp/libc_nano.a(libc_a-readr.o)
 .ARM.attributes
                0x00000778       0x2c /Applications/STM32CubeIDE.app/Contents/Eclipse/plugins/com.st.stm32cube.ide.mcu.externaltools.gnu-tools-for-stm32.14.3.rel1.macosaarch64_1.0.0.202602081740/tools/bin/../lib/gcc/arm-none-eabi/14.3.1/../../../../arm-none-eabi/lib/thumb/v6-m/nofp/libc_nano.a(libc_a-sbrkr.o)
 .ARM.attributes
                0x000007a4       0x2c /Applications/STM32CubeIDE.app/Contents/Eclipse/plugins/com.st.stm32cube.ide.mcu.externaltools.gnu-tools-for-stm32.14.3.rel1.macosaarch64_1.0.0.202602081740/tools/bin/../lib/gcc/arm-none-eabi/14.3.1/../../../../arm-none-eabi/lib/thumb/v6-m/nofp/libc_nano.a(libc_a-writer.o)
 .ARM.attributes
                0x000007d0       0x2c /Applications/STM32CubeIDE.app/Contents/Eclipse/plugins/com.st.stm32cube.ide.mcu.externaltools.gnu-tools-for-stm32.14.3.rel1.macosaarch64_1.0.0.202602081740/tools/bin/../lib/gcc/arm-none-eabi/14.3.1/../../../../arm-none-eabi/lib/thumb/v6-m/nofp/libc_nano.a(libc_a-closer.o)
 .ARM.attributes
                0x000007fc       0x2c /Applications/STM32CubeIDE.app/Contents/Eclipse/plugins/com.st.stm32cube.ide.mcu.externaltools.gnu-tools-for-stm32.14.3.rel1.macosaarch64_1.0.0.202602081740/tools/bin/../lib/gcc/arm-none-eabi/14.3.1/../../../../arm-none-eabi/lib/thumb/v6-m/nofp/libc_nano.a(libc_a-reent.o)
 .ARM.attributes
                0x00000828       0x2c /Applications/STM32CubeIDE.app/Contents/Eclipse/plugins/com.st.stm32cube.ide.mcu.externaltools.gnu-tools-for-stm32.14.3.rel1.macosaarch64_1.0.0.202602081740/tools/bin/../lib/gcc/arm-none-eabi/14.3.1/../../../../arm-none-eabi/lib/thumb/v6-m/nofp/libc_nano.a(libc_a-fstatr.o)
 .ARM.attributes
                0x00000854       0x2c /Applications/STM32CubeIDE.app/Contents/Eclipse/plugins/com.st.stm32cube.ide.mcu.externaltools.gnu-tools-for-stm32.14.3.rel1.macosaarch64_1.0.0.202602081740/tools/bin/../lib/gcc/arm-none-eabi/14.3.1/../../../../arm-none-eabi/lib/thumb/v6-m/nofp/libc_nano.a(libc_a-memchr-stub.o)
 .ARM.attributes
                0x00000880       0x2c /Applications/STM32CubeIDE.app/Contents/Eclipse/plugins/com.st.stm32cube.ide.mcu.externaltools.gnu-tools-for-stm32.14.3.rel1.macosaarch64_1.0.0.202602081740/tools/bin/../lib/gcc/arm-none-eabi/14.3.1/../../../../arm-none-eabi/lib/thumb/v6-m/nofp/libc_nano.a(libc_a-freer.o)
 .ARM.attributes
                0x000008ac       0x1e /Applications/STM32CubeIDE.app/Contents/Eclipse/plugins/com.st.stm32cube.ide.mcu.externaltools.gnu-tools-for-stm32.14.3.rel1.macosaarch64_1.0.0.202602081740/tools/bin/../lib/gcc/arm-none-eabi/14.3.1/thumb/v6-m/nofp/libgcc.a(_thumb1_case_shi.o)
 .ARM.attributes
                0x000008ca       0x1e /Applications/STM32CubeIDE.app/Contents/Eclipse/plugins/com.st.stm32cube.ide.mcu.externaltools.gnu-tools-for-stm32.14.3.rel1.macosaarch64_1.0.0.202602081740/tools/bin/../lib/gcc/arm-none-eabi/14.3.1/thumb/v6-m/nofp/libgcc.a(_udivsi3.o)
 .ARM.attributes
                0x000008e8       0x1e /Applications/STM32CubeIDE.app/Contents/Eclipse/plugins/com.st.stm32cube.ide.mcu.externaltools.gnu-tools-for-stm32.14.3.rel1.macosaarch64_1.0.0.202602081740/tools/bin/../lib/gcc/arm-none-eabi/14.3.1/thumb/v6-m/nofp/libgcc.a(_divsi3.o)
 .ARM.attributes
                0x00000906       0x1e /Applications/STM32CubeIDE.app/Contents/Eclipse/plugins/com.st.stm32cube.ide.mcu.externaltools.gnu-tools-for-stm32.14.3.rel1.macosaarch64_1.0.0.202602081740/tools/bin/../lib/gcc/arm-none-eabi/14.3.1/thumb/v6-m/nofp/libgcc.a(_dvmd_tls.o)
 .ARM.attributes
                0x00000924       0x1e /Applications/STM32CubeIDE.app/Contents/Eclipse/plugins/com.st.stm32cube.ide.mcu.externaltools.gnu-tools-for-stm32.14.3.rel1.macosaarch64_1.0.0.202602081740/tools/bin/../lib/gcc/arm-none-eabi/14.3.1/thumb/v6-m/nofp/libgcc.a(_arm_cmpsf2.o)
 .ARM.attributes
                0x00000942       0x2c /Applications/STM32CubeIDE.app/Contents/Eclipse/plugins/com.st.stm32cube.ide.mcu.externaltools.gnu-tools-for-stm32.14.3.rel1.macosaarch64_1.0.0.202602081740/tools/bin/../lib/gcc/arm-none-eabi/14.3.1/thumb/v6-m/nofp/libgcc.a(_fixunssfsi.o)
 .ARM.attributes
                0x0000096e       0x2c /Applications/STM32CubeIDE.app/Contents/Eclipse/plugins/com.st.stm32cube.ide.mcu.externaltools.gnu-tools-for-stm32.14.3.rel1.macosaarch64_1.0.0.202602081740/tools/bin/../lib/gcc/arm-none-eabi/14.3.1/thumb/v6-m/nofp/libgcc.a(addsf3.o)
 .ARM.attributes
                0x0000099a       0x2c /Applications/STM32CubeIDE.app/Contents/Eclipse/plugins/com.st.stm32cube.ide.mcu.externaltools.gnu-tools-for-stm32.14.3.rel1.macosaarch64_1.0.0.202602081740/tools/bin/../lib/gcc/arm-none-eabi/14.3.1/thumb/v6-m/nofp/libgcc.a(divsf3.o)
 .ARM.attributes
                0x000009c6       0x2c /Applications/STM32CubeIDE.app/Contents/Eclipse/plugins/com.st.stm32cube.ide.mcu.externaltools.gnu-tools-for-stm32.14.3.rel1.macosaarch64_1.0.0.202602081740/tools/bin/../lib/gcc/arm-none-eabi/14.3.1/thumb/v6-m/nofp/libgcc.a(eqsf2.o)
 .ARM.attributes
                0x000009f2       0x2c /Applications/STM32CubeIDE.app/Contents/Eclipse/plugins/com.st.stm32cube.ide.mcu.externaltools.gnu-tools-for-stm32.14.3.rel1.macosaarch64_1.0.0.202602081740/tools/bin/../lib/gcc/arm-none-eabi/14.3.1/thumb/v6-m/nofp/libgcc.a(gesf2.o)
 .ARM.attributes
                0x00000a1e       0x2c /Applications/STM32CubeIDE.app/Contents/Eclipse/plugins/com.st.stm32cube.ide.mcu.externaltools.gnu-tools-for-stm32.14.3.rel1.macosaarch64_1.0.0.202602081740/tools/bin/../lib/gcc/arm-none-eabi/14.3.1/thumb/v6-m/nofp/libgcc.a(lesf2.o)
 .ARM.attributes
                0x00000a4a       0x2c /Applications/STM32CubeIDE.app/Contents/Eclipse/plugins/com.st.stm32cube.ide.mcu.externaltools.gnu-tools-for-stm32.14.3.rel1.macosaarch64_1.0.0.202602081740/tools/bin/../lib/gcc/arm-none-eabi/14.3.1/thumb/v6-m/nofp/libgcc.a(mulsf3.o)
 .ARM.attributes
                0x00000a76       0x2c /Applications/STM32CubeIDE.app/Contents/Eclipse/plugins/com.st.stm32cube.ide.mcu.externaltools.gnu-tools-for-stm32.14.3.rel1.macosaarch64_1.0.0.202602081740/tools/bin/../lib/gcc/arm-none-eabi/14.3.1/thumb/v6-m/nofp/libgcc.a(subsf3.o)
 .ARM.attributes
                0x00000aa2       0x2c /Applications/STM32CubeIDE.app/Contents/Eclipse/plugins/com.st.stm32cube.ide.mcu.externaltools.gnu-tools-for-stm32.14.3.rel1.macosaarch64_1.0.0.202602081740/tools/bin/../lib/gcc/arm-none-eabi/14.3.1/thumb/v6-m/nofp/libgcc.a(fixsfsi.o)
 .ARM.attributes
                0x00000ace       0x2c /Applications/STM32CubeIDE.app/Contents/Eclipse/plugins/com.st.stm32cube.ide.mcu.externaltools.gnu-tools-for-stm32.14.3.rel1.macosaarch64_1.0.0.202602081740/tools/bin/../lib/gcc/arm-none-eabi/14.3.1/thumb/v6-m/nofp/libgcc.a(floatsisf.o)
 .ARM.attributes
                0x00000afa       0x1e /Applications/STM32CubeIDE.app/Contents/Eclipse/plugins/com.st.stm32cube.ide.mcu.externaltools.gnu-tools-for-stm32.14.3.rel1.macosaarch64_1.0.0.202602081740/tools/bin/../lib/gcc/arm-none-eabi/14.3.1/thumb/v6-m/nofp/libgcc.a(_clzsi2.o)
 .ARM.attributes
                0x00000b18       0x1e /Applications/STM32CubeIDE.app/Contents/Eclipse/plugins/com.st.stm32cube.ide.mcu.externaltools.gnu-tools-for-stm32.14.3.rel1.macosaarch64_1.0.0.202602081740/tools/bin/../lib/gcc/arm-none-eabi/14.3.1/thumb/v6-m/nofp/crtn.o
OUTPUT(FDCAN_Com_Polling.elf elf32-littlearm)
LOAD linker stubs
LOAD /Applications/STM32CubeIDE.app/Contents/Eclipse/plugins/com.st.stm32cube.ide.mcu.externaltools.gnu-tools-for-stm32.14.3.rel1.macosaarch64_1.0.0.202602081740/tools/bin/../lib/gcc/arm-none-eabi/14.3.1/../../../../arm-none-eabi/lib/thumb/v6-m/nofp/libc.a
LOAD /Applications/STM32CubeIDE.app/Contents/Eclipse/plugins/com.st.stm32cube.ide.mcu.externaltools.gnu-tools-for-stm32.14.3.rel1.macosaarch64_1.0.0.202602081740/tools/bin/../lib/gcc/arm-none-eabi/14.3.1/../../../../arm-none-eabi/lib/thumb/v6-m/nofp/libm.a
LOAD /Applications/STM32CubeIDE.app/Contents/Eclipse/plugins/com.st.stm32cube.ide.mcu.externaltools.gnu-tools-for-stm32.14.3.rel1.macosaarch64_1.0.0.202602081740/tools/bin/../lib/gcc/arm-none-eabi/14.3.1/thumb/v6-m/nofp/libgcc.a

.debug_line     0x00000000    0x19756
 .debug_line    0x00000000       0x7d ./Application/Startup/startup_stm32c092rctx.o
 .debug_line    0x0000007d      0xef3 ./Application/User/main.o
 .debug_line    0x00000f70      0xb7d ./Application/User/stm32c0xx_hal_msp.o
 .debug_line    0x00001aed      0xa45 ./Application/User/stm32c0xx_it.o
 .debug_line    0x00002532      0x866 ./Application/User/syscalls.o
 .debug_line    0x00002d98      0x542 ./Application/User/sysmem.o
 .debug_line    0x000032da      0xd68 ./Drivers/BSP/STM32C0xx_Nucleo/stm32c0xx_nucleo.o
 .debug_line    0x00004042      0x84d ./Drivers/CMSIS/system_stm32c0xx.o
 .debug_line    0x0000488f      0xb2f ./Drivers/STM32C0xx_HAL_Driver/stm32c0xx_hal.o
 .debug_line    0x000053be     0x1a73 ./Drivers/STM32C0xx_HAL_Driver/stm32c0xx_hal_adc.o
 .debug_line    0x00006e31      0xc47 ./Drivers/STM32C0xx_HAL_Driver/stm32c0xx_hal_cortex.o
 .debug_line    0x00007a78      0xbb7 ./Drivers/STM32C0xx_HAL_Driver/stm32c0xx_hal_exti.o
 .debug_line    0x0000862f     0x1967 ./Drivers/STM32C0xx_HAL_Driver/stm32c0xx_hal_fdcan.o
 .debug_line    0x00009f96      0xc44 ./Drivers/STM32C0xx_HAL_Driver/stm32c0xx_hal_gpio.o
 .debug_line    0x0000abda     0x380b ./Drivers/STM32C0xx_HAL_Driver/stm32c0xx_hal_i2c.o
 .debug_line    0x0000e3e5      0x95b ./Drivers/STM32C0xx_HAL_Driver/stm32c0xx_hal_i2c_ex.o
 .debug_line    0x0000ed40      0xe62 ./Drivers/STM32C0xx_HAL_Driver/stm32c0xx_hal_rcc.o
 .debug_line    0x0000fba2      0xaf9 ./Drivers/STM32C0xx_HAL_Driver/stm32c0xx_hal_rcc_ex.o
 .debug_line    0x0001069b     0x3d81 ./Drivers/STM32C0xx_HAL_Driver/stm32c0xx_hal_tim.o
 .debug_line    0x0001441c     0x1c5c ./Drivers/STM32C0xx_HAL_Driver/stm32c0xx_hal_tim_ex.o
 .debug_line    0x00016078     0x36de ./Drivers/STM32C0xx_HAL_Driver/stm32c0xx_hal_uart.o

.debug_line_str
                0x00000000       0x83
 .debug_line_str
                0x00000000       0x83 ./Application/Startup/startup_stm32c092rctx.o

.debug_info     0x00000000    0x17a7c
 .debug_info    0x00000000       0x30 ./Application/Startup/startup_stm32c092rctx.o
 .debug_info    0x00000030     0x26df ./Application/User/main.o
 .debug_info    0x0000270f     0x1941 ./Application/User/stm32c0xx_hal_msp.o
 .debug_info    0x00004050      0x803 ./Application/User/stm32c0xx_it.o
 .debug_info    0x00004853      0x6a3 ./Application/User/syscalls.o
 .debug_info    0x00004ef6      0x168 ./Application/User/sysmem.o
 .debug_info    0x0000505e     0x1564 ./Drivers/BSP/STM32C0xx_Nucleo/stm32c0xx_nucleo.o
 .debug_info    0x000065c2      0x373 ./Drivers/CMSIS/system_stm32c0xx.o
 .debug_info    0x00006935      0x85c ./Drivers/STM32C0xx_HAL_Driver/stm32c0xx_hal.o
 .debug_info    0x00007191     0x1588 ./Drivers/STM32C0xx_HAL_Driver/stm32c0xx_hal_adc.o
 .debug_info    0x00008719      0x8a5 ./Drivers/STM32C0xx_HAL_Driver/stm32c0xx_hal_cortex.o
 .debug_info    0x00008fbe      0x62d ./Drivers/STM32C0xx_HAL_Driver/stm32c0xx_hal_exti.o
 .debug_info    0x000095eb     0x185e ./Drivers/STM32C0xx_HAL_Driver/stm32c0xx_hal_fdcan.o
 .debug_info    0x0000ae49      0x59f ./Drivers/STM32C0xx_HAL_Driver/stm32c0xx_hal_gpio.o
 .debug_info    0x0000b3e8     0x21c4 ./Drivers/STM32C0xx_HAL_Driver/stm32c0xx_hal_i2c.o
 .debug_info    0x0000d5ac      0x9fd ./Drivers/STM32C0xx_HAL_Driver/stm32c0xx_hal_i2c_ex.o
 .debug_info    0x0000dfa9      0x917 ./Drivers/STM32C0xx_HAL_Driver/stm32c0xx_hal_rcc.o
 .debug_info    0x0000e8c0      0x55d ./Drivers/STM32C0xx_HAL_Driver/stm32c0xx_hal_rcc_ex.o
 .debug_info    0x0000ee1d     0x2b86 ./Drivers/STM32C0xx_HAL_Driver/stm32c0xx_hal_tim.o
 .debug_info    0x000119a3     0x1899 ./Drivers/STM32C0xx_HAL_Driver/stm32c0xx_hal_tim_ex.o
 .debug_info    0x0001323c     0x4840 ./Drivers/STM32C0xx_HAL_Driver/stm32c0xx_hal_uart.o

.debug_abbrev   0x00000000     0x2ce7
 .debug_abbrev  0x00000000       0x24 ./Application/Startup/startup_stm32c092rctx.o
 .debug_abbrev  0x00000024      0x39e ./Application/User/main.o
 .debug_abbrev  0x000003c2      0x252 ./Application/User/stm32c0xx_hal_msp.o
 .debug_abbrev  0x00000614      0x1a1 ./Application/User/stm32c0xx_it.o
 .debug_abbrev  0x000007b5      0x1b6 ./Application/User/syscalls.o
 .debug_abbrev  0x0000096b       0xbc ./Application/User/sysmem.o
 .debug_abbrev  0x00000a27      0x325 ./Drivers/BSP/STM32C0xx_Nucleo/stm32c0xx_nucleo.o
 .debug_abbrev  0x00000d4c      0x119 ./Drivers/CMSIS/system_stm32c0xx.o
 .debug_abbrev  0x00000e65      0x2cb ./Drivers/STM32C0xx_HAL_Driver/stm32c0xx_hal.o
 .debug_abbrev  0x00001130      0x266 ./Drivers/STM32C0xx_HAL_Driver/stm32c0xx_hal_adc.o
 .debug_abbrev  0x00001396      0x2b7 ./Drivers/STM32C0xx_HAL_Driver/stm32c0xx_hal_cortex.o
 .debug_abbrev  0x0000164d      0x198 ./Drivers/STM32C0xx_HAL_Driver/stm32c0xx_hal_exti.o
 .debug_abbrev  0x000017e5      0x1ea ./Drivers/STM32C0xx_HAL_Driver/stm32c0xx_hal_fdcan.o
 .debug_abbrev  0x000019cf      0x1db ./Drivers/STM32C0xx_HAL_Driver/stm32c0xx_hal_gpio.o
 .debug_abbrev  0x00001baa      0x26e ./Drivers/STM32C0xx_HAL_Driver/stm32c0xx_hal_i2c.o
 .debug_abbrev  0x00001e18      0x1df ./Drivers/STM32C0xx_HAL_Driver/stm32c0xx_hal_i2c_ex.o
 .debug_abbrev  0x00001ff7      0x28c ./Drivers/STM32C0xx_HAL_Driver/stm32c0xx_hal_rcc.o
 .debug_abbrev  0x00002283      0x225 ./Drivers/STM32C0xx_HAL_Driver/stm32c0xx_hal_rcc_ex.o
 .debug_abbrev  0x000024a8      0x287 ./Drivers/STM32C0xx_HAL_Driver/stm32c0xx_hal_tim.o
 .debug_abbrev  0x0000272f      0x2a7 ./Drivers/STM32C0xx_HAL_Driver/stm32c0xx_hal_tim_ex.o
 .debug_abbrev  0x000029d6      0x311 ./Drivers/STM32C0xx_HAL_Driver/stm32c0xx_hal_uart.o

.debug_aranges  0x00000000     0x1588
 .debug_aranges
                0x00000000       0x28 ./Application/Startup/startup_stm32c092rctx.o
 .debug_aranges
                0x00000028       0xb0 ./Application/User/main.o
 .debug_aranges
                0x000000d8       0x68 ./Application/User/stm32c0xx_hal_msp.o
 .debug_aranges
                0x00000140       0x50 ./Application/User/stm32c0xx_it.o
 .debug_aranges