/Users/weiqianpeng/Documents/ME433/ME_433/HW12/FDCAN_Com_Polling/Src/main.c:79:5:main	72	static
/Users/weiqianpeng/Documents/ME433/ME_433/HW12/FDCAN_Com_Polling/Src/main.c:238:6:SystemClock_Config	64	static
/Users/weiqianpeng/Documents/ME433/ME_433/HW12/FDCAN_Com_Polling/Src/main.c:277:13:MX_FDCAN1_Init	8	static
/Users/weiqianpeng/Documents/ME433/ME_433/HW12/FDCAN_Com_Polling/Src/main.c:320:13:MX_GPIO_Init	16	static
/Users/weiqianpeng/Documents/ME433/ME_433/HW12/FDCAN_Com_Polling/Src/main.c:339:6:BSP_PB_Callback	16	static
/Users/weiqianpeng/Documents/ME433/ME_433/HW12/FDCAN_Com_Polling/Src/main.c:365:17:BufferCmp8b	24	static
/Users/weiqianpeng/Documents/ME433/ME_433/HW12/FDCAN_Com_Polling/Src/main.c:385:6:Error_Handler	8	static
