/Users/weiqianpeng/Documents/ME433/ME_433/HW12/FDCAN_Com_Polling/Src/main.c:94:6:writeINA219	32	static
/Users/weiqianpeng/Documents/ME433/ME_433/HW12/FDCAN_Com_Polling/Src/main.c:102:14:readINA219	40	static
/Users/weiqianpeng/Documents/ME433/ME_433/HW12/FDCAN_Com_Polling/Src/main.c:110:6:init_ina219	16	static
/Users/weiqianpeng/Documents/ME433/ME_433/HW12/FDCAN_Com_Polling/Src/main.c:118:7:read_ina219	24	static
/Users/weiqianpeng/Documents/ME433/ME_433/HW12/FDCAN_Com_Polling/Src/main.c:124:10:read_adc	16	static
/Users/weiqianpeng/Documents/ME433/ME_433/HW12/FDCAN_Com_Polling/Src/main.c:135:6:motor_off	8	static
/Users/weiqianpeng/Documents/ME433/ME_433/HW12/FDCAN_Com_Polling/Src/main.c:142:6:set_motor	16	static
/Users/weiqianpeng/Documents/ME433/ME_433/HW12/FDCAN_Com_Polling/Src/main.c:160:5:main	24	static
/Users/weiqianpeng/Documents/ME433/ME_433/HW12/FDCAN_Com_Polling/Src/main.c:261:6:SystemClock_Config	64	static
/Users/weiqianpeng/Documents/ME433/ME_433/HW12/FDCAN_Com_Polling/Src/main.c:300:13:MX_ADC1_Init	24	static
/Users/weiqianpeng/Documents/ME433/ME_433/HW12/FDCAN_Com_Polling/Src/main.c:357:13:MX_FDCAN1_Init	8	static
/Users/weiqianpeng/Documents/ME433/ME_433/HW12/FDCAN_Com_Polling/Src/main.c:400:13:MX_I2C1_Init	8	static
/Users/weiqianpeng/Documents/ME433/ME_433/HW12/FDCAN_Com_Polling/Src/main.c:448:13:MX_TIM1_Init	120	static
/Users/weiqianpeng/Documents/ME433/ME_433/HW12/FDCAN_Com_Polling/Src/main.c:534:13:MX_TIM2_Init	40	static
/Users/weiqianpeng/Documents/ME433/ME_433/HW12/FDCAN_Com_Polling/Src/main.c:579:13:MX_GPIO_Init	24	static
/Users/weiqianpeng/Documents/ME433/ME_433/HW12/FDCAN_Com_Polling/Src/main.c:596:6:HAL_TIM_PeriodElapsedCallback	40	static
/Users/weiqianpeng/Documents/ME433/ME_433/HW12/FDCAN_Com_Polling/Src/main.c:647:6:BSP_PB_Callback	16	static
/Users/weiqianpeng/Documents/ME433/ME_433/HW12/FDCAN_Com_Polling/Src/main.c:659:17:BufferCmp8b	24	static
/Users/weiqianpeng/Documents/ME433/ME_433/HW12/FDCAN_Com_Polling/Src/main.c:678:6:Error_Handler	8	static,ignoring_inline_asm
