/Users/weiqianpeng/Documents/ME433/ME_433/HW12/FDCAN_Com_Polling/Src/stm32c0xx_it.c:71:6:NMI_Handler	8	static
/Users/weiqianpeng/Documents/ME433/ME_433/HW12/FDCAN_Com_Polling/Src/stm32c0xx_it.c:84:6:HardFault_Handler	8	static
/Users/weiqianpeng/Documents/ME433/ME_433/HW12/FDCAN_Com_Polling/Src/stm32c0xx_it.c:99:6:SVC_Handler	8	static
/Users/weiqianpeng/Documents/ME433/ME_433/HW12/FDCAN_Com_Polling/Src/stm32c0xx_it.c:112:6:PendSV_Handler	8	static
/Users/weiqianpeng/Documents/ME433/ME_433/HW12/FDCAN_Com_Polling/Src/stm32c0xx_it.c:125:6:SysTick_Handler	8	static
/Users/weiqianpeng/Documents/ME433/ME_433/HW12/FDCAN_Com_Polling/Src/stm32c0xx_it.c:146:6:EXTI4_15_IRQHandler	8	static
