/Users/weiqianpeng/Documents/ME433/ME_433/HW12/FDCAN_Com_Polling/Src/main.c:94:6:writeINA219	1
/Users/weiqianpeng/Documents/ME433/ME_433/HW12/FDCAN_Com_Polling/Src/main.c:102:14:readINA219	1
/Users/weiqianpeng/Documents/ME433/ME_433/HW12/FDCAN_Com_Polling/Src/main.c:110:6:init_ina219	1
/Users/weiqianpeng/Documents/ME433/ME_433/HW12/FDCAN_Com_Polling/Src/main.c:118:7:read_ina219	1
/Users/weiqianpeng/Documents/ME433/ME_433/HW12/FDCAN_Com_Polling/Src/main.c:124:10:read_adc	2
/Users/weiqianpeng/Documents/ME433/ME_433/HW12/FDCAN_Com_Polling/Src/main.c:135:6:motor_off	1
/Users/weiqianpeng/Documents/ME433/ME_433/HW12/FDCAN_Com_Polling/Src/main.c:142:6:set_motor	4
/Users/weiqianpeng/Documents/ME433/ME_433/HW12/FDCAN_Com_Polling/Src/main.c:160:5:main	6
/Users/weiqianpeng/Documents/ME433/ME_433/HW12/FDCAN_Com_Polling/Src/main.c:261:6:SystemClock_Config	3
/Users/weiqianpeng/Documents/ME433/ME_433/HW12/FDCAN_Com_Polling/Src/main.c:300:13:MX_ADC1_Init	3
/Users/weiqianpeng/Documents/ME433/ME_433/HW12/FDCAN_Com_Polling/Src/main.c:357:13:MX_FDCAN1_Init	2
/Users/weiqianpeng/Documents/ME433/ME_433/HW12/FDCAN_Com_Polling/Src/main.c:400:13:MX_I2C1_Init	4
/Users/weiqianpeng/Documents/ME433/ME_433/HW12/FDCAN_Com_Polling/Src/main.c:448:13:MX_TIM1_Init	8
/Users/weiqianpeng/Documents/ME433/ME_433/HW12/FDCAN_Com_Polling/Src/main.c:534:13:MX_TIM2_Init	4
/Users/weiqianpeng/Documents/ME433/ME_433/HW12/FDCAN_Com_Polling/Src/main.c:579:13:MX_GPIO_Init	1
/Users/weiqianpeng/Documents/ME433/ME_433/HW12/FDCAN_Com_Polling/Src/main.c:596:6:HAL_TIM_PeriodElapsedCallback	8
/Users/weiqianpeng/Documents/ME433/ME_433/HW12/FDCAN_Com_Polling/Src/main.c:647:6:BSP_PB_Callback	2
/Users/weiqianpeng/Documents/ME433/ME_433/HW12/FDCAN_Com_Polling/Src/main.c:659:17:BufferCmp8b	3
/Users/weiqianpeng/Documents/ME433/ME_433/HW12/FDCAN_Com_Polling/Src/main.c:678:6:Error_Handler	1
