Archive member included to satisfy reference by file (symbol)

/Applications/STM32CubeIDE.app/Contents/Eclipse/plugins/com.st.stm32cube.ide.mcu.externaltools.gnu-tools-for-stm32.14.3.rel1.macosaarch64_1.0.0.202602081740/tools/bin/../lib/gcc/arm-none-eabi/14.3.1/../../../../arm-none-eabi/lib/thumb/v6-m/nofp/libc_nano.a(libc_a-exit.o)
                              /Applications/STM32CubeIDE.app/Contents/Eclipse/plugins/com.st.stm32cube.ide.mcu.externaltools.gnu-tools-for-stm32.14.3.rel1.macosaarch64_1.0.0.202602081740/tools/bin/../lib/gcc/arm-none-eabi/14.3.1/../../../../arm-none-eabi/lib/thumb/v6-m/nofp/crt0.o (exit)
/Applications/STM32CubeIDE.app/Contents/Eclipse/plugins/com.st.stm32cube.ide.mcu.externaltools.gnu-tools-for-stm32.14.3.rel1.macosaarch64_1.0.0.202602081740/tools/bin/../lib/gcc/arm-none-eabi/14.3.1/../../../../arm-none-eabi/lib/thumb/v6-m/nofp/libc_nano.a(libc_a-findfp.o)
                              /Applications/STM32CubeIDE.app/Contents/Eclipse/plugins/com.st.stm32cube.ide.mcu.externaltools.gnu-tools-for-stm32.14.3.rel1.macosaarch64_1.0.0.202602081740/tools/bin/../lib/gcc/arm-none-eabi/14.3.1/../../../../arm-none-eabi/lib/thumb/v6-m/nofp/libc_nano.a(libc_a-exit.o) (__stdio_exit_handler)
/Applications/STM32CubeIDE.app/Contents/Eclipse/plugins/com.st.stm32cube.ide.mcu.externaltools.gnu-tools-for-stm32.14.3.rel1.macosaarch64_1.0.0.202602081740/tools/bin/../lib/gcc/arm-none-eabi/14.3.1/../../../../arm-none-eabi/lib/thumb/v6-m/nofp/libc_nano.a(libc_a-fwalk.o)
                              /Applications/STM32CubeIDE.app/Contents/Eclipse/plugins/com.st.stm32cube.ide.mcu.externaltools.gnu-tools-for-stm32.14.3.rel1.macosaarch64_1.0.0.202602081740/tools/bin/../lib/gcc/arm-none-eabi/14.3.1/../../../../arm-none-eabi/lib/thumb/v6-m/nofp/libc_nano.a(libc_a-findfp.o) (_fwalk_sglue)
/Applications/STM32CubeIDE.app/Contents/Eclipse/plugins/com.st.stm32cube.ide.mcu.externaltools.gnu-tools-for-stm32.14.3.rel1.macosaarch64_1.0.0.202602081740/tools/bin/../lib/gcc/arm-none-eabi/14.3.1/../../../../arm-none-eabi/lib/thumb/v6-m/nofp/libc_nano.a(libc_a-printf.o)
                              ./Application/User/main.o (printf)
/Applications/STM32CubeIDE.app/Contents/Eclipse/plugins/com.st.stm32cube.ide.mcu.externaltools.gnu-tools-for-stm32.14.3.rel1.macosaarch64_1.0.0.202602081740/tools/bin/../lib/gcc/arm-none-eabi/14.3.1/../../../../arm-none-eabi/lib/thumb/v6-m/nofp/libc_nano.a(libc_a-puts.o)
                              ./Application/User/main.o (puts)
/Applications/STM32CubeIDE.app/Contents/Eclipse/plugins/com.st.stm32cube.ide.mcu.externaltools.gnu-tools-for-stm32.14.3.rel1.macosaarch64_1.0.0.202602081740/tools/bin/../lib/gcc/arm-none-eabi/14.3.1/../../../../arm-none-eabi/lib/thumb/v6-m/nofp/libc_nano.a(libc_a-memset.o)
                              /Applications/STM32CubeIDE.app/Contents/Eclipse/plugins/com.st.stm32cube.ide.mcu.externaltools.gnu-tools-for-stm32.14.3.rel1.macosaarch64_1.0.0.202602081740/tools/bin/../lib/gcc/arm-none-eabi/14.3.1/../../../../arm-none-eabi/lib/thumb/v6-m/nofp/crt0.o (memset)
/Applications/STM32CubeIDE.app/Contents/Eclipse/plugins/com.st.stm32cube.ide.mcu.externaltools.gnu-tools-for-stm32.14.3.rel1.macosaarch64_1.0.0.202602081740/tools/bin/../lib/gcc/arm-none-eabi/14.3.1/../../../../arm-none-eabi/lib/thumb/v6-m/nofp/libc_nano.a(libc_a-errno.o)
                              ./Application/User/syscalls.o (__errno)
/Applications/STM32CubeIDE.app/Contents/Eclipse/plugins/com.st.stm32cube.ide.mcu.externaltools.gnu-tools-for-stm32.14.3.rel1.macosaarch64_1.0.0.202602081740/tools/bin/../lib/gcc/arm-none-eabi/14.3.1/../../../../arm-none-eabi/lib/thumb/v6-m/nofp/libc_nano.a(libc_a-init.o)
                              /Applications/STM32CubeIDE.app/Contents/Eclipse/plugins/com.st.stm32cube.ide.mcu.externaltools.gnu-tools-for-stm32.14.3.rel1.macosaarch64_1.0.0.202602081740/tools/bin/../lib/gcc/arm-none-eabi/14.3.1/../../../../arm-none-eabi/lib/thumb/v6-m/nofp/crt0.o (__libc_init_array)
/Applications/STM32CubeIDE.app/Contents/Eclipse/plugins/com.st.stm32cube.ide.mcu.externaltools.gnu-tools-for-stm32.14.3.rel1.macosaarch64_1.0.0.202602081740/tools/bin/../lib/gcc/arm-none-eabi/14.3.1/../../../../arm-none-eabi/lib/thumb/v6-m/nofp/libc_nano.a(libc_a-lock.o)
                              /Applications/STM32CubeIDE.app/Contents/Eclipse/plugins/com.st.stm32cube.ide.mcu.externaltools.gnu-tools-for-stm32.14.3.rel1.macosaarch64_1.0.0.202602081740/tools/bin/../lib/gcc/arm-none-eabi/14.3.1/../../../../arm-none-eabi/lib/thumb/v6-m/nofp/libc_nano.a(libc_a-findfp.o) (__retarget_lock_init_recursive)
/Applications/STM32CubeIDE.app/Contents/Eclipse/plugins/com.st.stm32cube.ide.mcu.externaltools.gnu-tools-for-stm32.14.3.rel1.macosaarch64_1.0.0.202602081740/tools/bin/../lib/gcc/arm-none-eabi/14.3.1/../../../../arm-none-eabi/lib/thumb/v6-m/nofp/libc_nano.a(libc_a-impure.o)
[...]
Memory Configuration

Name             Origin             Length             Attributes
RAM              0x20000000         0x00007800         xrw
FLASH            0x08000000         0x00040000         xr
*default*        0x00000000         0xffffffff

Linker script and memory map

LOAD /Applications/STM32CubeIDE.app/Contents/Eclipse/plugins/com.st.stm32cube.ide.mcu.externaltools.gnu-tools-for-stm32.14.3.rel1.macosaarch64_1.0.0.202602081740/tools/bin/../lib/gcc/arm-none-eabi/14.3.1/thumb/v6-m/nofp/crti.o
LOAD /Applications/STM32CubeIDE.app/Contents/Eclipse/plugins/com.st.stm32cube.ide.mcu.externaltools.gnu-tools-for-stm32.14.3.rel1.macosaarch64_1.0.0.202602081740/tools/bin/../lib/gcc/arm-none-eabi/14.3.1/thumb/v6-m/nofp/crtbegin.o
LOAD /Applications/STM32CubeIDE.app/Contents/Eclipse/plugins/com.st.stm32cube.ide.mcu.externaltools.gnu-tools-for-stm32.14.3.rel1.macosaarch64_1.0.0.202602081740/tools/bin/../lib/gcc/arm-none-eabi/14.3.1/../../../../arm-none-eabi/lib/thumb/v6-m/nofp/crt0.o
LOAD ./Application/Startup/startup_stm32c092rctx.o
LOAD ./Application/User/main.o
LOAD ./Application/User/stm32c0xx_hal_msp.o
LOAD ./Application/User/stm32c0xx_it.o
LOAD ./Application/User/syscalls.o
LOAD ./Application/User/sysmem.o
LOAD ./Drivers/BSP/STM32C0xx_Nucleo/stm32c0xx_nucleo.o
LOAD ./Drivers/CMSIS/system_stm32c0xx.o
LOAD ./Drivers/STM32C0xx_HAL_Driver/stm32c0xx_hal.o
LOAD ./Drivers/STM32C0xx_HAL_Driver/stm32c0xx_hal_cortex.o
LOAD ./Drivers/STM32C0xx_HAL_Driver/stm32c0xx_hal_dma.o
LOAD ./Drivers/STM32C0xx_HAL_Driver/stm32c0xx_hal_dma_ex.o
LOAD ./Drivers/STM32C0xx_HAL_Driver/stm32c0xx_hal_exti.o
LOAD ./Drivers/STM32C0xx_HAL_Driver/stm32c0xx_hal_fdcan.o
LOAD ./Drivers/STM32C0xx_HAL_Driver/stm32c0xx_hal_flash.o
LOAD ./Drivers/STM32C0xx_HAL_Driver/stm32c0xx_hal_flash_ex.o
LOAD ./Drivers/STM32C0xx_HAL_Driver/stm32c0xx_hal_gpio.o
LOAD ./Drivers/STM32C0xx_HAL_Driver/stm32c0xx_hal_pwr.o
LOAD ./Drivers/STM32C0xx_HAL_Driver/stm32c0xx_hal_pwr_ex.o
LOAD ./Drivers/STM32C0xx_HAL_Driver/stm32c0xx_hal_rcc.o
LOAD ./Drivers/STM32C0xx_HAL_Driver/stm32c0xx_hal_rcc_ex.o
LOAD ./Drivers/STM32C0xx_HAL_Driver/stm32c0xx_hal_uart.o
LOAD ./Drivers/STM32C0xx_HAL_Driver/stm32c0xx_hal_uart_ex.o
START GROUP
LOAD /Applications/STM32CubeIDE.app/Contents/Eclipse/plugins/com.st.stm32cube.ide.mcu.externaltools.gnu-tools-for-stm32.14.3.rel1.macosaarch64_1.0.0.202602081740/tools/bin/../lib/gcc/arm-none-eabi/14.3.1/../../../../arm-none-eabi/lib/thumb/v6-m/nofp/libc_nano.a
LOAD /Applications/STM32CubeIDE.app/Contents/Eclipse/plugins/com.st.stm32cube.ide.mcu.externaltools.gnu-tools-for-stm32.14.3.rel1.macosaarch64_1.0.0.202602081740/tools/bin/../lib/gcc/arm-none-eabi/14.3.1/../../../../arm-none-eabi/lib/thumb/v6-m/nofp/libm.a
END GROUP
START GROUP
LOAD /Applications/STM32CubeIDE.app/Contents/Eclipse/plugins/com.st.stm32cube.ide.mcu.externaltools.gnu-tools-for-stm32.14.3.rel1.macosaarch64_1.0.0.202602081740/tools/bin/../lib/gcc/arm-none-eabi/14.3.1/thumb/v6-m/nofp/libgcc.a
LOAD /Applications/STM32CubeIDE.app/Contents/Eclipse/plugins/com.st.stm32cube.ide.mcu.externaltools.gnu-tools-for-stm32.14.3.rel1.macosaarch64_1.0.0.202602081740/tools/bin/../lib/gcc/arm-none-eabi/14.3.1/../../../../arm-none-eabi/lib/thumb/v6-m/nofp/libc_nano.a
END GROUP
START GROUP
LOAD /Applications/STM32CubeIDE.app/Contents/Eclipse/plugins/com.st.stm32cube.ide.mcu.externaltools.gnu-tools-for-stm32.14.3.rel1.macosaarch64_1.0.0.202602081740/tools/bin/../lib/gcc/arm-none-eabi/14.3.1/thumb/v6-m/nofp/libgcc.a
LOAD /Applications/STM32CubeIDE.app/Contents/Eclipse/plugins/com.st.stm32cube.ide.mcu.externaltools.gnu-tools-for-stm32.14.3.rel1.macosaarch64_1.0.0.202602081740/tools/bin/../lib/gcc/arm-none-eabi/14.3.1/../../../../arm-none-eabi/lib/thumb/v6-m/nofp/libc_nano.a
LOAD /Applications/STM32CubeIDE.app/Contents/Eclipse/plugins/com.st.stm32cube.ide.mcu.externaltools.gnu-tools-for-stm32.14.3.rel1.macosaarch64_1.0.0.202602081740/tools/bin/../lib/gcc/arm-none-eabi/14.3.1/../../../../arm-none-eabi/lib/thumb/v6-m/nofp/libnosys.a
END GROUP
START GROUP
LOAD /Applications/STM32CubeIDE.app/Contents/Eclipse/plugins/com.st.stm32cube.ide.mcu.externaltools.gnu-tools-for-stm32.14.3.rel1.macosaarch64_1.0.0.202602081740/tools/bin/../lib/gcc/arm-none-eabi/14.3.1/thumb/v6-m/nofp/libgcc.a
LOAD /Applications/STM32CubeIDE.app/Contents/Eclipse/plugins/com.st.stm32cube.ide.mcu.externaltools.gnu-tools-for-stm32.14.3.rel1.macosaarch64_1.0.0.202602081740/tools/bin/../lib/gcc/arm-none-eabi/14.3.1/../../../../arm-none-eabi/lib/thumb/v6-m/nofp/libc_nano.a
LOAD /Applications/STM32CubeIDE.app/Contents/Eclipse/plugins/com.st.stm32cube.ide.mcu.externaltools.gnu-tools-for-stm32.14.3.rel1.macosaarch64_1.0.0.202602081740/tools/bin/../lib/gcc/arm-none-eabi/14.3.1/../../../../arm-none-eabi/lib/thumb/v6-m/nofp/libnosys.a
END GROUP
LOAD /Applications/STM32CubeIDE.app/Contents/Eclipse/plugins/com.st.stm32cube.ide.mcu.externaltools.gnu-tools-for-stm32.14.3.rel1.macosaarch64_1.0.0.202602081740/tools/bin/../lib/gcc/arm-none-eabi/14.3.1/thumb/v6-m/nofp/crtend.o
LOAD /Applications/STM32CubeIDE.app/Contents/Eclipse/plugins/com.st.stm32cube.ide.mcu.externaltools.gnu-tools-for-stm32.14.3.rel1.macosaarch64_1.0.0.202602081740/tools/bin/../lib/gcc/arm-none-eabi/14.3.1/thumb/v6-m/nofp/crtn.o
                0x20007800                        _estack = (ORIGIN (RAM) + LENGTH (RAM))
                0x00000200                        _Min_Heap_Size = 0x200
                0x00000400                        _Min_Stack_Size = 0x400

.isr_vector     0x08000000       0xc0
                0x08000000                        . = ALIGN (0x4)
 *(.isr_vector)
 .isr_vector    0x08000000       0xc0 ./Application/Startup/startup_stm32c092rctx.o
                0x08000000                g_pfnVectors
                0x080000c0                        . = ALIGN (0x4)

.text           0x080000c0     0x4030
                0x080000c0                        . = ALIGN (0x4)
 *(.text)
 .text          0x080000c0       0x48 /Applications/STM32CubeIDE.app/Contents/Eclipse/plugins/com.st.stm32cube.ide.mcu.externaltools.gnu-tools-for-stm32.14.3.rel1.macosaarch64_1.0.0.202602081740/tools/bin/../lib/gcc/arm-none-eabi/14.3.1/thumb/v6-m/nofp/crtbegin.o
 .text          0x08000108       0x14 /Applications/STM32CubeIDE.app/Contents/Eclipse/plugins/com.st.stm32cube.ide.mcu.externaltools.gnu-tools-for-stm32.14.3.rel1.macosaarch64_1.0.0.202602081740/tools/bin/../lib/gcc/arm-none-eabi/14.3.1/thumb/v6-m/nofp/libgcc.a(_thumb1_case_shi.o)
                0x08000108                __gnu_thumb1_case_shi
 .text          0x0800011c      0x114 /Applications/STM32CubeIDE.app/Contents/Eclipse/plugins/com.st.stm32cube.ide.mcu.externaltools.gnu-tools-for-stm32.14.3.rel1.macosaarch64_1.0.0.202602081740/tools/bin/../lib/gcc/arm-none-eabi/14.3.1/thumb/v6-m/nofp/libgcc.a(_udivsi3.o)
                0x0800011c                __udivsi3
                0x0800011c                __aeabi_uidiv
                0x08000228                __aeabi_uidivmod
 .text          0x08000230        0x4 /Applications/STM32CubeIDE.app/Contents/Eclipse/plugins/com.st.stm32cube.ide.mcu.externaltools.gnu-tools-for-stm32.14.3.rel1.macosaarch64_1.0.0.202602081740/tools/bin/../lib/gcc/arm-none-eabi/14.3.1/thumb/v6-m/nofp/libgcc.a(_dvmd_tls.o)
                0x08000230                __aeabi_ldiv0
                0x08000230                __aeabi_idiv0
 .text          0x08000234       0x40 /Applications/STM32CubeIDE.app/Contents/Eclipse/plugins/com.st.stm32cube.ide.mcu.externaltools.gnu-tools-for-stm32.14.3.rel1.macosaarch64_1.0.0.202602081740/tools/bin/../lib/gcc/arm-none-eabi/14.3.1/thumb/v6-m/nofp/libgcc.a(fixsfsi.o)
                0x08000234                __aeabi_f2iz
 *(.text*)
 .text.Reset_Handler
                0x08000274       0x50 ./Application/Startup/startup_stm32c092rctx.o
                0x08000274                Reset_Handler
 .text.Default_Handler
                0x080002c4        0x2 ./Application/Startup/startup_stm32c092rctx.o
                0x080002c4                TIM1_BRK_UP_TRG_COM_IRQHandler
                0x080002c4                I2C1_IRQHandler
                0x080002c4                FDCAN1_IT1_IRQHandler
                0x080002c4                SPI1_IRQHandler
                0x080002c4                USART3_4_IRQHandler
                0x080002c4                EXTI2_3_IRQHandler
                0x080002c4                ADC1_IRQHandler
                0x080002c4                I2C2_IRQHandler
                0x080002c4                TIM17_IRQHandler
                0x080002c4                RTC_IRQHandler
                0x080002c4                TIM16_IRQHandler
                0x080002c4                TIM3_IRQHandler
                0x080002c4                RCC_IRQHandler
                0x080002c4                DMA1_Channel1_IRQHandler
                0x080002c4                Default_Handler
                0x080002c4                TIM14_IRQHandler
                0x080002c4                TIM15_IRQHandler
                0x080002c4                EXTI0_1_IRQHandler
                0x080002c4                SPI2_IRQHandler
                0x080002c4                WWDG_IRQHandler
                0x080002c4                FDCAN1_IT0_IRQHandler
                0x080002c4                DMA1_Channel2_3_IRQHandler
                0x080002c4                DMAMUX1_DMA1_CH4_5_IRQHandler
                0x080002c4                USART2_IRQHandler
                0x080002c4                FLASH_IRQHandler
                0x080002c4                USART1_IRQHandler
                0x080002c4                TIM1_CC_IRQHandler
 *fill*         0x080002c6        0x2 
 .text.writeINA219
                0x080002c8       0x44 ./Application/User/main.o
                0x080002c8                writeINA219
 .text.init_ina219
                0x0800030c       0x38 ./Application/User/main.o
                0x0800030c                init_ina219
 .text.motor_off
                0x08000344       0x24 ./Application/User/main.o
                0x08000344                motor_off
 .text.main     0x08000368      0x170 ./Application/User/main.o
                0x08000368                main
 .text.SystemClock_Config
                0x080004d8       0x9c ./Application/User/main.o
                0x080004d8                SystemClock_Config
 .text.MX_ADC1_Init
                0x08000574       0xcc ./Application/User/main.o
 .text.MX_FDCAN1_Init
                0x08000640       0x90 ./Application/User/main.o
 .text.MX_I2C1_Init
                0x080006d0       0x80 ./Application/User/main.o
 .text.MX_TIM1_Init
                0x08000750      0x1ac ./Application/User/main.o
 .text.MX_TIM2_Init
                0x080008fc       0xa8 ./Application/User/main.o
 .text.MX_GPIO_Init
                0x080009a4       0x5c ./Application/User/main.o
 .text.BSP_PB_Callback
                0x08000a00       0x28 ./Application/User/main.o
                0x08000a00                BSP_PB_Callback
 .text.Error_Handler
                0x08000a28       0x1c ./Application/User/main.o
                0x08000a28                Error_Handler
 .text.HAL_MspInit
                0x08000a44       0x48 ./Application/User/stm32c0xx_hal_msp.o
                0x08000a44                HAL_MspInit
 .text.HAL_FDCAN_MspInit
                0x08000a8c       0xc4 ./Application/User/stm32c0xx_hal_msp.o
                0x08000a8c                HAL_FDCAN_MspInit
 .text.HAL_TIM_MspPostInit
                0x08000b50       0xa8 ./Application/User/stm32c0xx_hal_msp.o
                0x08000b50                HAL_TIM_MspPostInit
 .text.NMI_Handler
                0x08000bf8        0xa ./Application/User/stm32c0xx_it.o
                0x08000bf8                NMI_Handler
 .text.HardFault_Handler
                0x08000c02        0x8 ./Application/User/stm32c0xx_it.o
                0x08000c02                HardFault_Handler
 .text.SVC_Handler
                0x08000c0a        0xa ./Application/User/stm32c0xx_it.o
                0x08000c0a                SVC_Handler
 .text.PendSV_Handler
                0x08000c14        0xa ./Application/User/stm32c0xx_it.o
                0x08000c14                PendSV_Handler
 .text.SysTick_Handler
                0x08000c1e        0xe ./Application/User/stm32c0xx_it.o
                0x08000c1e                SysTick_Handler
 .text.EXTI4_15_IRQHandler
                0x08000c2c       0x10 ./Application/User/stm32c0xx_it.o
                0x08000c2c                EXTI4_15_IRQHandler
 .text.TIM2_IRQHandler
                0x08000c3c       0x18 ./Application/User/stm32c0xx_it.o
                0x08000c3c                TIM2_IRQHandler
 .text._read    0x08000c54       0x3a ./Application/User/syscalls.o
                0x08000c54                _read
 .text._write   0x08000c8e       0x38 ./Application/User/syscalls.o
                0x08000c8e                _write
 .text._close   0x08000cc6       0x14 ./Application/User/syscalls.o
                0x08000cc6                _close
 .text._fstat   0x08000cda       0x1c ./Application/User/syscalls.o
                0x08000cda                _fstat
 .text._isatty  0x08000cf6       0x12 ./Application/User/syscalls.o
                0x08000cf6                _isatty
 .text._lseek   0x08000d08       0x16 ./Application/User/syscalls.o
                0x08000d08                _lseek
 *fill*         0x08000d1e        0x2 
 .text._sbrk    0x08000d20       0x6c ./Application/User/sysmem.o
                0x08000d20                _sbrk
 .text.BSP_LED_Init
                0x08000d8c       0xd4 ./Drivers/BSP/STM32C0xx_Nucleo/stm32c0xx_nucleo.o
                0x08000d8c                BSP_LED_Init
 .text.BSP_LED_Off
                0x08000e60       0x7c ./Drivers/BSP/STM32C0xx_Nucleo/stm32c0xx_nucleo.o
                0x08000e60                BSP_LED_Off
 .text.BSP_LED_Toggle
                0x08000edc       0x54 ./Drivers/BSP/STM32C0xx_Nucleo/stm32c0xx_nucleo.o
                0x08000edc                BSP_LED_Toggle
 .text.BSP_PB_Init
                0x08000f30      0x108 ./Drivers/BSP/STM32C0xx_Nucleo/stm32c0xx_nucleo.o
                0x08000f30                BSP_PB_Init
 .text.BSP_PB_IRQHandler
                0x08001038       0x30 ./Drivers/BSP/STM32C0xx_Nucleo/stm32c0xx_nucleo.o
                0x08001038                BSP_PB_IRQHandler
 .text.BSP_COM_Init
                0x08001068       0x64 ./Drivers/BSP/STM32C0xx_Nucleo/stm32c0xx_nucleo.o
                0x08001068                BSP_COM_Init
 .text.MX_USART2_Init
                0x080010cc       0x6c ./Drivers/BSP/STM32C0xx_Nucleo/stm32c0xx_nucleo.o
                0x080010cc                MX_USART2_Init
 .text.__io_putchar
                0x08001138       0x34 ./Drivers/BSP/STM32C0xx_Nucleo/stm32c0xx_nucleo.o
                0x08001138                __io_putchar
 .text.BUTTON_USER_EXTI_Callback
                0x0800116c       0x10 ./Drivers/BSP/STM32C0xx_Nucleo/stm32c0xx_nucleo.o
 .text.COM1_MspInit
                0x0800117c       0xb0 ./Drivers/BSP/STM32C0xx_Nucleo/stm32c0xx_nucleo.o
 .text.SystemInit
                0x0800122c       0x18 ./Drivers/CMSIS/system_stm32c0xx.o
                0x0800122c                SystemInit
 .text.HAL_Init
                0x08001244       0x2e ./Drivers/STM32C0xx_HAL_Driver/stm32c0xx_hal.o
                0x08001244                HAL_Init
 *fill*         0x08001272        0x2 
 .text.HAL_InitTick
                0x08001274       0x94 ./Drivers/STM32C0xx_HAL_Driver/stm32c0xx_hal.o
                0x08001274                HAL_InitTick
 .text.HAL_IncTick
                0x08001308       0x24 ./Drivers/STM32C0xx_HAL_Driver/stm32c0xx_hal.o
                0x08001308                HAL_IncTick
 .text.HAL_GetTick
                0x0800132c       0x14 ./Drivers/STM32C0xx_HAL_Driver/stm32c0xx_hal.o
                0x0800132c                HAL_GetTick
 .text.HAL_Delay
                0x08001340       0x48 ./Drivers/STM32C0xx_HAL_Driver/stm32c0xx_hal.o
                0x08001340                HAL_Delay
 .text.__NVIC_EnableIRQ
                0x08001388       0x34 ./Drivers/STM32C0xx_HAL_Driver/stm32c0xx_hal_cortex.o
 .text.__NVIC_SetPriority
                0x080013bc       0xdc ./Drivers/STM32C0xx_HAL_Driver/stm32c0xx_hal_cortex.o
 .text.SysTick_Config
                0x08001498       0x48 ./Drivers/STM32C0xx_HAL_Driver/stm32c0xx_hal_cortex.o
 .text.HAL_NVIC_SetPriority
                0x080014e0       0x2a ./Drivers/STM32C0xx_HAL_Driver/stm32c0xx_hal_cortex.o
                0x080014e0                HAL_NVIC_SetPriority
 .text.HAL_NVIC_EnableIRQ
                0x0800150a       0x20 ./Drivers/STM32C0xx_HAL_Driver/stm32c0xx_hal_cortex.o
                0x0800150a                HAL_NVIC_EnableIRQ
 .text.HAL_SYSTICK_Config
                0x0800152a       0x1a ./Drivers/STM32C0xx_HAL_Driver/stm32c0xx_hal_cortex.o
                0x0800152a                HAL_SYSTICK_Config
 .text.HAL_EXTI_RegisterCallback
                0x08001544       0x64 ./Drivers/STM32C0xx_HAL_Driver/stm32c0xx_hal_exti.o
                0x08001544                HAL_EXTI_RegisterCallback
 .text.HAL_EXTI_GetHandle
                0x080015a8       0x24 ./Drivers/STM32C0xx_HAL_Driver/stm32c0xx_hal_exti.o
                0x080015a8                HAL_EXTI_GetHandle
 .text.HAL_EXTI_IRQHandler
                0x080015cc       0x94 ./Drivers/STM32C0xx_HAL_Driver/stm32c0xx_hal_exti.o
                0x080015cc                HAL_EXTI_IRQHandler
 .text.HAL_FDCAN_Init
                0x08001660      0x2c0 ./Drivers/STM32C0xx_HAL_Driver/stm32c0xx_hal_fdcan.o
                0x08001660                HAL_FDCAN_Init
 .text.FDCAN_CalcultateRamBlockAddresses
                0x08001920       0xc0 ./Drivers/STM32C0xx_HAL_Driver/stm32c0xx_hal_fdcan.o
 .text.HAL_GPIO_Init
                0x080019e0      0x2e4 ./Drivers/STM32C0xx_HAL_Driver/stm32c0xx_hal_gpio.o
                0x080019e0                HAL_GPIO_Init
 .text.HAL_GPIO_WritePin
                0x08001cc4       0x3a ./Drivers/STM32C0xx_HAL_Driver/stm32c0xx_hal_gpio.o
                0x08001cc4                HAL_GPIO_WritePin
 .text.HAL_GPIO_TogglePin
                0x08001cfe       0x36 ./Drivers/STM32C0xx_HAL_Driver/stm32c0xx_hal_gpio.o
                0x08001cfe                HAL_GPIO_TogglePin
 .text.HAL_RCC_OscConfig
                0x08001d34      0x3c8 ./Drivers/STM32C0xx_HAL_Driver/stm32c0xx_hal_rcc.o
                0x08001d34                HAL_RCC_OscConfig
 .text.HAL_RCC_ClockConfig
                0x080020fc      0x214 ./Drivers/STM32C0xx_HAL_Driver/stm32c0xx_hal_rcc.o
                0x080020fc                HAL_RCC_ClockConfig
 .text.HAL_RCC_GetSysClockFreq
                0x08002310       0xa0 ./Drivers/STM32C0xx_HAL_Driver/stm32c0xx_hal_rcc.o
                0x08002310                HAL_RCC_GetSysClockFreq
 .text.HAL_RCC_GetHCLKFreq
                0x080023b0       0x3c ./Drivers/STM32C0xx_HAL_Driver/stm32c0xx_hal_rcc.o
                0x080023b0                HAL_RCC_GetHCLKFreq
 .text.HAL_RCC_GetPCLK1Freq
                0x080023ec       0x30 ./Drivers/STM32C0xx_HAL_Driver/stm32c0xx_hal_rcc.o
                0x080023ec                HAL_RCC_GetPCLK1Freq
 .text.HAL_RCCEx_PeriphCLKConfig
                0x0800241c      0x1f4 ./Drivers/STM32C0xx_HAL_Driver/stm32c0xx_hal_rcc_ex.o
                0x0800241c                HAL_RCCEx_PeriphCLKConfig
 .text.HAL_UART_Init
                0x08002610       0xac ./Drivers/STM32C0xx_HAL_Driver/stm32c0xx_hal_uart.o
                0x08002610                HAL_UART_Init
 .text.HAL_UART_MspInit
                0x080026bc       0x10 ./Drivers/STM32C0xx_HAL_Driver/stm32c0xx_hal_uart.o
                0x080026bc                HAL_UART_MspInit
 .text.HAL_UART_Transmit
                0x080026cc      0x148 ./Drivers/STM32C0xx_HAL_Driver/stm32c0xx_hal_uart.o
                0x080026cc                HAL_UART_Transmit
 .text.HAL_UART_Receive
                0x08002814      0x1cc ./Drivers/STM32C0xx_HAL_Driver/stm32c0xx_hal_uart.o
                0x08002814                HAL_UART_Receive
 .text.UART_SetConfig
                0x080029e0      0x32c ./Drivers/STM32C0xx_HAL_Driver/stm32c0xx_hal_uart.o
                0x080029e0                UART_SetConfig
 .text.UART_AdvFeatureConfig
                0x08002d0c      0x168 ./Drivers/STM32C0xx_HAL_Driver/stm32c0xx_hal_uart.o
                0x08002d0c                UART_AdvFeatureConfig
 .text.UART_CheckIdleState
                0x08002e74      0x154 ./Drivers/STM32C0xx_HAL_Driver/stm32c0xx_hal_uart.o
                0x08002e74                UART_CheckIdleState
 .text.UART_WaitOnFlagUntilTimeout
                0x08002fc8       0xde ./Drivers/STM32C0xx_HAL_Driver/stm32c0xx_hal_uart.o
                0x08002fc8                UART_WaitOnFlagUntilTimeout
 *fill*         0x080030a6        0x2 
 .text.UART_EndRxTransfer
                0x080030a8       0xcc ./Drivers/STM32C0xx_HAL_Driver/stm32c0xx_hal_uart.o
 .text.std      0x08003174       0x6c /Applications/STM32CubeIDE.app/Contents/Eclipse/plugins/com.st.stm32cube.ide.mcu.externaltools.gnu-tools-for-stm32.14.3.rel1.macosaarch64_1.0.0.202602081740/tools/bin/../lib/gcc/arm-none-eabi/14.3.1/../../../../arm-none-eabi/lib/thumb/v6-m/nofp/libc_nano.a(libc_a-findfp.o)
 .text.stdio_exit_handler
                0x080031e0       0x1c /Applications/STM32CubeIDE.app/Contents/Eclipse/plugins/com.st.stm32cube.ide.mcu.externaltools.gnu-tools-for-stm32.14.3.rel1.macosaarch64_1.0.0.202602081740/tools/bin/../lib/gcc/arm-none-eabi/14.3.1/../../../../arm-none-eabi/lib/thumb/v6-m/nofp/libc_nano.a(libc_a-findfp.o)
 .text.cleanup_stdio
                0x080031fc       0x3c /Applications/STM32CubeIDE.app/Contents/Eclipse/plugins/com.st.stm32cube.ide.mcu.externaltools.gnu-tools-for-stm32.14.3.rel1.macosaarch64_1.0.0.202602081740/tools/bin/../lib/gcc/arm-none-eabi/14.3.1/../../../../arm-none-eabi/lib/thumb/v6-m/nofp/libc_nano.a(libc_a-findfp.o)
 .text.global_stdio_init.part.0
                0x08003238       0x3c /Applications/STM32CubeIDE.app/Contents/Eclipse/plugins/com.st.stm32cube.ide.mcu.externaltools.gnu-tools-for-stm32.14.3.rel1.macosaarch64_1.0.0.202602081740/tools/bin/../lib/gcc/arm-none-eabi/14.3.1/../../../../arm-none-eabi/lib/thumb/v6-m/nofp/libc_nano.a(libc_a-findfp.o)
 .text.__sfp_lock_acquire
                0x08003274       0x10 /Applications/STM32CubeIDE.app/Contents/Eclipse/plugins/com.st.stm32cube.ide.mcu.externaltools.gnu-tools-for-stm32.14.3.rel1.macosaarch64_1.0.0.202602081740/tools/bin/../lib/gcc/arm-none-eabi/14.3.1/../../../../arm-none-eabi/lib/thumb/v6-m/nofp/libc_nano.a(libc_a-findfp.o)
                0x08003274                __sfp_lock_acquire
 .text.__sfp_lock_release
                0x08003284       0x10 /Applications/STM32CubeIDE.app/Contents/Eclipse/plugins/com.st.stm32cube.ide.mcu.externaltools.gnu-tools-for-stm32.14.3.rel1.macosaarch64_1.0.0.202602081740/tools/bin/../lib/gcc/arm-none-eabi/14.3.1/../../../../arm-none-eabi/lib/thumb/v6-m/nofp/libc_nano.a(libc_a-findfp.o)
                0x08003284                __sfp_lock_release
 .text.__sinit  0x08003294       0x30 /Applications/STM32CubeIDE.app/Contents/Eclipse/plugins/com.st.stm32cube.ide.mcu.externaltools.gnu-tools-for-stm32.14.3.rel1.macosaarch64_1.0.0.202602081740/tools/bin/../lib/gcc/arm-none-eabi/14.3.1/../../../../arm-none-eabi/lib/thumb/v6-m/nofp/libc_nano.a(libc_a-findfp.o)
                0x08003294                __sinit
 .text._fwalk_sglue
                0x080032c4       0x38 /Applications/STM32CubeIDE.app/Contents/Eclipse/plugins/com.st.stm32cube.ide.mcu.externaltools.gnu-tools-for-stm32.14.3.rel1.macosaarch64_1.0.0.202602081740/tools/bin/../lib/gcc/arm-none-eabi/14.3.1/../../../../arm-none-eabi/lib/thumb/v6-m/nofp/libc_nano.a(libc_a-fwalk.o)
                0x080032c4                _fwalk_sglue
 .text.printf   0x080032fc       0x20 /Applications/STM32CubeIDE.app/Contents/Eclipse/plugins/com.st.stm32cube.ide.mcu.externaltools.gnu-tools-for-stm32.14.3.rel1.macosaarch64_1.0.0.202602081740/tools/bin/../lib/gcc/arm-none-eabi/14.3.1/../../../../arm-none-eabi/lib/thumb/v6-m/nofp/libc_nano.a(libc_a-printf.o)
                0x080032fc                printf
                0x080032fc                iprintf
 .text._puts_r  0x0800331c       0xac /Applications/STM32CubeIDE.app/Contents/Eclipse/plugins/com.st.stm32cube.ide.mcu.externaltools.gnu-tools-for-stm32.14.3.rel1.macosaarch64_1.0.0.202602081740/tools/bin/../lib/gcc/arm-none-eabi/14.3.1/../../../../arm-none-eabi/lib/thumb/v6-m/nofp/libc_nano.a(libc_a-puts.o)
                0x0800331c                _puts_r
 .text.puts     0x080033c8       0x14 /Applications/STM32CubeIDE.app/Contents/Eclipse/plugins/com.st.stm32cube.ide.mcu.externaltools.gnu-tools-for-stm32.14.3.rel1.macosaarch64_1.0.0.202602081740/tools/bin/../lib/gcc/arm-none-eabi/14.3.1/../../../../arm-none-eabi/lib/thumb/v6-m/nofp/libc_nano.a(libc_a-puts.o)
                0x080033c8                puts
 .text.memset   0x080033dc       0x10 /Applications/STM32CubeIDE.app/Contents/Eclipse/plugins/com.st.stm32cube.ide.mcu.externaltools.gnu-tools-for-stm32.14.3.rel1.macosaarch64_1.0.0.202602081740/tools/bin/../lib/gcc/arm-none-eabi/14.3.1/../../../../arm-none-eabi/lib/thumb/v6-m/nofp/libc_nano.a(libc_a-memset.o)
                0x080033dc                memset
 .text.__errno  0x080033ec        0xc /Applications/STM32CubeIDE.app/Contents/Eclipse/plugins/com.st.stm32cube.ide.mcu.externaltools.gnu-tools-for-stm32.14.3.rel1.macosaarch64_1.0.0.202602081740/tools/bin/../lib/gcc/arm-none-eabi/14.3.1/../../../../arm-none-eabi/lib/thumb/v6-m/nofp/libc_nano.a(libc_a-errno.o)
                0x080033ec                __errno
 .text.__libc_init_array
                0x080033f8       0x48 /Applications/STM32CubeIDE.app/Contents/Eclipse/plugins/com.st.stm32cube.ide.mcu.externaltools.gnu-tools-for-stm32.14.3.rel1.macosaarch64_1.0.0.202602081740/tools/bin/../lib/gcc/arm-none-eabi/14.3.1/../../../../arm-none-eabi/lib/thumb/v6-m/nofp/libc_nano.a(libc_a-init.o)
                0x080033f8                __libc_init_array
 .text.__retarget_lock_init_recursive
                0x08003440        0x2 /Applications/STM32CubeIDE.app/Contents/Eclipse/plugins/com.st.stm32cube.ide.mcu.externaltools.gnu-tools-for-stm32.14.3.rel1.macosaarch64_1.0.0.202602081740/tools/bin/../lib/gcc/arm-none-eabi/14.3.1/../../../../arm-none-eabi/lib/thumb/v6-m/nofp/libc_nano.a(libc_a-lock.o)
                0x08003440                __retarget_lock_init_recursive
 .text.__retarget_lock_acquire_recursive
                0x08003442        0x2 /Applications/STM32CubeIDE.app/Contents/Eclipse/plugins/com.st.stm32cube.ide.mcu.externaltools.gnu-tools-for-stm32.14.3.rel1.macosaarch64_1.0.0.202602081740/tools/bin/../lib/gcc/arm-none-eabi/14.3.1/../../../../arm-none-eabi/lib/thumb/v6-m/nofp/libc_nano.a(libc_a-lock.o)
                0x08003442                __retarget_lock_acquire_recursive
 .text.__retarget_lock_release_recursive
                0x08003444        0x2 /Applications/STM32CubeIDE.app/Contents/Eclipse/plugins/com.st.stm32cube.ide.mcu.externaltools.gnu-tools-for-stm32.14.3.rel1.macosaarch64_1.0.0.202602081740/tools/bin/../lib/gcc/arm-none-eabi/14.3.1/../../../../arm-none-eabi/lib/thumb/v6-m/nofp/libc_nano.a(libc_a-lock.o)
                0x08003444                __retarget_lock_release_recursive
 .text.__sfputc_r
                0x08003446       0x2a /Applications/STM32CubeIDE.app/Contents/Eclipse/plugins/com.st.stm32cube.ide.mcu.externaltools.gnu-tools-for-stm32.14.3.rel1.macosaarch64_1.0.0.202602081740/tools/bin/../lib/gcc/arm-none-eabi/14.3.1/../../../../arm-none-eabi/lib/thumb/v6-m/nofp/libc_nano.a(libc_a-nano-vfprintf.o)
 .text.__sfputs_r
                0x08003470       0x24 /Applications/STM32CubeIDE.app/Contents/Eclipse/plugins/com.st.stm32cube.ide.mcu.externaltools.gnu-tools-for-stm32.14.3.rel1.macosaarch64_1.0.0.202602081740/tools/bin/../lib/gcc/arm-none-eabi/14.3.1/../../../../arm-none-eabi/lib/thumb/v6-m/nofp/libc_nano.a(libc_a-nano-vfprintf.o)
                0x08003470                __sfputs_r
 .text._vfprintf_r
                0x08003494      0x230 /Applications/STM32CubeIDE.app/Contents/Eclipse/plugins/com.st.stm32cube.ide.mcu.externaltools.gnu-tools-for-stm32.14.3.rel1.macosaarch64_1.0.0.202602081740/tools/bin/../lib/gcc/arm-none-eabi/14.3.1/../../../../arm-none-eabi/lib/thumb/v6-m/nofp/libc_nano.a(libc_a-nano-vfprintf.o)
                0x08003494                _vfiprintf_r
                0x08003494                _vfprintf_r
 .text.sbrk_aligned
                0x080036c4       0x44 /Applications/STM32CubeIDE.app/Contents/Eclipse/plugins/com.st.stm32cube.ide.mcu.externaltools.gnu-tools-for-stm32.14.3.rel1.macosaarch64_1.0.0.202602081740/tools/bin/../lib/gcc/arm-none-eabi/14.3.1/../../../../arm-none-eabi/lib/thumb/v6-m/nofp/libc_nano.a(libc_a-mallocr.o)
 .text._malloc_r
                0x08003708      0x100 /Applications/STM32CubeIDE.app/Contents/Eclipse/plugins/com.st.stm32cube.ide.mcu.externaltools.gnu-tools-for-stm32.14.3.rel1.macosaarch64_1.0.0.202602081740/tools/bin/../lib/gcc/arm-none-eabi/14.3.1/../../../../arm-none-eabi/lib/thumb/v6-m/nofp/libc_nano.a(libc_a-mallocr.o)
                0x08003708                _malloc_r
 .text._printf_common
                0x08003808       0xde /Applications/STM32CubeIDE.app/Contents/Eclipse/plugins/com.st.stm32cube.ide.mcu.externaltools.gnu-tools-for-stm32.14.3.rel1.macosaarch64_1.0.0.202602081740/tools/bin/../lib/gcc/arm-none-eabi/14.3.1/../../../../arm-none-eabi/lib/thumb/v6-m/nofp/libc_nano.a(libc_a-nano-vfprintf_i.o)
                0x08003808                _printf_common
 *fill*         0x080038e6        0x2 
 .text._printf_i
                0x080038e8      0x218 /Applications/STM32CubeIDE.app/Contents/Eclipse/plugins/com.st.stm32cube.ide.mcu.externaltools.gnu-tools-for-stm32.14.3.rel1.macosaarch64_1.0.0.202602081740/tools/bin/../lib/gcc/arm-none-eabi/14.3.1/../../../../arm-none-eabi/lib/thumb/v6-m/nofp/libc_nano.a(libc_a-nano-vfprintf_i.o)
                0x080038e8                _printf_i
 .text.__sflush_r
                0x08003b00      0x114 /Applications/STM32CubeIDE.app/Contents/Eclipse/plugins/com.st.stm32cube.ide.mcu.externaltools.gnu-tools-for-stm32.14.3.rel1.macosaarch64_1.0.0.202602081740/tools/bin/../lib/gcc/arm-none-eabi/14.3.1/../../../../arm-none-eabi/lib/thumb/v6-m/nofp/libc_nano.a(libc_a-fflush.o)
                0x08003b00                __sflush_r
 .text._fflush_r
                0x08003c14       0x56 /Applications/STM32CubeIDE.app/Contents/Eclipse/plugins/com.st.stm32cube.ide.mcu.externaltools.gnu-tools-for-stm32.14.3.rel1.macosaarch64_1.0.0.202602081740/tools/bin/../lib/gcc/arm-none-eabi/14.3.1/../../../../arm-none-eabi/lib/thumb/v6-m/nofp/libc_nano.a(libc_a-fflush.o)
                0x08003c14                _fflush_r
 *fill*         0x08003c6a        0x2 
 .text.__malloc_lock
                0x08003c6c       0x10 /Applications/STM32CubeIDE.app/Contents/Eclipse/plugins/com.st.stm32cube.ide.mcu.externaltools.gnu-tools-for-stm32.14.3.rel1.macosaarch64_1.0.0.202602081740/tools/bin/../lib/gcc/arm-none-eabi/14.3.1/../../../../arm-none-eabi/lib/thumb/v6-m/nofp/libc_nano.a(libc_a-mlock.o)
                0x08003c6c                __malloc_lock
 .text.__malloc_unlock
                0x08003c7c       0x10 /Applications/STM32CubeIDE.app/Contents/Eclipse/plugins/com.st.stm32cube.ide.mcu.externaltools.gnu-tools-for-stm32.14.3.rel1.macosaarch64_1.0.0.202602081740/tools/bin/../lib/gcc/arm-none-eabi/14.3.1/../../../../arm-none-eabi/lib/thumb/v6-m/nofp/libc_nano.a(libc_a-mlock.o)
                0x08003c7c                __malloc_unlock
 .text.__sread  0x08003c8c       0x28 /Applications/STM32CubeIDE.app/Contents/Eclipse/plugins/com.st.stm32cube.ide.mcu.externaltools.gnu-tools-for-stm32.14.3.rel1.macosaarch64_1.0.0.202602081740/tools/bin/../lib/gcc/arm-none-eabi/14.3.1/../../../../arm-none-eabi/lib/thumb/v6-m/nofp/libc_nano.a(libc_a-stdio.o)
                0x08003c8c                __sread
 .text.__swrite
                0x08003cb4       0x38 /Applications/STM32CubeIDE.app/Contents/Eclipse/plugins/com.st.stm32cube.ide.mcu.externaltools.gnu-tools-for-stm32.14.3.rel1.macosaarch64_1.0.0.202602081740/tools/bin/../lib/gcc/arm-none-eabi/14.3.1/../../../../arm-none-eabi/lib/thumb/v6-m/nofp/libc_nano.a(libc_a-stdio.o)
                0x08003cb4                __swrite
 .text.__sseek  0x08003cec       0x2c /Applications/STM32CubeIDE.app/Contents/Eclipse/plugins/com.st.stm32cube.ide.mcu.externaltools.gnu-tools-for-stm32.14.3.rel1.macosaarch64_1.0.0.202602081740/tools/bin/../lib/gcc/arm-none-eabi/14.3.1/../../../../arm-none-eabi/lib/thumb/v6-m/nofp/libc_nano.a(libc_a-stdio.o)
                0x08003cec                __sseek
 .text.__sclose
                0x08003d18        0xc /Applications/STM32CubeIDE.app/Contents/Eclipse/plugins/com.st.stm32cube.ide.mcu.externaltools.gnu-tools-for-stm32.14.3.rel1.macosaarch64_1.0.0.202602081740/tools/bin/../lib/gcc/arm-none-eabi/14.3.1/../../../../arm-none-eabi/lib/thumb/v6-m/nofp/libc_nano.a(libc_a-stdio.o)
                0x08003d18                __sclose
 .text.__swbuf_r
                0x08003d24       0x84 /Applications/STM32CubeIDE.app/Contents/Eclipse/plugins/com.st.stm32cube.ide.mcu.externaltools.gnu-tools-for-stm32.14.3.rel1.macosaarch64_1.0.0.202602081740/tools/bin/../lib/gcc/arm-none-eabi/14.3.1/../../../../arm-none-eabi/lib/thumb/v6-m/nofp/libc_nano.a(libc_a-wbuf.o)
                0x08003d24                __swbuf_r
 .text.__swsetup_r
                0x08003da8       0xb4 /Applications/STM32CubeIDE.app/Contents/Eclipse/plugins/com.st.stm32cube.ide.mcu.externaltools.gnu-tools-for-stm32.14.3.rel1.macosaarch64_1.0.0.202602081740/tools/bin/../lib/gcc/arm-none-eabi/14.3.1/../../../../arm-none-eabi/lib/thumb/v6-m/nofp/libc_nano.a(libc_a-wsetup.o)
                0x08003da8                __swsetup_r
 .text.__swhatbuf_r
                0x08003e5c       0x54 /Applications/STM32CubeIDE.app/Contents/Eclipse/plugins/com.st.stm32cube.ide.mcu.externaltools.gnu-tools-for-stm32.14.3.rel1.macosaarch64_1.0.0.202602081740/tools/bin/../lib/gcc/arm-none-eabi/14.3.1/../../../../arm-none-eabi/lib/thumb/v6-m/nofp/libc_nano.a(libc_a-makebuf.o)
                0x08003e5c                __swhatbuf_r
 .text.__smakebuf_r
                0x08003eb0       0x72 /Applications/STM32CubeIDE.app/Contents/Eclipse/plugins/com.st.stm32cube.ide.mcu.externaltools.gnu-tools-for-stm32.14.3.rel1.macosaarch64_1.0.0.202602081740/tools/bin/../lib/gcc/arm-none-eabi/14.3.1/../../../../arm-none-eabi/lib/thumb/v6-m/nofp/libc_nano.a(libc_a-makebuf.o)
                0x08003eb0                __smakebuf_r
 *fill*         0x08003f22        0x2 
 .text._isatty_r
                0x08003f24       0x24 /Applications/STM32CubeIDE.app/Contents/Eclipse/plugins/com.st.stm32cube.ide.mcu.externaltools.gnu-tools-for-stm32.14.3.rel1.macosaarch64_1.0.0.202602081740/tools/bin/../lib/gcc/arm-none-eabi/14.3.1/../../../../arm-none-eabi/lib/thumb/v6-m/nofp/libc_nano.a(libc_a-isattyr.o)
                0x08003f24                _isatty_r
 .text._lseek_r
                0x08003f48       0x28 /Applications/STM32CubeIDE.app/Contents/Eclipse/plugins/com.st.stm32cube.ide.mcu.externaltools.gnu-tools-for-stm32.14.3.rel1.macosaarch64_1.0.0.202602081740/tools/bin/../lib/gcc/arm-none-eabi/14.3.1/../../../../arm-none-eabi/lib/thumb/v6-m/nofp/libc_nano.a(libc_a-lseekr.o)
                0x08003f48                _lseek_r
 .text._read_r  0x08003f70       0x28 /Applications/STM32CubeIDE.app/Contents/Eclipse/plugins/com.st.stm32cube.ide.mcu.externaltools.gnu-tools-for-stm32.14.3.rel1.macosaarch64_1.0.0.202602081740/tools/bin/../lib/gcc/arm-none-eabi/14.3.1/../../../../arm-none-eabi/lib/thumb/v6-m/nofp/libc_nano.a(libc_a-readr.o)
                0x08003f70                _read_r
 .text._sbrk_r  0x08003f98       0x24 /Applications/STM32CubeIDE.app/Contents/Eclipse/plugins/com.st.stm32cube.ide.mcu.externaltools.gnu-tools-for-stm32.14.3.rel1.macosaarch64_1.0.0.202602081740/tools/bin/../lib/gcc/arm-none-eabi/14.3.1/../../../../arm-none-eabi/lib/thumb/v6-m/nofp/libc_nano.a(libc_a-sbrkr.o)
                0x08003f98                _sbrk_r
 .text._write_r
                0x08003fbc       0x28 /Applications/STM32CubeIDE.app/Contents/Eclipse/plugins/com.st.stm32cube.ide.mcu.externaltools.gnu-tools-for-stm32.14.3.rel1.macosaarch64_1.0.0.202602081740/tools/bin/../lib/gcc/arm-none-eabi/14.3.1/../../../../arm-none-eabi/lib/thumb/v6-m/nofp/libc_nano.a(libc_a-writer.o)
                0x08003fbc                _write_r
 .text._close_r
                0x08003fe4       0x24 /Applications/STM32CubeIDE.app/Contents/Eclipse/plugins/com.st.stm32cube.ide.mcu.externaltools.gnu-tools-for-stm32.14.3.rel1.macosaarch64_1.0.0.202602081740/tools/bin/../lib/gcc/arm-none-eabi/14.3.1/../../../../arm-none-eabi/lib/thumb/v6-m/nofp/libc_nano.a(libc_a-closer.o)
                0x08003fe4                _close_r
 .text._fstat_r
                0x08004008       0x24 /Applications/STM32CubeIDE.app/Contents/Eclipse/plugins/com.st.stm32cube.ide.mcu.externaltools.gnu-tools-for-stm32.14.3.rel1.macosaarch64_1.0.0.202602081740/tools/bin/../lib/gcc/arm-none-eabi/14.3.1/../../../../arm-none-eabi/lib/thumb/v6-m/nofp/libc_nano.a(libc_a-fstatr.o)
                0x08004008                _fstat_r
 .text.memchr   0x0800402c       0x16 /Applications/STM32CubeIDE.app/Contents/Eclipse/plugins/com.st.stm32cube.ide.mcu.externaltools.gnu-tools-for-stm32.14.3.rel1.macosaarch64_1.0.0.202602081740/tools/bin/../lib/gcc/arm-none-eabi/14.3.1/../../../../arm-none-eabi/lib/thumb/v6-m/nofp/libc_nano.a(libc_a-memchr-stub.o)
                0x0800402c                memchr
 *fill*         0x08004042        0x2 
 .text._free_r  0x08004044       0x94 /Applications/STM32CubeIDE.app/Contents/Eclipse/plugins/com.st.stm32cube.ide.mcu.externaltools.gnu-tools-for-stm32.14.3.rel1.macosaarch64_1.0.0.202602081740/tools/bin/../lib/gcc/arm-none-eabi/14.3.1/../../../../arm-none-eabi/lib/thumb/v6-m/nofp/libc_nano.a(libc_a-freer.o)
                0x08004044                _free_r
 *(.glue_7)
 .glue_7        0x080040d8        0x0 linker stubs
 *(.glue_7t)
 .glue_7t       0x080040d8        0x0 linker stubs
 *(.eh_frame)
 .eh_frame      0x080040d8        0x0 /Applications/STM32CubeIDE.app/Contents/Eclipse/plugins/com.st.stm32cube.ide.mcu.externaltools.gnu-tools-for-stm32.14.3.rel1.macosaarch64_1.0.0.202602081740/tools/bin/../lib/gcc/arm-none-eabi/14.3.1/thumb/v6-m/nofp/crtbegin.o
 *(.init)
 .init          0x080040d8        0x4 /Applications/STM32CubeIDE.app/Contents/Eclipse/plugins/com.st.stm32cube.ide.mcu.externaltools.gnu-tools-for-stm32.14.3.rel1.macosaarch64_1.0.0.202602081740/tools/bin/../lib/gcc/arm-none-eabi/14.3.1/thumb/v6-m/nofp/crti.o
                0x080040d8                _init
 .init          0x080040dc        0x8 /Applications/STM32CubeIDE.app/Contents/Eclipse/plugins/com.st.stm32cube.ide.mcu.externaltools.gnu-tools-for-stm32.14.3.rel1.macosaarch64_1.0.0.202602081740/tools/bin/../lib/gcc/arm-none-eabi/14.3.1/thumb/v6-m/nofp/crtn.o
 *(.fini)
 .fini          0x080040e4        0x4 /Applications/STM32CubeIDE.app/Contents/Eclipse/plugins/com.st.stm32cube.ide.mcu.externaltools.gnu-tools-for-stm32.14.3.rel1.macosaarch64_1.0.0.202602081740/tools/bin/../lib/gcc/arm-none-eabi/14.3.1/thumb/v6-m/nofp/crti.o
                0x080040e4                _fini
 .fini          0x080040e8        0x8 /Applications/STM32CubeIDE.app/Contents/Eclipse/plugins/com.st.stm32cube.ide.mcu.externaltools.gnu-tools-for-stm32.14.3.rel1.macosaarch64_1.0.0.202602081740/tools/bin/../lib/gcc/arm-none-eabi/14.3.1/thumb/v6-m/nofp/crtn.o
                0x080040f0                        . = ALIGN (0x4)
                0x080040f0                        _etext = .

.vfp11_veneer   0x080040f0        0x0
 .vfp11_veneer  0x080040f0        0x0 linker stubs

.v4_bx          0x080040f0        0x0
 .v4_bx         0x080040f0        0x0 linker stubs

.iplt           0x080040f0        0x0
 .iplt          0x080040f0        0x0 /Applications/STM32CubeIDE.app/Contents/Eclipse/plugins/com.st.stm32cube.ide.mcu.externaltools.gnu-tools-for-stm32.14.3.rel1.macosaarch64_1.0.0.202602081740/tools/bin/../lib/gcc/arm-none-eabi/14.3.1/thumb/v6-m/nofp/crtbegin.o

.rodata         0x080040f0       0xe8
                0x080040f0                        . = ALIGN (0x4)
 *(.rodata)
 .rodata        0x080040f0       0x32 ./Application/User/main.o
 *(.rodata*)
 *fill*         0x08004122        0x2 
 .rodata.LED_PIN
                0x08004124        0x4 ./Drivers/BSP/STM32C0xx_Nucleo/stm32c0xx_nucleo.o
 .rodata.BUTTON_EXTI_LINE.2
                0x08004128        0x4 ./Drivers/BSP/STM32C0xx_Nucleo/stm32c0xx_nucleo.o
 .rodata.AHBPrescTable
                0x0800412c       0x40 ./Drivers/CMSIS/system_stm32c0xx.o
                0x0800412c                AHBPrescTable
 .rodata.APBPrescTable
                0x0800416c       0x20 ./Drivers/CMSIS/system_stm32c0xx.o
                0x0800416c                APBPrescTable
 .rodata.UARTPrescTable
                0x0800418c       0x18 ./Drivers/STM32C0xx_HAL_Driver/stm32c0xx_hal_uart.o
                0x0800418c                UARTPrescTable
 .rodata._vfprintf_r.str1.1
                0x080041a4       0x33 /Applications/STM32CubeIDE.app/Contents/Eclipse/plugins/com.st.stm32cube.ide.mcu.externaltools.gnu-tools-for-stm32.14.3.rel1.macosaarch64_1.0.0.202602081740/tools/bin/../lib/gcc/arm-none-eabi/14.3.1/../../../../arm-none-eabi/lib/thumb/v6-m/nofp/libc_nano.a(libc_a-nano-vfprintf.o)
                                 0x11 (size before relaxing)
 .rodata._printf_i.str1.1
                0x080041d7       0x22 /Applications/STM32CubeIDE.app/Contents/Eclipse/plugins/com.st.stm32cube.ide.mcu.externaltools.gnu-tools-for-stm32.14.3.rel1.macosaarch64_1.0.0.202602081740/tools/bin/../lib/gcc/arm-none-eabi/14.3.1/../../../../arm-none-eabi/lib/thumb/v6-m/nofp/libc_nano.a(libc_a-nano-vfprintf_i.o)
                0x080041fc                        . = ALIGN (0x4)
 *fill*         0x080041d7        0x1 

.ARM.extab      0x080041d8        0x0
                0x080041d8                        . = ALIGN (0x4)
 *(.ARM.extab* .gnu.linkonce.armextab.*)
                0x080041d8                        . = ALIGN (0x4)

.ARM            0x080041d8        0x0
                0x080041d8                        . = ALIGN (0x4)
                0x080041d8                        __exidx_start = .
 *(.ARM.exidx*)
                0x080041d8                        __exidx_end = .
                0x080041d8                        . = ALIGN (0x4)

.preinit_array  0x080041d8        0x0
                0x080041d8                        . = ALIGN (0x4)
                0x080041d8                        PROVIDE (__preinit_array_start = .)
 *(.preinit_array*)
                0x080041d8                        PROVIDE (__preinit_array_end = .)
                0x080041d8                        . = ALIGN (0x4)

.init_array     0x080041d8        0x4
                0x080041d8                        . = ALIGN (0x4)
                0x080041d8                        PROVIDE (__init_array_start = .)
 *(SORT_BY_NAME(.init_array.*))
 *(.init_array*)
 .init_array    0x080041d8        0x4 /Applications/STM32CubeIDE.app/Contents/Eclipse/plugins/com.st.stm32cube.ide.mcu.externaltools.gnu-tools-for-stm32.14.3.rel1.macosaarch64_1.0.0.202602081740/tools/bin/../lib/gcc/arm-none-eabi/14.3.1/thumb/v6-m/nofp/crtbegin.o
                0x080041dc                        PROVIDE (__init_array_end = .)
                0x080041dc                        . = ALIGN (0x4)

.fini_array     0x080041dc        0x4
                0x080041dc                        . = ALIGN (0x4)
                [!provide]                        PROVIDE (__fini_array_start = .)
 *(SORT_BY_NAME(.fini_array.*))
 *(.fini_array*)
 .fini_array    0x080041dc        0x4 /Applications/STM32CubeIDE.app/Contents/Eclipse/plugins/com.st.stm32cube.ide.mcu.externaltools.gnu-tools-for-stm32.14.3.rel1.macosaarch64_1.0.0.202602081740/tools/bin/../lib/gcc/arm-none-eabi/14.3.1/thumb/v6-m/nofp/crtbegin.o
                [!provide]                        PROVIDE (__fini_array_end = .)
                0x080041e0                        . = ALIGN (0x4)
                0x080041e0                        _sidata = LOADADDR (.data)

.rel.dyn        0x080041e0        0x0
 .rel.iplt      0x080041e0        0x0 /Applications/STM32CubeIDE.app/Contents/Eclipse/plugins/com.st.stm32cube.ide.mcu.externaltools.gnu-tools-for-stm32.14.3.rel1.macosaarch64_1.0.0.202602081740/tools/bin/../lib/gcc/arm-none-eabi/14.3.1/thumb/v6-m/nofp/crtbegin.o

.data           0x20000000       0x84 load address 0x080041e0
                0x20000000                        . = ALIGN (0x4)
                0x20000000                        _sdata = .
 *(.data)
 *(.data*)
 .data.desired  0x20000000        0x4 ./Application/User/main.o
                0x20000000                desired
 .data.COM_USART
                0x20000004        0x4 ./Drivers/BSP/STM32C0xx_Nucleo/stm32c0xx_nucleo.o
                0x20000004                COM_USART
 .data.LED_PORT
                0x20000008        0x8 ./Drivers/BSP/STM32C0xx_Nucleo/stm32c0xx_nucleo.o
 .data.BUTTON_PORT
                0x20000010        0x4 ./Drivers/BSP/STM32C0xx_Nucleo/stm32c0xx_nucleo.o
 .data.ButtonCallback.1
                0x20000014        0x4 ./Drivers/BSP/STM32C0xx_Nucleo/stm32c0xx_nucleo.o
 .data.BSP_BUTTON_PRIO.0
                0x20000018        0x4 ./Drivers/BSP/STM32C0xx_Nucleo/stm32c0xx_nucleo.o
 .data.SystemCoreClock
                0x2000001c        0x4 ./Drivers/CMSIS/system_stm32c0xx.o
                0x2000001c                SystemCoreClock
 .data.uwTickPrio
                0x20000020        0x4 ./Drivers/STM32C0xx_HAL_Driver/stm32c0xx_hal.o
                0x20000020                uwTickPrio
 .data.uwTickFreq
                0x20000024        0x1 ./Drivers/STM32C0xx_HAL_Driver/stm32c0xx_hal.o
                0x20000024                uwTickFreq
 *fill*         0x20000025        0x3 
 .data.__sglue  0x20000028        0xc /Applications/STM32CubeIDE.app/Contents/Eclipse/plugins/com.st.stm32cube.ide.mcu.externaltools.gnu-tools-for-stm32.14.3.rel1.macosaarch64_1.0.0.202602081740/tools/bin/../lib/gcc/arm-none-eabi/14.3.1/../../../../arm-none-eabi/lib/thumb/v6-m/nofp/libc_nano.a(libc_a-findfp.o)
                0x20000028                __sglue
 .data._impure_ptr
                0x20000034        0x4 /Applications/STM32CubeIDE.app/Contents/Eclipse/plugins/com.st.stm32cube.ide.mcu.externaltools.gnu-tools-for-stm32.14.3.rel1.macosaarch64_1.0.0.202602081740/tools/bin/../lib/gcc/arm-none-eabi/14.3.1/../../../../arm-none-eabi/lib/thumb/v6-m/nofp/libc_nano.a(libc_a-impure.o)
                0x20000034                _impure_ptr
 .data._impure_data
                0x20000038       0x4c /Applications/STM32CubeIDE.app/Contents/Eclipse/plugins/com.st.stm32cube.ide.mcu.externaltools.gnu-tools-for-stm32.14.3.rel1.macosaarch64_1.0.0.202602081740/tools/bin/../lib/gcc/arm-none-eabi/14.3.1/../../../../arm-none-eabi/lib/thumb/v6-m/nofp/libc_nano.a(libc_a-impure.o)
                0x20000038                _impure_data
 *(.RamFunc)
 *(.RamFunc*)
                0x20000084                        . = ALIGN (0x4)
                0x20000084                        _edata = .

.igot.plt       0x20000084        0x0 load address 0x08004264
 .igot.plt      0x20000084        0x0 /Applications/STM32CubeIDE.app/Contents/Eclipse/plugins/com.st.stm32cube.ide.mcu.externaltools.gnu-tools-for-stm32.14.3.rel1.macosaarch64_1.0.0.202602081740/tools/bin/../lib/gcc/arm-none-eabi/14.3.1/thumb/v6-m/nofp/crtbegin.o
                0x20000084                        . = ALIGN (0x4)

.bss            0x20000084     0x1064 load address 0x08004264
                0x20000084                        _sbss = .
                0x20000084                        __bss_start__ = _sbss
 *(.bss)
 .bss           0x20000084       0x1c /Applications/STM32CubeIDE.app/Contents/Eclipse/plugins/com.st.stm32cube.ide.mcu.externaltools.gnu-tools-for-stm32.14.3.rel1.macosaarch64_1.0.0.202602081740/tools/bin/../lib/gcc/arm-none-eabi/14.3.1/thumb/v6-m/nofp/crtbegin.o
 *(.bss*)
 .bss.BspCOMInit
                0x200000a0       0x10 ./Application/User/main.o
                0x200000a0                BspCOMInit
 .bss.hadc1     0x200000b0       0x64 ./Application/User/main.o
                0x200000b0                hadc1
 .bss.hfdcan1   0x20000114       0x64 ./Application/User/main.o
                0x20000114                hfdcan1
 .bss.hi2c1     0x20000178       0x54 ./Application/User/main.o
                0x20000178                hi2c1
 .bss.htim1     0x200001cc       0x4c ./Application/User/main.o
                0x200001cc                htim1
 .bss.htim2     0x20000218       0x4c ./Application/User/main.o
                0x20000218                htim2
 .bss.state     0x20000264        0x4 ./Application/User/main.o
                0x20000264                state
 .bss.counter   0x20000268        0x4 ./Application/User/main.o
                0x20000268                counter
 .bss.eint      0x2000026c        0x4 ./Application/User/main.o
                0x2000026c                eint
 .bss.desired_log
                0x20000270      0x640 ./Application/User/main.o
                0x20000270                desired_log
 .bss.actual_log
                0x200008b0      0x640 ./Application/User/main.o
                0x200008b0                actual_log
 .bss.__sbrk_heap_end
                0x20000ef0        0x4 ./Application/User/sysmem.o
 .bss.hpb_exti  0x20000ef4        0xc ./Drivers/BSP/STM32C0xx_Nucleo/stm32c0xx_nucleo.o
                0x20000ef4                hpb_exti
 .bss.hcom_uart
                0x20000f00       0x94 ./Drivers/BSP/STM32C0xx_Nucleo/stm32c0xx_nucleo.o
                0x20000f00                hcom_uart
 .bss.COM_ActiveLogPort
                0x20000f94        0x1 ./Drivers/BSP/STM32C0xx_Nucleo/stm32c0xx_nucleo.o
 *fill*         0x20000f95        0x3 
 .bss.uwTick    0x20000f98        0x4 ./Drivers/STM32C0xx_HAL_Driver/stm32c0xx_hal.o
                0x20000f98                uwTick
 .bss.__sf      0x20000f9c      0x138 /Applications/STM32CubeIDE.app/Contents/Eclipse/plugins/com.st.stm32cube.ide.mcu.externaltools.gnu-tools-for-stm32.14.3.rel1.macosaarch64_1.0.0.202602081740/tools/bin/../lib/gcc/arm-none-eabi/14.3.1/../../../../arm-none-eabi/lib/thumb/v6-m/nofp/libc_nano.a(libc_a-findfp.o)
                0x20000f9c                __sf
 .bss.__stdio_exit_handler
                0x200010d4        0x4 /Applications/STM32CubeIDE.app/Contents/Eclipse/plugins/com.st.stm32cube.ide.mcu.externaltools.gnu-tools-for-stm32.14.3.rel1.macosaarch64_1.0.0.202602081740/tools/bin/../lib/gcc/arm-none-eabi/14.3.1/../../../../arm-none-eabi/lib/thumb/v6-m/nofp/libc_nano.a(libc_a-findfp.o)
                0x200010d4                __stdio_exit_handler
 .bss.__lock___malloc_recursive_mutex
                0x200010d8        0x1 /Applications/STM32CubeIDE.app/Contents/Eclipse/plugins/com.st.stm32cube.ide.mcu.externaltools.gnu-tools-for-stm32.14.3.rel1.macosaarch64_1.0.0.202602081740/tools/bin/../lib/gcc/arm-none-eabi/14.3.1/../../../../arm-none-eabi/lib/thumb/v6-m/nofp/libc_nano.a(libc_a-lock.o)
                0x200010d8                __lock___malloc_recursive_mutex
 .bss.__lock___sfp_recursive_mutex
                0x200010d9        0x1 /Applications/STM32CubeIDE.app/Contents/Eclipse/plugins/com.st.stm32cube.ide.mcu.externaltools.gnu-tools-for-stm32.14.3.rel1.macosaarch64_1.0.0.202602081740/tools/bin/../lib/gcc/arm-none-eabi/14.3.1/../../../../arm-none-eabi/lib/thumb/v6-m/nofp/libc_nano.a(libc_a-lock.o)
                0x200010d9                __lock___sfp_recursive_mutex
 *fill*         0x200010da        0x2 
 .bss.__malloc_sbrk_start
                0x200010dc        0x4 /Applications/STM32CubeIDE.app/Contents/Eclipse/plugins/com.st.stm32cube.ide.mcu.externaltools.gnu-tools-for-stm32.14.3.rel1.macosaarch64_1.0.0.202602081740/tools/bin/../lib/gcc/arm-none-eabi/14.3.1/../../../../arm-none-eabi/lib/thumb/v6-m/nofp/libc_nano.a(libc_a-mallocr.o)
                0x200010dc                __malloc_sbrk_start
 .bss.__malloc_free_list
                0x200010e0        0x4 /Applications/STM32CubeIDE.app/Contents/Eclipse/plugins/com.st.stm32cube.ide.mcu.externaltools.gnu-tools-for-stm32.14.3.rel1.macosaarch64_1.0.0.202602081740/tools/bin/../lib/gcc/arm-none-eabi/14.3.1/../../../../arm-none-eabi/lib/thumb/v6-m/nofp/libc_nano.a(libc_a-mallocr.o)
                0x200010e0                __malloc_free_list
 .bss.errno     0x200010e4        0x4 /Applications/STM32CubeIDE.app/Contents/Eclipse/plugins/com.st.stm32cube.ide.mcu.externaltools.gnu-tools-for-stm32.14.3.rel1.macosaarch64_1.0.0.202602081740/tools/bin/../lib/gcc/arm-none-eabi/14.3.1/../../../../arm-none-eabi/lib/thumb/v6-m/nofp/libc_nano.a(libc_a-reent.o)
                0x200010e4                errno
 *(COMMON)
                0x200010e8                        . = ALIGN (0x4)
                0x200010e8                        _ebss = .
                0x200010e8                        __bss_end__ = _ebss

._user_heap_stack
                0x200010e8      0x600 load address 0x08004264
                0x200010e8                        . = ALIGN (0x8)
                [!provide]                        PROVIDE (end = .)
                0x200010e8                        PROVIDE (_end = .)
                0x200012e8                        . = (. + _Min_Heap_Size)
 *fill*         0x200010e8      0x200 
                0x200016e8                        . = (. + _Min_Stack_Size)
 *fill*         0x200012e8      0x400 
                0x200016e8                        . = ALIGN (0x8)

/DISCARD/
 libc.a(*)
 libm.a(*)
 libgcc.a(*)

.ARM.attributes
                0x00000000       0x28
 *(.ARM.attributes)
 .ARM.attributes
                0x00000000       0x1e /Applications/STM32CubeIDE.app/Contents/Eclipse/plugins/com.st.stm32cube.ide.mcu.externaltools.gnu-tools-for-stm32.14.3.rel1.macosaarch64_1.0.0.202602081740/tools/bin/../lib/gcc/arm-none-eabi/14.3.1/thumb/v6-m/nofp/crti.o
 .ARM.attributes
                0x0000001e       0x2c /Applications/STM32CubeIDE.app/Contents/Eclipse/plugins/com.st.stm32cube.ide.mcu.externaltools.gnu-tools-for-stm32.14.3.rel1.macosaarch64_1.0.0.202602081740/tools/bin/../lib/gcc/arm-none-eabi/14.3.1/thumb/v6-m/nofp/crtbegin.o
 .ARM.attributes
                0x0000004a       0x22 ./Application/Startup/startup_stm32c092rctx.o
 .ARM.attributes
                0x0000006c       0x2c ./Application/User/main.o
 .ARM.attributes
                0x00000098       0x2c ./Application/User/stm32c0xx_hal_msp.o
 .ARM.attributes
                0x000000c4       0x2c ./Application/User/stm32c0xx_it.o
 .ARM.attributes
                0x000000f0       0x2c ./Application/User/syscalls.o
 .ARM.attributes
                0x0000011c       0x2c ./Application/User/sysmem.o
 .ARM.attributes
                0x00000148       0x2c ./Drivers/BSP/STM32C0xx_Nucleo/stm32c0xx_nucleo.o
 .ARM.attributes
                0x00000174       0x2c ./Drivers/CMSIS/system_stm32c0xx.o
 .ARM.attributes
                0x000001a0       0x2c ./Drivers/STM32C0xx_HAL_Driver/stm32c0xx_hal.o
 .ARM.attributes
                0x000001cc       0x2c ./Drivers/STM32C0xx_HAL_Driver/stm32c0xx_hal_cortex.o
 .ARM.attributes
                0x000001f8       0x2c ./Drivers/STM32C0xx_HAL_Driver/stm32c0xx_hal_exti.o
 .ARM.attributes
                0x00000224       0x2c ./Drivers/STM32C0xx_HAL_Driver/stm32c0xx_hal_fdcan.o
 .ARM.attributes
                0x00000250       0x2c ./Drivers/STM32C0xx_HAL_Driver/stm32c0xx_hal_gpio.o
 .ARM.attributes
                0x0000027c       0x2c ./Drivers/STM32C0xx_HAL_Driver/stm32c0xx_hal_rcc.o
 .ARM.attributes
                0x000002a8       0x2c ./Drivers/STM32C0xx_HAL_Driver/stm32c0xx_hal_rcc_ex.o
 .ARM.attributes
                0x000002d4       0x2c ./Drivers/STM32C0xx_HAL_Driver/stm32c0xx_hal_uart.o
 .ARM.attributes
                0x00000300       0x2c /Applications/STM32CubeIDE.app/Contents/Eclipse/plugins/com.st.stm32cube.ide.mcu.externaltools.gnu-tools-for-stm32.14.3.rel1.macosaarch64_1.0.0.202602081740/tools/bin/../lib/gcc/arm-none-eabi/14.3.1/../../../../arm-none-eabi/lib/thumb/v6-m/nofp/libc_nano.a(libc_a-findfp.o)
 .ARM.attributes
                0x0000032c       0x2c /Applications/STM32CubeIDE.app/Contents/Eclipse/plugins/com.st.stm32cube.ide.mcu.externaltools.gnu-tools-for-stm32.14.3.rel1.macosaarch64_1.0.0.202602081740/tools/bin/../lib/gcc/arm-none-eabi/14.3.1/../../../../arm-none-eabi/lib/thumb/v6-m/nofp/libc_nano.a(libc_a-fwalk.o)
 .ARM.attributes
                0x00000358       0x2c /Applications/STM32CubeIDE.app/Contents/Eclipse/plugins/com.st.stm32cube.ide.mcu.externaltools.gnu-tools-for-stm32.14.3.rel1.macosaarch64_1.0.0.202602081740/tools/bin/../lib/gcc/arm-none-eabi/14.3.1/../../../../arm-none-eabi/lib/thumb/v6-m/nofp/libc_nano.a(libc_a-printf.o)
 .ARM.attributes
                0x00000384       0x2c /Applications/STM32CubeIDE.app/Contents/Eclipse/plugins/com.st.stm32cube.ide.mcu.externaltools.gnu-tools-for-stm32.14.3.rel1.macosaarch64_1.0.0.202602081740/tools/bin/../lib/gcc/arm-none-eabi/14.3.1/../../../../arm-none-eabi/lib/thumb/v6-m/nofp/libc_nano.a(libc_a-puts.o)
 .ARM.attributes
                0x000003b0       0x2c /Applications/STM32CubeIDE.app/Contents/Eclipse/plugins/com.st.stm32cube.ide.mcu.externaltools.gnu-tools-for-stm32.14.3.rel1.macosaarch64_1.0.0.202602081740/tools/bin/../lib/gcc/arm-none-eabi/14.3.1/../../../../arm-none-eabi/lib/thumb/v6-m/nofp/libc_nano.a(libc_a-memset.o)
 .ARM.attributes
                0x000003dc       0x2c /Applications/STM32CubeIDE.app/Contents/Eclipse/plugins/com.st.stm32cube.ide.mcu.externaltools.gnu-tools-for-stm32.14.3.rel1.macosaarch64_1.0.0.202602081740/tools/bin/../lib/gcc/arm-none-eabi/14.3.1/../../../../arm-none-eabi/lib/thumb/v6-m/nofp/libc_nano.a(libc_a-errno.o)
 .ARM.attributes
                0x00000408       0x2c /Applications/STM32CubeIDE.app/Contents/Eclipse/plugins/com.st.stm32cube.ide.mcu.externaltools.gnu-tools-for-stm32.14.3.rel1.macosaarch64_1.0.0.202602081740/tools/bin/../lib/gcc/arm-none-eabi/14.3.1/../../../../arm-none-eabi/lib/thumb/v6-m/nofp/libc_nano.a(libc_a-init.o)
 .ARM.attributes
                0x00000434       0x2c /Applications/STM32CubeIDE.app/Contents/Eclipse/plugins/com.st.stm32cube.ide.mcu.externaltools.gnu-tools-for-stm32.14.3.rel1.macosaarch64_1.0.0.202602081740/tools/bin/../lib/gcc/arm-none-eabi/14.3.1/../../../../arm-none-eabi/lib/thumb/v6-m/nofp/libc_nano.a(libc_a-lock.o)
 .ARM.attributes
                0x00000460       0x2c /Applications/STM32CubeIDE.app/Contents/Eclipse/plugins/com.st.stm32cube.ide.mcu.externaltools.gnu-tools-for-stm32.14.3.rel1.macosaarch64_1.0.0.202602081740/tools/bin/../lib/gcc/arm-none-eabi/14.3.1/../../../../arm-none-eabi/lib/thumb/v6-m/nofp/libc_nano.a(libc_a-impure.o)
 .ARM.attributes
                0x0000048c       0x2c /Applications/STM32CubeIDE.app/Contents/Eclipse/plugins/com.st.stm32cube.ide.mcu.externaltools.gnu-tools-for-stm32.14.3.rel1.macosaarch64_1.0.0.202602081740/tools/bin/../lib/gcc/arm-none-eabi/14.3.1/../../../../arm-none-eabi/lib/thumb/v6-m/nofp/libc_nano.a(libc_a-nano-vfprintf.o)
 .ARM.attributes
                0x000004b8       0x2c /Applications/STM32CubeIDE.app/Contents/Eclipse/plugins/com.st.stm32cube.ide.mcu.externaltools.gnu-tools-for-stm32.14.3.rel1.macosaarch64_1.0.0.202602081740/tools/bin/../lib/gcc/arm-none-eabi/14.3.1/../../../../arm-none-eabi/lib/thumb/v6-m/nofp/libc_nano.a(libc_a-mallocr.o)
 .ARM.attributes
                0x000004e4       0x2c /Applications/STM32CubeIDE.app/Contents/Eclipse/plugins/com.st.stm32cube.ide.mcu.externaltools.gnu-tools-for-stm32.14.3.rel1.macosaarch64_1.0.0.202602081740/tools/bin/../lib/gcc/arm-none-eabi/14.3.1/../../../../arm-none-eabi/lib/thumb/v6-m/nofp/libc_nano.a(libc_a-nano-vfprintf_i.o)
 .ARM.attributes
                0x00000510       0x2c /Applications/STM32CubeIDE.app/Contents/Eclipse/plugins/com.st.stm32cube.ide.mcu.externaltools.gnu-tools-for-stm32.14.3.rel1.macosaarch64_1.0.0.202602081740/tools/bin/../lib/gcc/arm-none-eabi/14.3.1/../../../../arm-none-eabi/lib/thumb/v6-m/nofp/libc_nano.a(libc_a-fflush.o)
 .ARM.attributes
                0x0000053c       0x2c /Applications/STM32CubeIDE.app/Contents/Eclipse/plugins/com.st.stm32cube.ide.mcu.externaltools.gnu-tools-for-stm32.14.3.rel1.macosaarch64_1.0.0.202602081740/tools/bin/../lib/gcc/arm-none-eabi/14.3.1/../../../../arm-none-eabi/lib/thumb/v6-m/nofp/libc_nano.a(libc_a-mlock.o)
 .ARM.attributes
                0x00000568       0x2c /Applications/STM32CubeIDE.app/Contents/Eclipse/plugins/com.st.stm32cube.ide.mcu.externaltools.gnu-tools-for-stm32.14.3.rel1.macosaarch64_1.0.0.202602081740/tools/bin/../lib/gcc/arm-none-eabi/14.3.1/../../../../arm-none-eabi/lib/thumb/v6-m/nofp/libc_nano.a(libc_a-stdio.o)
 .ARM.attributes
                0x00000594       0x2c /Applications/STM32CubeIDE.app/Contents/Eclipse/plugins/com.st.stm32cube.ide.mcu.externaltools.gnu-tools-for-stm32.14.3.rel1.macosaarch64_1.0.0.202602081740/tools/bin/../lib/gcc/arm-none-eabi/14.3.1/../../../../arm-none-eabi/lib/thumb/v6-m/nofp/libc_nano.a(libc_a-wbuf.o)
 .ARM.attributes
                0x000005c0       0x2c /Applications/STM32CubeIDE.app/Contents/Eclipse/plugins/com.st.stm32cube.ide.mcu.externaltools.gnu-tools-for-stm32.14.3.rel1.macosaarch64_1.0.0.202602081740/tools/bin/../lib/gcc/arm-none-eabi/14.3.1/../../../../arm-none-eabi/lib/thumb/v6-m/nofp/libc_nano.a(libc_a-wsetup.o)
 .ARM.attributes
                0x000005ec       0x2c /Applications/STM32CubeIDE.app/Contents/Eclipse/plugins/com.st.stm32cube.ide.mcu.externaltools.gnu-tools-for-stm32.14.3.rel1.macosaarch64_1.0.0.202602081740/tools/bin/../lib/gcc/arm-none-eabi/14.3.1/../../../../arm-none-eabi/lib/thumb/v6-m/nofp/libc_nano.a(libc_a-makebuf.o)
 .ARM.attributes
                0x00000618       0x2c /Applications/STM32CubeIDE.app/Contents/Eclipse/plugins/com.st.stm32cube.ide.mcu.externaltools.gnu-tools-for-stm32.14.3.rel1.macosaarch64_1.0.0.202602081740/tools/bin/../lib/gcc/arm-none-eabi/14.3.1/../../../../arm-none-eabi/lib/thumb/v6-m/nofp/libc_nano.a(libc_a-isattyr.o)
 .ARM.attributes
                0x00000644       0x2c /Applications/STM32CubeIDE.app/Contents/Eclipse/plugins/com.st.stm32cube.ide.mcu.externaltools.gnu-tools-for-stm32.14.3.rel1.macosaarch64_1.0.0.202602081740/tools/bin/../lib/gcc/arm-none-eabi/14.3.1/../../../../arm-none-eabi/lib/thumb/v6-m/nofp/libc_nano.a(libc_a-lseekr.o)
 .ARM.attributes
                0x00000670       0x2c /Applications/STM32CubeIDE.app/Contents/Eclipse/plugins/com.st.stm32cube.ide.mcu.externaltools.gnu-tools-for-stm32.14.3.rel1.macosaarch64_1.0.0.202602081740/tools/bin/../lib/gcc/arm-none-eabi/14.3.1/../../../../arm-none-eabi/lib/thumb/v6-m/nofp/libc_nano.a(libc_a-readr.o)
 .ARM.attributes
                0x0000069c       0x2c /Applications/STM32CubeIDE.app/Contents/Eclipse/plugins/com.st.stm32cube.ide.mcu.externaltools.gnu-tools-for-stm32.14.3.rel1.macosaarch64_1.0.0.202602081740/tools/bin/../lib/gcc/arm-none-eabi/14.3.1/../../../../arm-none-eabi/lib/thumb/v6-m/nofp/libc_nano.a(libc_a-sbrkr.o)
 .ARM.attributes
                0x000006c8       0x2c /Applications/STM32CubeIDE.app/Contents/Eclipse/plugins/com.st.stm32cube.ide.mcu.externaltools.gnu-tools-for-stm32.14.3.rel1.macosaarch64_1.0.0.202602081740/tools/bin/../lib/gcc/arm-none-eabi/14.3.1/../../../../arm-none-eabi/lib/thumb/v6-m/nofp/libc_nano.a(libc_a-writer.o)
 .ARM.attributes
                0x000006f4       0x2c /Applications/STM32CubeIDE.app/Contents/Eclipse/plugins/com.st.stm32cube.ide.mcu.externaltools.gnu-tools-for-stm32.14.3.rel1.macosaarch64_1.0.0.202602081740/tools/bin/../lib/gcc/arm-none-eabi/14.3.1/../../../../arm-none-eabi/lib/thumb/v6-m/nofp/libc_nano.a(libc_a-closer.o)
 .ARM.attributes
                0x00000720       0x2c /Applications/STM32CubeIDE.app/Contents/Eclipse/plugins/com.st.stm32cube.ide.mcu.externaltools.gnu-tools-for-stm32.14.3.rel1.macosaarch64_1.0.0.202602081740/tools/bin/../lib/gcc/arm-none-eabi/14.3.1/../../../../arm-none-eabi/lib/thumb/v6-m/nofp/libc_nano.a(libc_a-reent.o)
 .ARM.attributes
                0x0000074c       0x2c /Applications/STM32CubeIDE.app/Contents/Eclipse/plugins/com.st.stm32cube.ide.mcu.externaltools.gnu-tools-for-stm32.14.3.rel1.macosaarch64_1.0.0.202602081740/tools/bin/../lib/gcc/arm-none-eabi/14.3.1/../../../../arm-none-eabi/lib/thumb/v6-m/nofp/libc_nano.a(libc_a-fstatr.o)
 .ARM.attributes
                0x00000778       0x2c /Applications/STM32CubeIDE.app/Contents/Eclipse/plugins/com.st.stm32cube.ide.mcu.externaltools.gnu-tools-for-stm32.14.3.rel1.macosaarch64_1.0.0.202602081740/tools/bin/../lib/gcc/arm-none-eabi/14.3.1/../../../../arm-none-eabi/lib/thumb/v6-m/nofp/libc_nano.a(libc_a-memchr-stub.o)
 .ARM.attributes
                0x000007a4       0x2c /Applications/STM32CubeIDE.app/Contents/Eclipse/plugins/com.st.stm32cube.ide.mcu.externaltools.gnu-tools-for-stm32.14.3.rel1.macosaarch64_1.0.0.202602081740/tools/bin/../lib/gcc/arm-none-eabi/14.3.1/../../../../arm-none-eabi/lib/thumb/v6-m/nofp/libc_nano.a(libc_a-freer.o)
 .ARM.attributes
                0x000007d0       0x1e /Applications/STM32CubeIDE.app/Contents/Eclipse/plugins/com.st.stm32cube.ide.mcu.externaltools.gnu-tools-for-stm32.14.3.rel1.macosaarch64_1.0.0.202602081740/tools/bin/../lib/gcc/arm-none-eabi/14.3.1/thumb/v6-m/nofp/libgcc.a(_thumb1_case_shi.o)
 .ARM.attributes
                0x000007ee       0x1e /Applications/STM32CubeIDE.app/Contents/Eclipse/plugins/com.st.stm32cube.ide.mcu.externaltools.gnu-tools-for-stm32.14.3.rel1.macosaarch64_1.0.0.202602081740/tools/bin/../lib/gcc/arm-none-eabi/14.3.1/thumb/v6-m/nofp/libgcc.a(_udivsi3.o)
 .ARM.attributes
                0x0000080c       0x1e /Applications/STM32CubeIDE.app/Contents/Eclipse/plugins/com.st.stm32cube.ide.mcu.externaltools.gnu-tools-for-stm32.14.3.rel1.macosaarch64_1.0.0.202602081740/tools/bin/../lib/gcc/arm-none-eabi/14.3.1/thumb/v6-m/nofp/libgcc.a(_dvmd_tls.o)
 .ARM.attributes
                0x0000082a       0x2c /Applications/STM32CubeIDE.app/Contents/Eclipse/plugins/com.st.stm32cube.ide.mcu.externaltools.gnu-tools-for-stm32.14.3.rel1.macosaarch64_1.0.0.202602081740/tools/bin/../lib/gcc/arm-none-eabi/14.3.1/thumb/v6-m/nofp/libgcc.a(fixsfsi.o)
 .ARM.attributes
                0x00000856       0x1e /Applications/STM32CubeIDE.app/Contents/Eclipse/plugins/com.st.stm32cube.ide.mcu.externaltools.gnu-tools-for-stm32.14.3.rel1.macosaarch64_1.0.0.202602081740/tools/bin/../lib/gcc/arm-none-eabi/14.3.1/thumb/v6-m/nofp/crtn.o
OUTPUT(FDCAN_Com_Polling.elf elf32-littlearm)
LOAD linker stubs
LOAD /Applications/STM32CubeIDE.app/Contents/Eclipse/plugins/com.st.stm32cube.ide.mcu.externaltools.gnu-tools-for-stm32.14.3.rel1.macosaarch64_1.0.0.202602081740/tools/bin/../lib/gcc/arm-none-eabi/14.3.1/../../../../arm-none-eabi/lib/thumb/v6-m/nofp/libc.a
LOAD /Applications/STM32CubeIDE.app/Contents/Eclipse/plugins/com.st.stm32cube.ide.mcu.externaltools.gnu-tools-for-stm32.14.3.rel1.macosaarch64_1.0.0.202602081740/tools/bin/../lib/gcc/arm-none-eabi/14.3.1/../../../../arm-none-eabi/lib/thumb/v6-m/nofp/libm.a
LOAD /Applications/STM32CubeIDE.app/Contents/Eclipse/plugins/com.st.stm32cube.ide.mcu.externaltools.gnu-tools-for-stm32.14.3.rel1.macosaarch64_1.0.0.202602081740/tools/bin/../lib/gcc/arm-none-eabi/14.3.1/thumb/v6-m/nofp/libgcc.a

.debug_line     0x00000000     0xe1a0
 .debug_line    0x00000000       0x7d ./Application/Startup/startup_stm32c092rctx.o
 .debug_line    0x0000007d      0xef3 ./Application/User/main.o
 .debug_line    0x00000f70      0xb7d ./Application/User/stm32c0xx_hal_msp.o
 .debug_line    0x00001aed      0xa45 ./Application/User/stm32c0xx_it.o
 .debug_line    0x00002532      0x866 ./Application/User/syscalls.o
 .debug_line    0x00002d98      0x542 ./Application/User/sysmem.o
 .debug_line    0x000032da      0xd68 ./Drivers/BSP/STM32C0xx_Nucleo/stm32c0xx_nucleo.o
 .debug_line    0x00004042      0x84d ./Drivers/CMSIS/system_stm32c0xx.o
 .debug_line    0x0000488f      0xb2f ./Drivers/STM32C0xx_HAL_Driver/stm32c0xx_hal.o
 .debug_line    0x000053be      0xc47 ./Drivers/STM32C0xx_HAL_Driver/stm32c0xx_hal_cortex.o
 .debug_line    0x00006005      0xbb7 ./Drivers/STM32C0xx_HAL_Driver/stm32c0xx_hal_exti.o
 .debug_line    0x00006bbc     0x1967 ./Drivers/STM32C0xx_HAL_Driver/stm32c0xx_hal_fdcan.o
 .debug_line    0x00008523      0xc44 ./Drivers/STM32C0xx_HAL_Driver/stm32c0xx_hal_gpio.o
 .debug_line    0x00009167      0xe62 ./Drivers/STM32C0xx_HAL_Driver/stm32c0xx_hal_rcc.o
 .debug_line    0x00009fc9      0xaf9 ./Drivers/STM32C0xx_HAL_Driver/stm32c0xx_hal_rcc_ex.o
 .debug_line    0x0000aac2     0x36de ./Drivers/STM32C0xx_HAL_Driver/stm32c0xx_hal_uart.o

.debug_line_str
                0x00000000       0x83
 .debug_line_str
                0x00000000       0x83 ./Application/Startup/startup_stm32c092rctx.o

.debug_info     0x00000000     0xf514
 .debug_info    0x00000000       0x30 ./Application/Startup/startup_stm32c092rctx.o
 .debug_info    0x00000030     0x26df ./Application/User/main.o
 .debug_info    0x0000270f     0x1941 ./Application/User/stm32c0xx_hal_msp.o
 .debug_info    0x00004050      0x803 ./Application/User/stm32c0xx_it.o
 .debug_info    0x00004853      0x6a3 ./Application/User/syscalls.o
 .debug_info    0x00004ef6      0x168 ./Application/User/sysmem.o
 .debug_info    0x0000505e     0x1564 ./Drivers/BSP/STM32C0xx_Nucleo/stm32c0xx_nucleo.o
 .debug_info    0x000065c2      0x373 ./Drivers/CMSIS/system_stm32c0xx.o
 .debug_info    0x00006935      0x85c ./Drivers/STM32C0xx_HAL_Driver/stm32c0xx_hal.o
 .debug_info    0x00007191      0x8a5 ./Drivers/STM32C0xx_HAL_Driver/stm32c0xx_hal_cortex.o
 .debug_info    0x00007a36      0x62d ./Drivers/STM32C0xx_HAL_Driver/stm32c0xx_hal_exti.o
 .debug_info    0x00008063     0x185e ./Drivers/STM32C0xx_HAL_Driver/stm32c0xx_hal_fdcan.o
 .debug_info    0x000098c1      0x59f ./Drivers/STM32C0xx_HAL_Driver/stm32c0xx_hal_gpio.o
 .debug_info    0x00009e60      0x917 ./Drivers/STM32C0xx_HAL_Driver/stm32c0xx_hal_rcc.o
 .debug_info    0x0000a777      0x55d ./Drivers/STM32C0xx_HAL_Driver/stm32c0xx_hal_rcc_ex.o
 .debug_info    0x0000acd4     0x4840 ./Drivers/STM32C0xx_HAL_Driver/stm32c0xx_hal_uart.o

.debug_abbrev   0x00000000     0x2106
 .debug_abbrev  0x00000000       0x24 ./Application/Startup/startup_stm32c092rctx.o
 .debug_abbrev  0x00000024      0x39e ./Application/User/main.o
 .debug_abbrev  0x000003c2      0x252 ./Application/User/stm32c0xx_hal_msp.o
 .debug_abbrev  0x00000614      0x1a1 ./Application/User/stm32c0xx_it.o
 .debug_abbrev  0x000007b5      0x1b6 ./Application/User/syscalls.o
 .debug_abbrev  0x0000096b       0xbc ./Application/User/sysmem.o
 .debug_abbrev  0x00000a27      0x325 ./Drivers/BSP/STM32C0xx_Nucleo/stm32c0xx_nucleo.o
 .debug_abbrev  0x00000d4c      0x119 ./Drivers/CMSIS/system_stm32c0xx.o
 .debug_abbrev  0x00000e65      0x2cb ./Drivers/STM32C0xx_HAL_Driver/stm32c0xx_hal.o
 .debug_abbrev  0x00001130      0x2b7 ./Drivers/STM32C0xx_HAL_Driver/stm32c0xx_hal_cortex.o
 .debug_abbrev  0x000013e7      0x198 ./Drivers/STM32C0xx_HAL_Driver/stm32c0xx_hal_exti.o
 .debug_abbrev  0x0000157f      0x1ea ./Drivers/STM32C0xx_HAL_Driver/stm32c0xx_hal_fdcan.o
 .debug_abbrev  0x00001769      0x1db ./Drivers/STM32C0xx_HAL_Driver/stm32c0xx_hal_gpio.o
 .debug_abbrev  0x00001944      0x28c ./Drivers/STM32C0xx_HAL_Driver/stm32c0xx_hal_rcc.o
 .debug_abbrev  0x00001bd0      0x225 ./Drivers/STM32C0xx_HAL_Driver/stm32c0xx_hal_rcc_ex.o
 .debug_abbrev  0x00001df5      0x311 ./Drivers/STM32C0xx_HAL_Driver/stm32c0xx_hal_uart.o

.debug_aranges  0x00000000      0xb28
 .debug_aranges
                0x00000000       0x28 ./Application/Startup/startup_stm32c092rctx.o
 .debug_aranges
                0x00000028       0xb0 ./Application/User/main.o
 .debug_aranges
                0x000000d8       0x68 ./Application/User/stm32c0xx_hal_msp.o
 .debug_aranges
                0x00000140       0x50 ./Application/User/stm32c0xx_it.o
 .debug_aranges
                0x00000190       0xa8 ./Application/User/syscalls.o
 .debug_aranges
                0x00000238       0x20 ./Application/User/sysmem.o
 .debug_aranges
                0x00000258       0xc8 ./Drivers/BSP/STM32C0xx_Nucleo/stm32c0xx_nucleo.o
 .debug_aranges
                0x00000320       0x28 ./Drivers/CMSIS/system_stm32c0xx.o
 .debug_aranges
                0x00000348      0x100 ./Drivers/STM32C0xx_HAL_Driver/stm32c0xx_hal.o
 .debug_aranges
                0x00000448       0xe8 ./Drivers/STM32C0xx_HAL_Driver/stm32c0xx_hal_cortex.o
 .debug_aranges
                0x00000530       0x60 ./Drivers/STM32C0xx_HAL_Driver/stm32c0xx_hal_exti.o
 .debug_aranges
                0x00000590      0x208 ./Drivers/STM32C0xx_HAL_Driver/stm32c0xx_hal_fdcan.o
 .debug_aranges
                0x00000798       0x68 ./Drivers/STM32C0xx_HAL_Driver/stm32c0xx_hal_gpio.o
 .debug_aranges
                0x00000800       0xa0 ./Drivers/STM32C0xx_HAL_Driver/stm32c0xx_hal_rcc.o
 .debug_aranges
                0x000008a0       0x40 ./Drivers/STM32C0xx_HAL_Driver/stm32c0xx_hal_rcc_ex.o
 .debug_aranges
                0x000008e0      0x248 ./Drivers/STM32C0xx_HAL_Driver/stm32c0xx_hal_uart.o

.debug_str      0x00000000    0x9eac8
 .debug_str     0x00000000    0x9eac8 ./Application/Startup/startup_stm32c092rctx.o
                                 0x9f (size before relaxing)
 .debug_str     0x0009eac8    0x99d2a ./Application/User/main.o
 .debug_str     0x0009eac8    0x993a3 ./Application/User/stm32c0xx_hal_msp.o
 .debug_str     0x0009eac8    0x9876c ./Application/User/stm32c0xx_it.o
 .debug_str     0x0009eac8     0x988a ./Application/User/syscalls.o
 .debug_str     0x0009eac8     0x7634 ./Application/User/sysmem.o
 .debug_str     0x0009eac8    0x98f09 ./Drivers/BSP/STM32C0xx_Nucleo/stm32c0xx_nucleo.o
 .debug_str     0x0009eac8    0x942de ./Drivers/CMSIS/system_stm32c0xx.o
 .debug_str     0x0009eac8    0x9493f ./Drivers/STM32C0xx_HAL_Driver/stm32c0xx_hal.o
 .debug_str     0x0009eac8    0x94762 ./Drivers/STM32C0xx_HAL_Driver/stm32c0xx_hal_cortex.o
 .debug_str     0x0009eac8    0x9445f ./Drivers/STM32C0xx_HAL_Driver/stm32c0xx_hal_exti.o
 .debug_str     0x0009eac8    0x95963 ./Drivers/STM32C0xx_HAL_Driver/stm32c0xx_hal_fdcan.o
 .debug_str     0x0009eac8    0x944db ./Drivers/STM32C0xx_HAL_Driver/stm32c0xx_hal_gpio.o
 .debug_str     0x0009eac8    0x948da ./Drivers/STM32C0xx_HAL_Driver/stm32c0xx_hal_rcc.o
 .debug_str     0x0009eac8    0x94561 ./Drivers/STM32C0xx_HAL_Driver/stm32c0xx_hal_rcc_ex.o
 .debug_str     0x0009eac8    0x95233 ./Drivers/STM32C0xx_HAL_Driver/stm32c0xx_hal_uart.o

.debug_rnglists
                0x00000000      0x886
 .debug_rnglists
                0x00000000       0x19 ./Application/Startup/startup_stm32c092rctx.o
 .debug_rnglists
                0x00000019       0x88 ./Application/User/main.o
 .debug_rnglists
                0x000000a1       0x4d ./Application/User/stm32c0xx_hal_msp.o
 .debug_rnglists
                0x000000ee       0x37 ./Application/User/stm32c0xx_it.o
 .debug_rnglists
                0x00000125       0x79 ./Application/User/syscalls.o
 .debug_rnglists
                0x0000019e       0x13 ./Application/User/sysmem.o
 .debug_rnglists
                0x000001b1       0x95 ./Drivers/BSP/STM32C0xx_Nucleo/stm32c0xx_nucleo.o
 .debug_rnglists
                0x00000246       0x1a ./Drivers/CMSIS/system_stm32c0xx.o
 .debug_rnglists
                0x00000260       0xbc ./Drivers/STM32C0xx_HAL_Driver/stm32c0xx_hal.o
 .debug_rnglists
                0x0000031c       0xaa ./Drivers/STM32C0xx_HAL_Driver/stm32c0xx_hal_cortex.o
 .debug_rnglists
                0x000003c6       0x47 ./Drivers/STM32C0xx_HAL_Driver/stm32c0xx_hal_exti.o
 .debug_rnglists
                0x0000040d      0x18d ./Drivers/STM32C0xx_HAL_Driver/stm32c0xx_hal_fdcan.o
 .debug_rnglists
                0x0000059a       0x4b ./Drivers/STM32C0xx_HAL_Driver/stm32c0xx_hal_gpio.o
 .debug_rnglists
                0x000005e5       0x78 ./Drivers/STM32C0xx_HAL_Driver/stm32c0xx_hal_rcc.o
 .debug_rnglists
                0x0000065d       0x2e ./Drivers/STM32C0xx_HAL_Driver/stm32c0xx_hal_rcc_ex.o
 .debug_rnglists
                0x0000068b      0x1fb ./Drivers/STM32C0xx_HAL_Driver/stm32c0xx_hal_uart.o

.debug_macro    0x00000000    0x18e7d
 .debug_macro   0x00000000      0x384 ./Application/User/main.o
 .debug_macro   0x00000384      0xab4 ./Application/User/main.o
 .debug_macro   0x00000e38       0x2e ./Application/User/main.o
 .debug_macro   0x00000e66       0x28 ./Application/User/main.o
 .debug_macro   0x00000e8e       0x22 ./Application/User/main.o
 .debug_macro   0x00000eb0       0x8e ./Application/User/main.o
 .debug_macro   0x00000f3e       0x51 ./Application/User/main.o
 .debug_macro   0x00000f8f      0x103 ./Application/User/main.o
 .debug_macro   0x00001092       0x6a ./Application/User/main.o
 .debug_macro   0x000010fc      0x1df ./Application/User/main.o
 .debug_macro   0x000012db       0x1c ./Application/User/main.o
 .debug_macro   0x000012f7       0x22 ./Application/User/main.o
 .debug_macro   0x00001319       0xd1 ./Application/User/main.o
 .debug_macro   0x000013ea      0x4da ./Application/User/main.o
 .debug_macro   0x000018c4      0x11f ./Application/User/main.o
 .debug_macro   0x000019e3     0xab92 ./Application/User/main.o
 .debug_macro   0x0000c575       0x6d ./Application/User/main.o
 .debug_macro   0x0000c5e2      0x1c8 ./Application/User/main.o
 .debug_macro   0x0000c7aa       0xfb ./Application/User/main.o
 .debug_macro   0x0000c8a5     0x3440 ./Application/User/main.o
 .debug_macro   0x0000fce5      0x190 ./Application/User/main.o
 .debug_macro   0x0000fe75       0x5b ./Application/User/main.o
 .debug_macro   0x0000fed0      0x3f9 ./Application/User/main.o
 .debug_macro   0x000102c9      0xd8c ./Application/User/main.o
 .debug_macro   0x00011055      0x176 ./Application/User/main.o
 .debug_macro   0x000111cb      0x15f ./Application/User/main.o
 .debug_macro   0x0001132a      0x253 ./Application/User/main.o
 .debug_macro   0x0001157d      0x352 ./Application/User/main.o
 .debug_macro   0x000118cf      0x18b ./Application/User/main.o
 .debug_macro   0x00011a5a       0x43 ./Application/User/main.o
 .debug_macro   0x00011a9d      0x1f1 ./Application/User/main.o
 .debug_macro   0x00011c8e      0x924 ./Application/User/main.o
 .debug_macro   0x000125b2      0x5e5 ./Application/User/main.o
 .debug_macro   0x00012b97       0x2e ./Application/User/main.o
 .debug_macro   0x00012bc5      0x1b1 ./Application/User/main.o
 .debug_macro   0x00012d76      0x37c ./Application/User/main.o
 .debug_macro   0x000130f2       0x28 ./Application/User/main.o
 .debug_macro   0x0001311a       0xb3 ./Application/User/main.o
 .debug_macro   0x000131cd      0x22c ./Application/User/main.o
 .debug_macro   0x000133f9       0x67 ./Application/User/main.o
 .debug_macro   0x00013460       0xa5 ./Application/User/main.o
 .debug_macro   0x00013505      0x11d ./Application/User/main.o
 .debug_macro   0x00013622       0xf6 ./Application/User/main.o
 .debug_macro   0x00013718      0xaa6 ./Application/User/main.o
 .debug_macro   0x000141be      0x11b ./Application/User/main.o
 .debug_macro   0x000142d9      0x67e ./Application/User/main.o
 .debug_macro   0x00014957       0xa6 ./Application/User/main.o
 .debug_macro   0x000149fd      0x6bd ./Application/User/main.o
 .debug_macro   0x000150ba      0x464 ./Application/User/main.o
 .debug_macro   0x0001551e       0x22 ./Application/User/main.o
 .debug_macro   0x00015540       0x52 ./Application/User/main.o
 .debug_macro   0x00015592       0x61 ./Application/User/main.o
 .debug_macro   0x000155f3       0x24 ./Application/User/main.o
 .debug_macro   0x00015617       0x43 ./Application/User/main.o
 .debug_macro   0x0001565a       0x34 ./Application/User/main.o
 .debug_macro   0x0001568e       0x16 ./Application/User/main.o
 .debug_macro   0x000156a4       0x3c ./Application/User/main.o
 .debug_macro   0x000156e0      0x364 ./Application/User/main.o
 .debug_macro   0x00015a44       0x10 ./Application/User/main.o
 .debug_macro   0x00015a54       0x16 ./Application/User/main.o
 .debug_macro   0x00015a6a       0x4a ./Application/User/main.o
 .debug_macro   0x00015ab4       0x34 ./Application/User/main.o
 .debug_macro   0x00015ae8       0x10 ./Application/User/main.o
 .debug_macro   0x00015af8       0x58 ./Application/User/main.o
 .debug_macro   0x00015b50       0x8e ./Application/User/main.o
 .debug_macro   0x00015bde       0x1c ./Application/User/main.o
 .debug_macro   0x00015bfa      0x17e ./Application/User/main.o
 .debug_macro   0x00015d78       0x16 ./Application/User/main.o
 .debug_macro   0x00015d8e       0x16 ./Application/User/main.o
 .debug_macro   0x00015da4      0x146 ./Application/User/main.o
 .debug_macro   0x00015eea      0x10e ./Application/User/main.o
 .debug_macro   0x00015ff8       0x16 ./Application/User/main.o
 .debug_macro   0x0001600e       0x20 ./Application/User/main.o
 .debug_macro   0x0001602e      0x31e ./Application/User/stm32c0xx_hal_msp.o
 .debug_macro   0x0001634c      0x328 ./Application/User/stm32c0xx_it.o
 .debug_macro   0x00016674      0x274 ./Application/User/syscalls.o
 .debug_macro   0x000168e8       0x5b ./Application/User/syscalls.o
 .debug_macro   0x00016943       0x94 ./Application/User/syscalls.o
 .debug_macro   0x000169d7       0x57 ./Application/User/syscalls.o
 .debug_macro   0x00016a2e       0x10 ./Application/User/syscalls.o
 .debug_macro   0x00016a3e       0x10 ./Application/User/syscalls.o
 .debug_macro   0x00016a4e       0x10 ./Application/User/syscalls.o
 .debug_macro   0x00016a5e       0x10 ./Application/User/syscalls.o
 .debug_macro   0x00016a6e       0x1c ./Application/User/syscalls.o
 .debug_macro   0x00016a8a       0x52 ./Application/User/syscalls.o
 .debug_macro   0x00016adc       0x22 ./Application/User/syscalls.o
 .debug_macro   0x00016afe       0x10 ./Application/User/syscalls.o
 .debug_macro   0x00016b0e       0x52 ./Application/User/syscalls.o
 .debug_macro   0x00016b60       0xcf ./Application/User/syscalls.o
 .debug_macro   0x00016c2f       0x1c ./Application/User/syscalls.o
 .debug_macro   0x00016c4b       0x3d ./Application/User/syscalls.o
 .debug_macro   0x00016c88       0x35 ./Application/User/syscalls.o
 .debug_macro   0x00016cbd      0x12c ./Application/User/syscalls.o
 .debug_macro   0x00016de9       0x16 ./Application/User/syscalls.o
 .debug_macro   0x00016dff       0x16 ./Application/User/syscalls.o
 .debug_macro   0x00016e15       0x29 ./Application/User/syscalls.o
 .debug_macro   0x00016e3e       0x10 ./Application/User/syscalls.o
 .debug_macro   0x00016e4e      0x242 ./Application/User/syscalls.o
 .debug_macro   0x00017090       0x1c ./Application/User/syscalls.o
 .debug_macro   0x000170ac       0x10 ./Application/User/syscalls.o
 .debug_macro   0x000170bc      0x18a ./Application/User/syscalls.o
 .debug_macro   0x00017246       0x16 ./Application/User/syscalls.o
 .debug_macro   0x0001725c       0xce ./Application/User/syscalls.o
 .debug_macro   0x0001732a      0x112 ./Application/User/sysmem.o
 .debug_macro   0x0001743c      0x23c ./Application/User/sysmem.o
 .debug_macro   0x00017678      0x320 ./Drivers/BSP/STM32C0xx_Nucleo/stm32c0xx_nucleo.o
 .debug_macro   0x00017998       0x1c ./Drivers/BSP/STM32C0xx_Nucleo/stm32c0xx_nucleo.o
 .debug_macro   0x000179b4      0x221 ./Drivers/CMSIS/system_stm32c0xx.o
 .debug_macro   0x00017bd5      0x239 ./Drivers/STM32C0xx_HAL_Driver/stm32c0xx_hal.o
 .debug_macro   0x00017e0e      0x21b ./Drivers/STM32C0xx_HAL_Driver/stm32c0xx_hal_cortex.o
 .debug_macro   0x00018029      0x227 ./Drivers/STM32C0xx_HAL_Driver/stm32c0xx_hal_exti.o
 .debug_macro   0x00018250      0x32d ./Drivers/STM32C0xx_HAL_Driver/stm32c0xx_hal_fdcan.o
 .debug_macro   0x0001857d      0x250 ./Drivers/STM32C0xx_HAL_Driver/stm32c0xx_hal_gpio.o
 .debug_macro   0x000187cd      0x24b ./Drivers/STM32C0xx_HAL_Driver/stm32c0xx_hal_rcc.o
 .debug_macro   0x00018a18      0x22d ./Drivers/STM32C0xx_HAL_Driver/stm32c0xx_hal_rcc_ex.o
 .debug_macro   0x00018c45      0x238 ./Drivers/STM32C0xx_HAL_Driver/stm32c0xx_hal_uart.o

.comment        0x00000000       0x43
 .comment       0x00000000       0x43 ./Application/User/main.o
                                 0x44 (size before relaxing)
 .comment       0x00000043       0x44 ./Application/User/stm32c0xx_hal_msp.o
 .comment       0x00000043       0x44 ./Application/User/stm32c0xx_it.o
 .comment       0x00000043       0x44 ./Application/User/syscalls.o
 .comment       0x00000043       0x44 ./Application/User/sysmem.o
 .comment       0x00000043       0x44 ./Drivers/BSP/STM32C0xx_Nucleo/stm32c0xx_nucleo.o
 .comment       0x00000043       0x44 ./Drivers/CMSIS/system_stm32c0xx.o
 .comment       0x00000043       0x44 ./Drivers/STM32C0xx_HAL_Driver/stm32c0xx_hal.o
 .comment       0x00000043       0x44 ./Drivers/STM32C0xx_HAL_Driver/stm32c0xx_hal_cortex.o
 .comment       0x00000043       0x44 ./Drivers/STM32C0xx_HAL_Driver/stm32c0xx_hal_exti.o
 .comment       0x00000043       0x44 ./Drivers/STM32C0xx_HAL_Driver/stm32c0xx_hal_fdcan.o
 .comment       0x00000043       0x44 ./Drivers/STM32C0xx_HAL_Driver/stm32c0xx_hal_gpio.o
 .comment       0x00000043       0x44 ./Drivers/STM32C0xx_HAL_Driver/stm32c0xx_hal_rcc.o
 .comment       0x00000043       0x44 ./Drivers/STM32C0xx_HAL_Driver/stm32c0xx_hal_rcc_ex.o
 .comment       0x00000043       0x44 ./Drivers/STM32C0xx_HAL_Driver/stm32c0xx_hal_uart.o

.debug_frame    0x00000000     0x2ed0
 .debug_frame   0x00000000      0x260 ./Application/User/main.o
 .debug_frame   0x00000260      0x150 ./Application/User/stm32c0xx_hal_msp.o
 .debug_frame   0x000003b0       0xd4 ./Application/User/stm32c0xx_it.o
 .debug_frame   0x00000484      0x244 ./Application/User/syscalls.o
 .debug_frame   0x000006c8       0x30 ./Application/User/sysmem.o
 .debug_frame   0x000006f8      0x2c0 ./Drivers/BSP/STM32C0xx_Nucleo/stm32c0xx_nucleo.o
 .debug_frame   0x000009b8       0x4c ./Drivers/CMSIS/system_stm32c0xx.o
 .debug_frame   0x00000a04      0x368 ./Drivers/STM32C0xx_HAL_Driver/stm32c0xx_hal.o
 .debug_frame   0x00000d6c      0x33c ./Drivers/STM32C0xx_HAL_Driver/stm32c0xx_hal_cortex.o
 .debug_frame   0x000010a8      0x130 ./Drivers/STM32C0xx_HAL_Driver/stm32c0xx_hal_exti.o
 .debug_frame   0x000011d8      0x7d0 ./Drivers/STM32C0xx_HAL_Driver/stm32c0xx_hal_fdcan.o
 .debug_frame   0x000019a8      0x150 ./Drivers/STM32C0xx_HAL_Driver/stm32c0xx_hal_gpio.o
 .debug_frame   0x00001af8      0x214 ./Drivers/STM32C0xx_HAL_Driver/stm32c0xx_hal_rcc.o
 .debug_frame   0x00001d0c       0xac ./Drivers/STM32C0xx_HAL_Driver/stm32c0xx_hal_rcc_ex.o
 .debug_frame   0x00001db8      0x8d4 ./Drivers/STM32C0xx_HAL_Driver/stm32c0xx_hal_uart.o
 .debug_frame   0x0000268c      0x138 /Applications/STM32CubeIDE.app/Contents/Eclipse/plugins/com.st.stm32cube.ide.mcu.externaltools.gnu-tools-for-stm32.14.3.rel1.macosaarch64_1.0.0.202602081740/tools/bin/../lib/gcc/arm-none-eabi/14.3.1/../../../../arm-none-eabi/lib/thumb/v6-m/nofp/libc_nano.a(libc_a-findfp.o)
 .debug_frame   0x000027c4       0x34 /Applications/STM32CubeIDE.app/Contents/Eclipse/plugins/com.st.stm32cube.ide.mcu.externaltools.gnu-tools-for-stm32.14.3.rel1.macosaarch64_1.0.0.202602081740/tools/bin/../lib/gcc/arm-none-eabi/14.3.1/../../../../arm-none-eabi/lib/thumb/v6-m/nofp/libc_nano.a(libc_a-fwalk.o)
 .debug_frame   0x000027f8       0x4c /Applications/STM32CubeIDE.app/Contents/Eclipse/plugins/com.st.stm32cube.ide.mcu.externaltools.gnu-tools-for-stm32.14.3.rel1.macosaarch64_1.0.0.202602081740/tools/bin/../lib/gcc/arm-none-eabi/14.3.1/../../../../arm-none-eabi/lib/thumb/v6-m/nofp/libc_nano.a(libc_a-printf.o)
 .debug_frame   0x00002844       0x44 /Applications/STM32CubeIDE.app/Contents/Eclipse/plugins/com.st.stm32cube.ide.mcu.externaltools.gnu-tools-for-stm32.14.3.rel1.macosaarch64_1.0.0.202602081740/tools/bin/../lib/gcc/arm-none-eabi/14.3.1/../../../../arm-none-eabi/lib/thumb/v6-m/nofp/libc_nano.a(libc_a-puts.o)
 .debug_frame   0x00002888       0x20 /Applications/STM32CubeIDE.app/Contents/Eclipse/plugins/com.st.stm32cube.ide.mcu.externaltools.gnu-tools-for-stm32.14.3.rel1.macosaarch64_1.0.0.202602081740/tools/bin/../lib/gcc/arm-none-eabi/14.3.1/../../../../arm-none-eabi/lib/thumb/v6-m/nofp/libc_nano.a(libc_a-memset.o)
 .debug_frame   0x000028a8       0x20 /Applications/STM32CubeIDE.app/Contents/Eclipse/plugins/com.st.stm32cube.ide.mcu.externaltools.gnu-tools-for-stm32.14.3.rel1.macosaarch64_1.0.0.202602081740/tools/bin/../lib/gcc/arm-none-eabi/14.3.1/../../../../arm-none-eabi/lib/thumb/v6-m/nofp/libc_nano.a(libc_a-errno.o)
 .debug_frame   0x000028c8       0x2c /Applications/STM32CubeIDE.app/Contents/Eclipse/plugins/com.st.stm32cube.ide.mcu.externaltools.gnu-tools-for-stm32.14.3.rel1.macosaarch64_1.0.0.202602081740/tools/bin/../lib/gcc/arm-none-eabi/14.3.1/../../../../arm-none-eabi/lib/thumb/v6-m/nofp/libc_nano.a(libc_a-init.o)
 .debug_frame   0x000028f4       0xb0 /Applications/STM32CubeIDE.app/Contents/Eclipse/plugins/com.st.stm32cube.ide.mcu.externaltools.gnu-tools-for-stm32.14.3.rel1.macosaarch64_1.0.0.202602081740/tools/bin/../lib/gcc/arm-none-eabi/14.3.1/../../../../arm-none-eabi/lib/thumb/v6-m/nofp/libc_nano.a(libc_a-lock.o)
 .debug_frame   0x000029a4       0x9c /Applications/STM32CubeIDE.app/Contents/Eclipse/plugins/com.st.stm32cube.ide.mcu.externaltools.gnu-tools-for-stm32.14.3.rel1.macosaarch64_1.0.0.202602081740/tools/bin/../lib/gcc/arm-none-eabi/14.3.1/../../../../arm-none-eabi/lib/thumb/v6-m/nofp/libc_nano.a(libc_a-nano-vfprintf.o)
 .debug_frame   0x00002a40       0x50 /Applications/STM32CubeIDE.app/Contents/Eclipse/plugins/com.st.stm32cube.ide.mcu.externaltools.gnu-tools-for-stm32.14.3.rel1.macosaarch64_1.0.0.202602081740/tools/bin/../lib/gcc/arm-none-eabi/14.3.1/../../../../arm-none-eabi/lib/thumb/v6-m/nofp/libc_nano.a(libc_a-mallocr.o)
 .debug_frame   0x00002a90       0x54 /Applications/STM32CubeIDE.app/Contents/Eclipse/plugins/com.st.stm32cube.ide.mcu.externaltools.gnu-tools-for-stm32.14.3.rel1.macosaarch64_1.0.0.202602081740/tools/bin/../lib/gcc/arm-none-eabi/14.3.1/../../../../arm-none-eabi/lib/thumb/v6-m/nofp/libc_nano.a(libc_a-nano-vfprintf_i.o)
 .debug_frame   0x00002ae4       0x68 /Applications/STM32CubeIDE.app/Contents/Eclipse/plugins/com.st.stm32cube.ide.mcu.externaltools.gnu-tools-for-stm32.14.3.rel1.macosaarch64_1.0.0.202602081740/tools/bin/../lib/gcc/arm-none-eabi/14.3.1/../../../../arm-none-eabi/lib/thumb/v6-m/nofp/libc_nano.a(libc_a-fflush.o)
 .debug_frame   0x00002b4c       0x40 /Applications/STM32CubeIDE.app/Contents/Eclipse/plugins/com.st.stm32cube.ide.mcu.externaltools.gnu-tools-for-stm32.14.3.rel1.macosaarch64_1.0.0.202602081740/tools/bin/../lib/gcc/arm-none-eabi/14.3.1/../../../../arm-none-eabi/lib/thumb/v6-m/nofp/libc_nano.a(libc_a-mlock.o)
 .debug_frame   0x00002b8c       0x90 /Applications/STM32CubeIDE.app/Contents/Eclipse/plugins/com.st.stm32cube.ide.mcu.externaltools.gnu-tools-for-stm32.14.3.rel1.macosaarch64_1.0.0.202602081740/tools/bin/../lib/gcc/arm-none-eabi/14.3.1/../../../../arm-none-eabi/lib/thumb/v6-m/nofp/libc_nano.a(libc_a-stdio.o)
 .debug_frame   0x00002c1c       0x48 /Applications/STM32CubeIDE.app/Contents/Eclipse/plugins/com.st.stm32cube.ide.mcu.externaltools.gnu-tools-for-stm32.14.3.rel1.macosaarch64_1.0.0.202602081740/tools/bin/../lib/gcc/arm-none-eabi/14.3.1/../../../../arm-none-eabi/lib/thumb/v6-m/nofp/libc_nano.a(libc_a-wbuf.o)
 .debug_frame   0x00002c64       0x2c /Applications/STM32CubeIDE.app/Contents/Eclipse/plugins/com.st.stm32cube.ide.mcu.externaltools.gnu-tools-for-stm32.14.3.rel1.macosaarch64_1.0.0.202602081740/tools/bin/../lib/gcc/arm-none-eabi/14.3.1/../../../../arm-none-eabi/lib/thumb/v6-m/nofp/libc_nano.a(libc_a-wsetup.o)
 .debug_frame   0x00002c90       0x54 /Applications/STM32CubeIDE.app/Contents/Eclipse/plugins/com.st.stm32cube.ide.mcu.externaltools.gnu-tools-for-stm32.14.3.rel1.macosaarch64_1.0.0.202602081740/tools/bin/../lib/gcc/arm-none-eabi/14.3.1/../../../../arm-none-eabi/lib/thumb/v6-m/nofp/libc_nano.a(libc_a-makebuf.o)
 .debug_frame   0x00002ce4       0x2c /Applications/STM32CubeIDE.app/Contents/Eclipse/plugins/com.st.stm32cube.ide.mcu.externaltools.gnu-tools-for-stm32.14.3.rel1.macosaarch64_1.0.0.202602081740/tools/bin/../lib/gcc/arm-none-eabi/14.3.1/../../../../arm-none-eabi/lib/thumb/v6-m/nofp/libc_nano.a(libc_a-isattyr.o)
 .debug_frame   0x00002d10       0x2c /Applications/STM32CubeIDE.app/Contents/Eclipse/plugins/com.st.stm32cube.ide.mcu.externaltools.gnu-tools-for-stm32.14.3.rel1.macosaarch64_1.0.0.202602081740/tools/bin/../lib/gcc/arm-none-eabi/14.3.1/../../../../arm-none-eabi/lib/thumb/v6-m/nofp/libc_nano.a(libc_a-lseekr.o)
 .debug_frame   0x00002d3c       0x2c /Applications/STM32CubeIDE.app/Contents/Eclipse/plugins/com.st.stm32cube.ide.mcu.externaltools.gnu-tools-for-stm32.14.3.rel1.macosaarch64_1.0.0.202602081740/tools/bin/../lib/gcc/arm-none-eabi/14.3.1/../../../../arm-none-eabi/lib/thumb/v6-m/nofp/libc_nano.a(libc_a-readr.o)
 .debug_frame   0x00002d68       0x2c /Applications/STM32CubeIDE.app/Contents/Eclipse/plugins/com.st.stm32cube.ide.mcu.externaltools.gnu-tools-for-stm32.14.3.rel1.macosaarch64_1.0.0.202602081740/tools/bin/../lib/gcc/arm-none-eabi/14.3.1/../../../../arm-none-eabi/lib/thumb/v6-m/nofp/libc_nano.a(libc_a-sbrkr.o)
 .debug_frame   0x00002d94       0x2c /Applications/STM32CubeIDE.app/Contents/Eclipse/plugins/com.st.stm32cube.ide.mcu.externaltools.gnu-tools-for-stm32.14.3.rel1.macosaarch64_1.0.0.202602081740/tools/bin/../lib/gcc/arm-none-eabi/14.3.1/../../../../arm-none-eabi/lib/thumb/v6-m/nofp/libc_nano.a(libc_a-writer.o)
 .debug_frame   0x00002dc0       0x2c /Applications/STM32CubeIDE.app/Contents/Eclipse/plugins/com.st.stm32cube.ide.mcu.externaltools.gnu-tools-for-stm32.14.3.rel1.macosaarch64_1.0.0.202602081740/tools/bin/../lib/gcc/arm-none-eabi/14.3.1/../../../../arm-none-eabi/lib/thumb/v6-m/nofp/libc_nano.a(libc_a-closer.o)
 .debug_frame   0x00002dec       0x2c /Applications/STM32CubeIDE.app/Contents/Eclipse/plugins/com.st.stm32cube.ide.mcu.externaltools.gnu-tools-for-stm32.14.3.rel1.macosaarch64_1.0.0.202602081740/tools/bin/../lib/gcc/arm-none-eabi/14.3.1/../../../../arm-none-eabi/lib/thumb/v6-m/nofp/libc_nano.a(libc_a-reent.o)
 .debug_frame   0x00002e18       0x2c /Applications/STM32CubeIDE.app/Contents/Eclipse/plugins/com.st.stm32cube.ide.mcu.externaltools.gnu-tools-for-stm32.14.3.rel1.macosaarch64_1.0.0.202602081740/tools/bin/../lib/gcc/arm-none-eabi/14.3.1/../../../../arm-none-eabi/lib/thumb/v6-m/nofp/libc_nano.a(libc_a-fstatr.o)
 .debug_frame   0x00002e44       0x20 /Applications/STM32CubeIDE.app/Contents/Eclipse/plugins/com.st.stm32cube.ide.mcu.externaltools.gnu-tools-for-stm32.14.3.rel1.macosaarch64_1.0.0.202602081740/tools/bin/../lib/gcc/arm-none-eabi/14.3.1/../../../../arm-none-eabi/lib/thumb/v6-m/nofp/libc_nano.a(libc_a-memchr-stub.o)